******************************************************************************
            TI ARM Clang Linker PC v4.0.4                      
******************************************************************************
>> Linked Tue Jul 28 17:15:40 2026

OUTPUT FILE NAME:   <PID_CAR.out>
ENTRY POINT SYMBOL: "_c_int00_noargs"  address: 00007c95


MEMORY CONFIGURATION

         name            origin    length      used     unused   attr    fill
----------------------  --------  ---------  --------  --------  ----  --------
  FLASH                 00000000   00020000  0000ae38  000151c8  R  X
  SRAM                  20200000   00008000  00001451  00006baf  RW X
  BCR_CONFIG            41c00000   000000ff  00000000  000000ff  R   
  BSL_CONFIG            41c00100   00000080  00000000  00000080  R   


SEGMENT ALLOCATION MAP

run origin  load origin   length   init length attrs members
----------  ----------- ---------- ----------- ----- -------
00000000    00000000    0000ae38   0000ae38    r-x
  00000000    00000000    000000c0   000000c0    r-- .intvecs
  000000c0    000000c0    000085c0   000085c0    r-x .text
  00008680    00008680    00002710   00002710    r-- .rodata
  0000ad90    0000ad90    000000a8   000000a8    r-- .cinit
20200000    20200000    00001251   00000000    rw-
  20200000    20200000    00000800   00000000    rw- .sysmem
  20200800    20200800    000007a8   00000000    rw- .bss
  20200fa8    20200fa8    000002a9   00000000    rw- .data
20207e00    20207e00    00000200   00000000    rw-
  20207e00    20207e00    00000200   00000000    rw- .stack


SECTION ALLOCATION MAP

 output                                  attributes/
section   page    origin      length       input sections
--------  ----  ----------  ----------   ----------------
.intvecs   0    00000000    000000c0     
                  00000000    000000c0     startup_mspm0g350x_ticlang.o (.intvecs)

.text      0    000000c0    000085c0     
                  000000c0    000009d0     libc.a : _printfi.c.obj (.text:__TI_printfi)
                  00000a90    00000364            : e_asin.c.obj (.text.asin)
                  00000df4    000002f8            : s_atan.c.obj (.text.atan)
                  000010ec    00000278     inv_mpu_dmp_motion_driver.o (.text.dmp_enable_feature)
                  00001364    00000238     inv_mpu_dmp_motion_driver.o (.text.dmp_set_tap_thresh)
                  0000159c    0000022c     inv_mpu.o (.text.mpu_reset_fifo)
                  000017c8    00000228     ti_msp_dl_config.o (.text.SYSCFG_DL_GPIO_init)
                  000019f0    00000220     libc.a : _printfi.c.obj (.text._pconv_a)
                  00001c10    00000214     inv_mpu.o (.text.mpu_init)
                  00001e24    000001f8     mpu_port.o (.text.DMP_Read_Data)
                  0000201c    000001f4     inv_mpu_dmp_motion_driver.o (.text.dmp_read_fifo)
                  00002210    000001ec     main.o (.text.main)
                  000023fc    000001dc     libc.a : _printfi.c.obj (.text._pconv_g)
                  000025d8    000001a0     inv_mpu.o (.text.mpu_set_bypass)
                  00002778    0000019c     motor.o (.text.DC_MOTOR_PID)
                  00002914    00000192     libclang_rt.builtins.a : adddf3.S.obj (.text.adddf3_subdf3)
                  00002aa6    00000002                            : aeabi_div0.c.obj (.text.__aeabi_idiv0)
                  00002aa8    00000190     mpu_port.o (.text.MPU_Read_Len)
                  00002c38    00000188     libc.a : e_atan2.c.obj (.text.atan2)
                  00002dc0    00000178     inv_mpu_dmp_motion_driver.o (.text.dmp_set_orientation)
                  00002f38    00000170     libc.a : e_sqrt.c.obj (.text.sqrt)
                  000030a8    00000158     oled.o (.text.OLED_ShowChar)
                  00003200    00000158     motor.o (.text.calculate_speed)
                  00003358    0000013c     libc.a : _printfi.c.obj (.text.fcvt)
                  00003494    00000130     inv_mpu.o (.text.mpu_set_sensors)
                  000035c4    00000124     inv_mpu.o (.text.mpu_load_firmware)
                  000036e8    00000120     libc.a : _printfi.c.obj (.text._pconv_e)
                  00003808    0000011c     mpu_port.o (.text.MPU_Write_Len)
                  00003924    00000114     libc.a : memory.c.obj (.text.aligned_alloc)
                  00003a38    00000110     inv_mpu.o (.text.mpu_lp_accel_mode)
                  00003b48    0000010c     libclang_rt.builtins.a : divdf3.S.obj (.text.__divdf3)
                  00003c54    00000108     pid.o (.text.line_pid_update)
                  00003d5c    00000108     inv_mpu.o (.text.mpu_read_fifo_stream)
                  00003e64    00000104     driverlib.a : dl_timer.o (.text.DL_Timer_initFourCCPWMMode)
                  00003f68    00000100     motor.o (.text.motor_set_direction)
                  00004068    000000fc     driverlib.a : dl_timer.o (.text.DL_Timer_initTimerMode)
                  00004164    000000f8     oled.o (.text.OLED_Init)
                  0000425c    000000f8     oled.o (.text.OLED_WR_Byte)
                  00004354    000000f8     libc.a : fputs.c.obj (.text.fputs)
                  0000444c    000000ec     inv_mpu.o (.text.mpu_set_sample_rate)
                  00004538    000000e8     ti_msp_dl_config.o (.text.SYSCFG_DL_SYSCTL_SYSPLL_init)
                  00004620    000000e8     libc.a : memory.c.obj (.text.free)
                  00004708    000000e4     libclang_rt.builtins.a : muldf3.S.obj (.text.__muldf3)
                  000047ec    000000e4     inv_mpu.o (.text.mpu_set_accel_fsr)
                  000048d0    000000e0     libc.a : setvbuf.c.obj (.text.setvbuf)
                  000049b0    000000dc     driverlib.a : dl_sysctl_mspm0g1x0x_g3x0x.o (.text.DL_SYSCTL_configSYSPLL)
                  00004a8c    000000d8     libc.a : s_scalbn.c.obj (.text.scalbn)
                  00004b64    000000d8     libclang_rt.builtins.a : addsf3.S.obj (.text)
                  00004c3c    000000d4     inv_mpu.o (.text.set_int_enable)
                  00004d10    000000d0     inv_mpu.o (.text.mpu_set_lpf)
                  00004de0    000000c4     inv_mpu.o (.text.mpu_set_gyro_fsr)
                  00004ea4    000000bc     inv_mpu.o (.text.mpu_configure_fifo)
                  00004f60    000000b8     inv_mpu.o (.text.mpu_set_dmp_state)
                  00005018    000000b4     huidu.o (.text.huidu_get_value)
                  000050cc    000000ac     inv_mpu.o (.text.mpu_read_mem)
                  00005178    000000ac     inv_mpu.o (.text.mpu_write_mem)
                  00005224    000000a2     libclang_rt.builtins.a : udivmoddi4.S.obj (.text)
                  000052c6    00000002                            : aeabi_div0.c.obj (.text.__aeabi_ldiv0)
                  000052c8    000000a0     mpu_port.o (.text.DMP_Init)
                  00005368    000000a0     ti_msp_dl_config.o (.text.SYSCFG_DL_initPower)
                  00005408    000000a0     motor.o (.text.motor_init)
                  000054a8    0000009c     libc.a : fputc.c.obj (.text.fputc)
                  00005544    0000009c     pid.o (.text.line_pid_calculate)
                  000055e0    0000009c     inv_mpu.o (.text.mpu_set_int_latched)
                  0000567c    00000098     oled.o (.text.OLED_ShowString)
                  00005714    00000098     inv_mpu_dmp_motion_driver.o (.text.dmp_set_fifo_rate)
                  000057ac    00000098     pid.o (.text.line_handle_lost)
                  00005844    00000096     mpu_port.o (.text.inv_row_2_scale)
                  000058da    00000002     libc.a : _lock.c.obj (.text._nop)
                  000058dc    0000008c     ti_msp_dl_config.o (.text.SYSCFG_DL_PWMAB_init)
                  00005968    0000008c     libclang_rt.builtins.a : mulsf3.S.obj (.text.__mulsf3)
                  000059f4    0000008c     inv_mpu_dmp_motion_driver.o (.text.decode_gesture)
                  00005a80    00000088     libc.a : strcmp-armv6m.S.obj (.text:strcmp)
                  00005b08    00000084     ti_msp_dl_config.o (.text.__NVIC_SetPriority)
                  00005b8c    00000082     libclang_rt.builtins.a : divsf3.S.obj (.text.__divsf3)
                  00005c0e    00000002     --HOLE-- [fill = 0]
                  00005c10    0000007c     oled.o (.text.OLED_Refresh)
                  00005c8c    0000007c     libc.a : fclose.c.obj (.text.__TI_closefile)
                  00005d08    0000007c            : copy_decompress_lzss.c.obj (.text:decompress:lzss)
                  00005d84    00000074     ti_msp_dl_config.o (.text.SYSCFG_DL_SYSCTL_init)
                  00005df8    00000074     libclang_rt.builtins.a : comparedf2.c.obj (.text.__gedf2)
                  00005e6c    00000004     startup_mspm0g350x_ticlang.o (.text.Default_Handler)
                  00005e70    00000074     libclang_rt.builtins.a : truncdfsf2.S.obj (.text.__truncdfsf2)
                  00005ee4    00000074     inv_mpu.o (.text.mpu_get_accel_fsr)
                  00005f58    0000006c     libsysbm.a : hostlseek.c.obj (.text.HOSTlseek)
                  00005fc4    0000006c                : hostrename.c.obj (.text.HOSTrename)
                  00006030    0000006c     oled.o (.text.OLED_I2C_WaitForIdle)
                  0000609c    0000006c     ti_msp_dl_config.o (.text.SYSCFG_DL_SERVO_init)
                  00006108    0000006c     libc.a : fseek.c.obj (.text.fseeko)
                  00006174    0000006c            : getdevice.c.obj (.text.getdevice)
                  000061e0    0000006c     pid.o (.text.line_calculate_base_speed)
                  0000624c    0000006c     pid.o (.text.line_calculate_error)
                  000062b8    00000068     libclang_rt.builtins.a : comparedf2.c.obj (.text.__ledf2)
                  00006320    00000066     libc.a : _printfi.c.obj (.text._mcpy)
                  00006386    00000066     inv_mpu_dmp_motion_driver.o (.text.dmp_set_tap_axes)
                  000063ec    00000064     driverlib.a : dl_sysctl_mspm0g1x0x_g3x0x.o (.text.DL_SYSCTL_setHFCLKSourceHFXTParams)
                  00006450    00000064     oled.o (.text.OLED_ClearPoint)
                  000064b4    00000064     libc.a : _io_perm.c.obj (.text.__TI_wrt_ok)
                  00006518    00000064            : memory.c.obj (.text.split)
                  0000657c    00000062     libclang_rt.builtins.a : aeabi_dcmp.S.obj (.text.__aeabi_dcmp)
                  000065de    00000002     --HOLE-- [fill = 0]
                  000065e0    00000062                            : aeabi_fcmp.S.obj (.text.__aeabi_fcmp)
                  00006642    00000002     --HOLE-- [fill = 0]
                  00006644    00000060     libsysbm.a : hostopen.c.obj (.text.HOSTopen)
                  000066a4    00000060     oled.o (.text.OLED_Clear)
                  00006704    00000060     ti_msp_dl_config.o (.text.SYSCFG_DL_MPU6050_init)
                  00006764    00000060     ti_msp_dl_config.o (.text.SYSCFG_DL_OLED_init)
                  000067c4    00000060     inv_mpu_dmp_motion_driver.o (.text.dmp_enable_gyro_cal)
                  00006824    0000005e     driverlib.a : dl_i2c.o (.text.DL_I2C_fillControllerTXFIFO)
                  00006882    00000002     --HOLE-- [fill = 0]
                  00006884    0000005c     libc.a : s_frexp.c.obj (.text.frexp)
                  000068e0    0000005c            : printf.c.obj (.text.printf)
                  0000693c    00000058     libsysbm.a : hostread.c.obj (.text.HOSTread)
                  00006994    00000058                : hostwrite.c.obj (.text.HOSTwrite)
                  000069ec    00000058     libc.a : _ltoa.c.obj (.text.__TI_ltoa)
                  00006a44    00000058            : _printfi.c.obj (.text._pconv_f)
                  00006a9c    00000056     libclang_rt.builtins.a : aeabi_idivmod.S.obj (.text.__aeabi_idivmod)
                  00006af2    00000052     libc.a : fflush.c.obj (.text.__TI_doflush)
                  00006b44    00000052            : _printfi.c.obj (.text._ecpy)
                  00006b96    00000002     --HOLE-- [fill = 0]
                  00006b98    00000050     ti_msp_dl_config.o (.text.DL_GPIO_initPeripheralInputFunctionFeatures)
                  00006be8    00000050     mpu_port.o (.text.DL_I2C_startControllerTransfer)
                  00006c38    00000050     oled.o (.text.DL_I2C_startControllerTransfer)
                  00006c88    00000050     ti_msp_dl_config.o (.text.SysTick_Config)
                  00006cd8    00000050     libsysbm.a : close.c.obj (.text.close)
                  00006d28    00000050     pid.o (.text.line_pid_init)
                  00006d78    0000004c     ti_msp_dl_config.o (.text.DL_GPIO_initDigitalInputFeatures)
                  00006dc4    0000004c     ti_msp_dl_config.o (.text.DL_UART_setBaudRateDivisor)
                  00006e10    0000004c     pid.o (.text.line_handle_finish)
                  00006e5c    0000004c     motor.o (.text.motor_set_duty)
                  00006ea8    0000004a     libclang_rt.builtins.a : fixdfsi.S.obj (.text.__fixdfsi)
                  00006ef2    00000002     --HOLE-- [fill = 0]
                  00006ef4    00000048     driverlib.a : dl_uart.o (.text.DL_UART_init)
                  00006f3c    00000048     libsysbm.a : hostclose.c.obj (.text.HOSTclose)
                  00006f84    00000048                : hostunlink.c.obj (.text.HOSTunlink)
                  00006fcc    00000048     oled.o (.text.OLED_DisplayTurn)
                  00007014    00000048     oled.o (.text.OLED_DrawPoint)
                  0000705c    00000048     ti_msp_dl_config.o (.text.SYSCFG_DL_DEBUG_init)
                  000070a4    00000048     inv_mpu_dmp_motion_driver.o (.text.dmp_enable_6x_lp_quat)
                  000070ec    00000048     inv_mpu_dmp_motion_driver.o (.text.dmp_enable_lp_quat)
                  00007134    00000048     pid.o (.text.line_get_black_count)
                  0000717c    00000044     driverlib.a : dl_sysctl_mspm0g1x0x_g3x0x.o (.text.DL_SYSCTL_switchMCLKfromSYSOSCtoHSCLK)
                  000071c0    00000044     key.o (.text.GROUP1_IRQHandler)
                  00007204    00000044     ti_msp_dl_config.o (.text.SYSCFG_DL_init)
                  00007248    00000044     inv_mpu_dmp_motion_driver.o (.text.dmp_set_shake_reject_thresh)
                  0000728c    00000044     inv_mpu_dmp_motion_driver.o (.text.dmp_set_tap_count)
                  000072d0    00000040     motor.o (.text.TIMA0_IRQHandler)
                  00007310    00000040     libclang_rt.builtins.a : aeabi_uidivmod.S.obj (.text.__aeabi_uidivmod)
                  00007350    00000040                            : extendsfdf2.S.obj (.text.__extendsfdf2)
                  00007390    00000040     libc.a : atoi.c.obj (.text.atoi)
                  000073d0    0000003e     mpu_port.o (.text.inv_orientation_matrix_to_scalar)
                  0000740e    0000003e     pid.o (.text.line_limit_float)
                  0000744c    0000003c     ti_msp_dl_config.o (.text.DL_Timer_setCounterControl)
                  00007488    0000003c     libclang_rt.builtins.a : floatsisf.S.obj (.text.__floatsisf)
                  000074c4    0000003c                            : comparesf2.S.obj (.text.__gtsf2)
                  00007500    0000003c     libc.a : autoinit.c.obj (.text:__TI_auto_init_nobinit_nopinit)
                  0000753c    0000003a     libclang_rt.builtins.a : comparesf2.S.obj (.text.__eqsf2)
                  00007576    00000002     --HOLE-- [fill = 0]
                  00007578    0000003a                            : muldsi3.S.obj (.text.__muldsi3)
                  000075b2    00000002     --HOLE-- [fill = 0]
                  000075b4    00000038     oled.o (.text.OLED_I2C_SetFault)
                  000075ec    00000038     libclang_rt.builtins.a : fixsfsi.S.obj (.text.__fixsfsi)
                  00007624    00000038     pid.o (.text.line_set_target_speed)
                  0000765c    00000038     libc.a : sprintf.c.obj (.text.sprintf)
                  00007694    00000034     oled.o (.text.OLED_ColorTurn)
                  000076c8    00000034     ti_msp_dl_config.o (.text.SYSCFG_DL_MOTOR_PID_init)
                  000076fc    00000034     uart.o (.text.UART0_IRQHandler)
                  00007730    00000034     libc.a : fopen.c.obj (.text.__TI_cleanup)
                  00007764    00000034     libsysbm.a : trgmsg.c.obj (.text.__TI_readmsg)
                  00007798    00000034                : trgmsg.c.obj (.text.__TI_writemsg)
                  000077cc    00000034     libc.a : exit.c.obj (.text.exit)
                  00007800    00000034            : getdevice.c.obj (.text.finddevice)
                  00007834    00000034     huidu.o (.text.huidu_get_gpio_state)
                  00007868    00000032     libclang_rt.builtins.a : fixunssfsi.S.obj (.text.__fixunssfsi)
                  0000789a    00000032     inv_mpu_dmp_motion_driver.o (.text.dmp_set_shake_reject_time)
                  000078cc    00000032     inv_mpu_dmp_motion_driver.o (.text.dmp_set_shake_reject_timeout)
                  000078fe    00000002     --HOLE-- [fill = 0]
                  00007900    00000030     ti_msp_dl_config.o (.text.DL_GPIO_initDigitalOutputFeatures)
                  00007930    00000030     driverlib.a : dl_uart.o (.text.DL_UART_transmitDataBlocking)
                  00007960    00000030     libc.a : _printfi.c.obj (.text._fcpy)
                  00007990    00000030     inv_mpu_dmp_motion_driver.o (.text.dmp_set_tap_time)
                  000079c0    00000030     inv_mpu_dmp_motion_driver.o (.text.dmp_set_tap_time_multi)
                  000079f0    00000030     citie.o (.text.judge_ads)
                  00007a20    00000030     motor.o (.text.limit_duty)
                  00007a50    0000002c     main.o (.text.__NVIC_EnableIRQ)
                  00007a7c    0000002c     motor.o (.text.__NVIC_EnableIRQ)
                  00007aa8    0000002c     libclang_rt.builtins.a : floatsidf.S.obj (.text.__floatsidf)
                  00007ad4    0000002c     libsysbm.a : unlink.c.obj (.text.unlink)
                  00007b00    0000002a     uart.o (.text.UART_send_string)
                  00007b2a    00000028     mpu_port.o (.text.DL_Common_updateReg)
                  00007b52    00000028     oled.o (.text.DL_Common_updateReg)
                  00007b7a    00000028     ti_msp_dl_config.o (.text.DL_Common_updateReg)
                  00007ba2    00000002     --HOLE-- [fill = 0]
                  00007ba4    00000028     ti_msp_dl_config.o (.text.DL_I2C_setControllerRXFIFOThreshold)
                  00007bcc    00000028     ti_msp_dl_config.o (.text.DL_I2C_setControllerTXFIFOThreshold)
                  00007bf4    00000028     libclang_rt.builtins.a : floatunsisf.S.obj (.text.__floatunsisf)
                  00007c1c    00000028     libc.a : memory.c.obj (.text.free_list_insert)
                  00007c44    00000028     libsysbm.a : lseek.c.obj (.text.lseek)
                  00007c6c    00000028                : write.c.obj (.text.write)
                  00007c94    00000028     libc.a : boot_cortex_m.c.obj (.text:_c_int00_noargs)
                  00007cbc    00000026     ti_msp_dl_config.o (.text.DL_I2C_setAnalogGlitchFilterPulseWidth)
                  00007ce2    00000026     driverlib.a : dl_i2c.o (.text.DL_I2C_setClockConfig)
                  00007d08    00000024     ti_msp_dl_config.o (.text.DL_I2C_setDigitalGlitchFilterPulseWidth)
                  00007d2c    00000024     libclang_rt.builtins.a : floatunsidf.S.obj (.text.__floatunsidf)
                  00007d50    00000024                            : muldi3.S.obj (.text.__muldi3)
                  00007d74    00000022     libc.a : memccpy.c.obj (.text.memccpy)
                  00007d96    00000002     --HOLE-- [fill = 0]
                  00007d98    00000020     ti_msp_dl_config.o (.text.DL_GPIO_initPeripheralInputFunction)
                  00007db8    00000020     ti_msp_dl_config.o (.text.DL_SYSCTL_setFlashWaitState)
                  00007dd8    00000020     libc.a : memcmp.c.obj (.text.memcmp)
                  00007df8    00000020     mpu_port.o (.text.mget_ms)
                  00007e18    0000001e     ti_msp_dl_config.o (.text.DL_UART_setOversampling)
                  00007e36    00000002     --HOLE-- [fill = 0]
                  00007e38    0000001e     libclang_rt.builtins.a : ashldi3.S.obj (.text.__ashldi3)
                  00007e56    00000002     --HOLE-- [fill = 0]
                  00007e58    0000001c     ti_msp_dl_config.o (.text.DL_GPIO_clearInterruptStatus)
                  00007e74    0000001c     ti_msp_dl_config.o (.text.DL_GPIO_enableHiZ)
                  00007e90    0000001c     ti_msp_dl_config.o (.text.DL_GPIO_enableInterrupt)
                  00007eac    0000001c     ti_msp_dl_config.o (.text.DL_GPIO_initPeripheralOutputFunction)
                  00007ec8    0000001c     mpu_port.o (.text.DL_I2C_isControllerRXFIFOEmpty)
                  00007ee4    0000001c     mpu_port.o (.text.DL_I2C_isControllerTXFIFOFull)
                  00007f00    0000001c     driverlib.a : dl_sysctl_mspm0g1x0x_g3x0x.o (.text.DL_SYSCTL_configFCC)
                  00007f1c    0000001c     ti_msp_dl_config.o (.text.DL_SYSCTL_setFCCPeriods)
                  00007f38    0000001c     ti_msp_dl_config.o (.text.DL_SYSCTL_setSYSOSCFreq)
                  00007f54    0000001c     ti_msp_dl_config.o (.text.DL_SYSCTL_setULPCLKDivider)
                  00007f70    0000001c     ti_msp_dl_config.o (.text.DL_Timer_enableInterrupt)
                  00007f8c    0000001c     driverlib.a : dl_timer.o (.text.DL_Timer_setCaptCompUpdateMethod)
                  00007fa8    0000001c                 : dl_timer.o (.text.DL_Timer_setClockConfig)
                  00007fc4    0000001c     ti_msp_dl_config.o (.text.DL_UART_enableInterrupt)
                  00007fe0    0000001c     uart.o (.text.UART_send_char)
                  00007ffc    0000001c     delay.o (.text.delay_ms)
                  00008018    0000001c     inv_mpu_dmp_motion_driver.o (.text.dmp_load_motion_driver_firmware)
                  00008034    0000001c     libc.a : memory.c.obj (.text.free_list_remove)
                  00008050    00000018     ti_msp_dl_config.o (.text.DL_GPIO_enableOutput)
                  00008068    00000018     ti_msp_dl_config.o (.text.DL_GPIO_enablePower)
                  00008080    00000018     ti_msp_dl_config.o (.text.DL_GPIO_initDigitalOutput)
                  00008098    00000018     ti_msp_dl_config.o (.text.DL_GPIO_initPeripheralAnalogFunction)
                  000080b0    00000018     ti_msp_dl_config.o (.text.DL_GPIO_reset)
                  000080c8    00000018     citie.o (.text.DL_GPIO_setPins)
                  000080e0    00000018     motor.o (.text.DL_GPIO_setPins)
                  000080f8    00000018     ti_msp_dl_config.o (.text.DL_GPIO_setUpperPinsPolarity)
                  00008110    00000018     ti_msp_dl_config.o (.text.DL_I2C_enableAnalogGlitchFilter)
                  00008128    00000018     ti_msp_dl_config.o (.text.DL_I2C_enableController)
                  00008140    00000018     ti_msp_dl_config.o (.text.DL_I2C_enableControllerClockStretching)
                  00008158    00000018     ti_msp_dl_config.o (.text.DL_I2C_enablePower)
                  00008170    00000018     ti_msp_dl_config.o (.text.DL_I2C_reset)
                  00008188    00000018     ti_msp_dl_config.o (.text.DL_I2C_setTimerPeriod)
                  000081a0    00000018     ti_msp_dl_config.o (.text.DL_SYSCTL_setBORThreshold)
                  000081b8    00000018     ti_msp_dl_config.o (.text.DL_Timer_enablePower)
                  000081d0    00000018     ti_msp_dl_config.o (.text.DL_Timer_reset)
                  000081e8    00000018     driverlib.a : dl_timer.o (.text.DL_Timer_setCaptureCompareOutCtl)
                  00008200    00000018     main.o (.text.DL_Timer_startCounter)
                  00008218    00000018     motor.o (.text.DL_Timer_startCounter)
                  00008230    00000018     ti_msp_dl_config.o (.text.DL_UART_enablePower)
                  00008248    00000018     ti_msp_dl_config.o (.text.DL_UART_reset)
                  00008260    00000018     libc.a : sprintf.c.obj (.text._outs)
                  00008278    00000016     huidu.o (.text.DL_GPIO_readPins)
                  0000828e    00000016     mpu_port.o (.text.DL_I2C_transmitControllerData)
                  000082a4    00000016     ti_msp_dl_config.o (.text.DL_UART_enable)
                  000082ba    00000014     citie.o (.text.DL_GPIO_clearPins)
                  000082ce    00000014     motor.o (.text.DL_GPIO_clearPins)
                  000082e2    00000014     ti_msp_dl_config.o (.text.DL_GPIO_clearPins)
                  000082f6    00000002     --HOLE-- [fill = 0]
                  000082f8    00000014     mpu_port.o (.text.DL_I2C_getControllerStatus)
                  0000830c    00000014     oled.o (.text.DL_I2C_getControllerStatus)
                  00008320    00000014     mpu_port.o (.text.DL_I2C_receiveControllerData)
                  00008334    00000014     oled.o (.text.DL_I2C_resetControllerTransfer)
                  00008348    00000014     ti_msp_dl_config.o (.text.DL_I2C_resetControllerTransfer)
                  0000835c    00000014     ti_msp_dl_config.o (.text.DL_SYSCTL_disableSYSPLL)
                  00008370    00000014     ti_msp_dl_config.o (.text.DL_SYSCTL_enableSYSPLL)
                  00008384    00000014     ti_msp_dl_config.o (.text.DL_Timer_enableClock)
                  00008398    00000014     ti_msp_dl_config.o (.text.DL_Timer_setCCPDirection)
                  000083ac    00000014     uart.o (.text.DL_UART_receiveData)
                  000083c0    00000014     libclang_rt.builtins.a : aeabi_uldivmod.S.obj (.text.__aeabi_uldivmod)
                  000083d4    00000014     libc.a : _printfi.c.obj (.text.strchr)
                  000083e8    00000012     key.o (.text.DL_GPIO_getPendingInterrupt)
                  000083fa    00000012     motor.o (.text.DL_Timer_getPendingInterrupt)
                  0000840c    00000012     uart.o (.text.DL_UART_getPendingInterrupt)
                  0000841e    00000012     driverlib.a : dl_uart.o (.text.DL_UART_setClockConfig)
                  00008430    00000012     libc.a : memcpy16.S.obj (.text:TI_memcpy_small)
                  00008442    00000012            : copy_decompress_none.c.obj (.text:decompress:none)
                  00008454    00000010     ti_msp_dl_config.o (.text.DL_SYSCTL_disableHFXT)
                  00008464    00000010     ti_msp_dl_config.o (.text.DL_SYSCTL_isFCCDone)
                  00008474    00000010     ti_msp_dl_config.o (.text.DL_SYSCTL_startFCC)
                  00008484    00000010     driverlib.a : dl_timer.o (.text.DL_Timer_setCaptureCompareValue)
                  00008494    00000010     ti_msp_dl_config.o (.text.SYSCFG_DL_SYSTICK_init)
                  000084a4    00000010     main.o (.text.SysTick_Handler)
                  000084b4    00000010     libc.a : wcslen.c.obj (.text.wcslen)
                  000084c4    00000010            : copy_zero_init.c.obj (.text:decompress:ZI)
                  000084d4    0000000e            : memory.c.obj (.text.OUTLINED_FUNCTION_0)
                  000084e2    00000002     --HOLE-- [fill = 0]
                  000084e4    0000000e     libclang_rt.builtins.a : aeabi_memset.S.obj (.text.__aeabi_memset)
                  000084f2    0000000e     libsysbm.a : hostrename.c.obj (.text.strcpy)
                  00008500    0000000e     libc.a : _printfi.c.obj (.text.strlen)
                  0000850e    0000000e     libsysbm.a : hostrename.c.obj (.text.strlen)
                  0000851c    0000000e     libc.a : memset16.S.obj (.text:TI_memset_small)
                  0000852a    00000002     --HOLE-- [fill = 0]
                  0000852c    0000000c     ti_msp_dl_config.o (.text.DL_SYSCTL_getClockStatus)
                  00008538    0000000c     ti_msp_dl_config.o (.text.DL_SYSCTL_readFCC)
                  00008544    0000000c     libclang_rt.builtins.a : aeabi_memset.S.obj (.text.__aeabi_memclr)
                  00008550    0000000c     pid.o (.text.line_pid_get_error)
                  0000855c    0000000c     pid.o (.text.line_pid_get_state)
                  00008568    0000000c     libc.a : memory.c.obj (.text.malloc)
                  00008574    0000000a     driverlib.a : dl_common.o (.text.DL_Common_delayCycles)
                  0000857e    0000000a     libc.a : _printfi.c.obj (.text.OUTLINED_FUNCTION_0)
                  00008588    00000010     libclang_rt.builtins.a : adddf3.S.obj (.tramp.__aeabi_dsub.1)
                  00008598    0000000a     libc.a : e_asin.c.obj (.text.OUTLINED_FUNCTION_0)
                  000085a2    00000002     --HOLE-- [fill = 0]
                  000085a4    00000010     libclang_rt.builtins.a : muldf3.S.obj (.tramp.__aeabi_dmul.1)
                  000085b4    0000000a     libc.a : s_atan.c.obj (.text.OUTLINED_FUNCTION_0)
                  000085be    0000000a            : _printfi.c.obj (.text.OUTLINED_FUNCTION_1)
                  000085c8    0000000a            : e_asin.c.obj (.text.OUTLINED_FUNCTION_1)
                  000085d2    0000000a            : e_asin.c.obj (.text.OUTLINED_FUNCTION_3)
                  000085dc    00000010     libclang_rt.builtins.a : divdf3.S.obj (.tramp.__aeabi_ddiv.1)
                  000085ec    0000000a     libc.a : sprintf.c.obj (.text._outc)
                  000085f6    00000008            : s_atan.c.obj (.text.OUTLINED_FUNCTION_2)
                  000085fe    00000002     --HOLE-- [fill = 0]
                  00008600    00000008            : aeabi_portable.c.obj (.text.__aeabi_errno_addr)
                  00008608    00000008     libclang_rt.builtins.a : aeabi_memcpy.S.obj (.text.__aeabi_memcpy)
                  00008610    00000008     libc.a : printf.c.obj (.text._outc)
                  00008618    00000008            : printf.c.obj (.text._outs)
                  00008620    00000008            : fseek.c.obj (.text.fseek)
                  00008628    00000008     libsysbm.a : remove.c.obj (.text.remove)
                  00008630    00000006     libc.a : s_atan.c.obj (.text.OUTLINED_FUNCTION_1)
                  00008636    00000002     --HOLE-- [fill = 0]
                  00008638    00000010     libclang_rt.builtins.a : adddf3.S.obj (.tramp.__aeabi_dadd.1)
                  00008648    00000006     libc.a : e_asin.c.obj (.text.OUTLINED_FUNCTION_2)
                  0000864e    00000006            : exit.c.obj (.text:abort)
                  00008654    00000004     libsysbm.a : hostexit.c.obj (.text.HOSTexit)
                  00008658    00000004     libc.a : e_asin.c.obj (.text.OUTLINED_FUNCTION_4)
                  0000865c    00000004     startup_mspm0g350x_ticlang.o (.text.Reset_Handler)
                  00008660    00000010     libc.a : boot_cortex_m.c.obj (.tramp._c_int00_noargs.1)
                  00008670    00000004            : pre_init.c.obj (.text._system_pre_init)
                  00008674    0000000c     --HOLE-- [fill = 0]

.cinit     0    0000ad90    000000a8     
                  0000ad90    00000084     (.cinit..data.load) [load image, compression = lzss]
                  0000ae14    0000000c     (__TI_handler_table)
                  0000ae20    00000008     (.cinit..bss.load) [load image, compression = zero_init]
                  0000ae28    00000010     (__TI_cinit_table)

.rodata    0    00008680    00002710     
                  00008680    00000d5c     oled.o (.rodata.asc2_2412)
                  000093dc    00000bf6     inv_mpu_dmp_motion_driver.o (.rodata.dmp_memory)
                  00009fd2    000005f0     oled.o (.rodata.asc2_1608)
                  0000a5c2    00000474     oled.o (.rodata.asc2_1206)
                  0000aa36    0000000a     ti_msp_dl_config.o (.rodata.gDEBUGConfig)
                  0000aa40    00000101     libc.a : aeabi_ctype.S.obj (.rodata:__aeabi_ctype_table_)
                  0000ab41    0000004d     inv_mpu.o (.rodata.str1.12529722238060830964.1)
                  0000ab8e    00000045     main.o (.rodata.str1.8154729771448623357.1)
                  0000abd3    00000003     ti_msp_dl_config.o (.rodata.gMOTOR_PIDClockConfig)
                  0000abd6    00000002     ti_msp_dl_config.o (.rodata.gDEBUGClockConfig)
                  0000abd8    00000040     libc.a : s_atan.c.obj (.rodata.cst32)
                  0000ac18    00000028     ti_msp_dl_config.o (.rodata.gSYSPLLConfig)
                  0000ac40    00000028     inv_mpu.o (.rodata.test)
                  0000ac68    00000026     inv_mpu.o (.rodata.str1.6385159555456066691.1)
                  0000ac8e    00000002     ti_msp_dl_config.o (.rodata.gMPU6050ClockConfig)
                  0000ac90    00000020     pid.o (.rodata.line_sensor_weight)
                  0000acb0    00000020     main.o (.rodata.str1.15159059442110792349.1)
                  0000acd0    0000001e     inv_mpu.o (.rodata.str1.1389070378196157055.1)
                  0000acee    0000001b     inv_mpu.o (.rodata.reg)
                  0000ad09    00000003     ti_msp_dl_config.o (.rodata.gPWMABClockConfig)
                  0000ad0c    00000014     ti_msp_dl_config.o (.rodata.gMOTOR_PIDTimerConfig)
                  0000ad20    00000011     libc.a : _printfi.c.obj (.rodata.str1.10348868589481759720.1)
                  0000ad31    00000011            : _printfi.c.obj (.rodata.str1.15363888844622738466.1)
                  0000ad42    0000000e     main.o (.rodata.str1.17100691992556644108.1)
                  0000ad50    0000000e     main.o (.rodata.str1.18227636981041470289.1)
                  0000ad5e    0000000e     main.o (.rodata.str1.2846389346932560359.1)
                  0000ad6c    0000000c     inv_mpu.o (.rodata.hw)
                  0000ad78    00000008     ti_msp_dl_config.o (.rodata.gPWMABConfig)
                  0000ad80    00000008     ti_msp_dl_config.o (.rodata.gSERVOConfig)
                  0000ad88    00000003     ti_msp_dl_config.o (.rodata.gSERVOClockConfig)
                  0000ad8b    00000002     ti_msp_dl_config.o (.rodata.gOLEDClockConfig)
                  0000ad8d    00000003     --HOLE-- [fill = 0]

.init_array 
*          0    00000000    00000000     UNINITIALIZED

.binit     0    00000000    00000000     

.sysmem    0    20200000    00000800     UNINITIALIZED
                  20200000    00000010     libc.a : memory.c.obj (.sysmem)
                  20200010    000007f0     --HOLE--

.bss       0    20200800    000007a8     UNINITIALIZED
                  20200800    00000480     (.common:OLED_GRAM)
                  20200c80    00000120     libsysbm.a : trgmsg.c.obj (.bss:_CIOBUF_)
                  20200da0    000000bc     (.common:gMOTOR_PIDBackup)
                  20200e5c    000000a0     libc.a : defs.c.obj (.bss.__TI_tmpnams)
                  20200efc    000000a0     (.common:gSERVOBackup)
                  20200f9c    00000008     libsysbm.a : hostopen.c.obj (.bss.parmbuf)
                  20200fa4    00000004     libc.a : memory.c.obj (.bss.sys_free)

.data      0    20200fa8    000002a9     UNINITIALIZED
                  20200fa8    000000f0     libc.a : defs.c.obj (.data._ftable)
                  20201098    00000078     libsysbm.a : host_device.c.obj (.data._device)
                  20201110    00000050                : host_device.c.obj (.data._stream)
                  20201160    0000002c     inv_mpu.o (.data.st)
                  2020118c    00000014     motor.o (.data.speed_count_1)
                  202011a0    00000014     motor.o (.data.speed_count_2)
                  202011b4    00000010     inv_mpu_dmp_motion_driver.o (.data.dmp)
                  202011c4    00000009     mpu_port.o (.data.gyro_orientation)
                  202011cd    00000001     oled.o (.data.g_oledI2cFault)
                  202011ce    00000002     pid.o (.data.line_lost_count)
                  202011d0    00000008     libc.a : exit.c.obj (.data..L_MergedGlobals)
                  202011d8    00000008     huidu.o (.data.huidu_value)
                  202011e0    00000004     motor.o (.data.PWM_1_duty)
                  202011e4    00000004     motor.o (.data.PWM_2_duty)
                  202011e8    00000004     libc.a : defs.c.obj (.data.__TI_ft_end)
                  202011ec    00000004            : aeabi_portable.c.obj (.data.__aeabi_errno)
                  202011f0    00000004            : _lock.c.obj (.data._lock)
                  202011f4    00000004            : _lock.c.obj (.data._unlock)
                  202011f8    00000004     key.o (.data.counter_1_A)
                  202011fc    00000004     key.o (.data.counter_2_A)
                  20201200    00000004     motor.o (.data.current_error_1)
                  20201204    00000004     motor.o (.data.current_error_2)
                  20201208    00000004     oled.o (.data.g_oledI2cLastStatus)
                  2020120c    00000004     motor.o (.data.ki)
                  20201210    00000004     motor.o (.data.kp)
                  20201214    00000004     motor.o (.data.last_error_1)
                  20201218    00000004     motor.o (.data.last_error_2)
                  2020121c    00000004     pid.o (.data.line_current_error)
                  20201220    00000004     pid.o (.data.line_error_sum)
                  20201224    00000004     pid.o (.data.line_last_error)
                  20201228    00000004     pid.o (.data.line_last_valid_error)
                  2020122c    00000004     motor.o (.data.speed_1)
                  20201230    00000004     motor.o (.data.speed_2)
                  20201234    00000004     motor.o (.data.speed_count_sum_1)
                  20201238    00000004     motor.o (.data.speed_count_sum_2)
                  2020123c    00000004     mpu_port.o (.data.sys_tick_ms)
                  20201240    00000004     motor.o (.data.target_speed_1)
                  20201244    00000004     motor.o (.data.target_speed_2)
                  20201248    00000001     oled.o (.data.g_oledI2cFaultReason)
                  20201249    00000001     oled.o (.data.g_oledI2cLastData)
                  2020124a    00000001     oled.o (.data.g_oledI2cLastMode)
                  2020124b    00000001     pid.o (.data.line_finish_count)
                  2020124c    00000001     pid.o (.data.line_pid_initialized)
                  2020124d    00000001     pid.o (.data.line_state)
                  2020124e    00000001     motor.o (.data.speed_count_index_1)
                  2020124f    00000001     motor.o (.data.speed_count_index_2)
                  20201250    00000001     libc.a : memory.c.obj (.data.memory_is_initialized)

.stack     0    20207e00    00000200     UNINITIALIZED
                  20207e00    00000004     libc.a : boot_cortex_m.c.obj (.stack)
                  20207e04    000001fc     --HOLE--

__llvm_prf_cnts 
*          0    20200000    00000000     UNINITIALIZED

__llvm_prf_bits 
*          0    20200000    00000000     UNINITIALIZED

MODULE SUMMARY

       Module                         code    ro data   rw data
       ------                         ----    -------   -------
    .\
       ti_msp_dl_config.o             3422    101       348    
       main.o                         576     143       0      
       startup_mspm0g350x_ticlang.o   8       192       0      
    +--+------------------------------+-------+---------+---------+
       Total:                         4006    436       348    
                                                               
    .\user_driver\
       oled.o                         1832    6080      1160   
       motor.o                        1490    0         98     
       pid.o                          1158    32        21     
       huidu.o                        254     0         8      
       uart.o                         160     0         0      
       key.o                          86      0         8      
       citie.o                        92      0         0      
       delay.o                        28      0         0      
    +--+------------------------------+-------+---------+---------+
       Total:                         5100    6112      1295   
                                                               
    .\user_driver\mpu6050\
       inv_mpu_dmp_motion_driver.o    3070    3062      16     
       inv_mpu.o                      4704    224       44     
       mpu_port.o                     1830    0         13     
    +--+------------------------------+-------+---------+---------+
       Total:                         9604    3286      73     
                                                               
    G:/electronic/ti/ccs2050/mspm0_sdk_2_11_00_07/source/ti/driverlib/lib/ticlang/m0p/mspm0g1x0x_g3x0x/driverlib.a
       dl_timer.o                     608     0         0      
       dl_sysctl_mspm0g1x0x_g3x0x.o   416     0         0      
       dl_uart.o                      138     0         0      
       dl_i2c.o                       132     0         0      
       dl_common.o                    10      0         0      
    +--+------------------------------+-------+---------+---------+
       Total:                         1304    0         0      
                                                               
    G:\electronic\ti\ccs2050\ccs\tools\compiler\ti-cgt-armllvm_4.0.4.LTS\lib\armv6m-ti-none-eabi/c/libc.a
       _printfi.c.obj                 4510    34        0      
       e_asin.c.obj                   908     0         0      
       s_atan.c.obj                   784     64        0      
       memory.c.obj                   702     0         5      
       defs.c.obj                     0       0         404    
       e_atan2.c.obj                  392     0         0      
       e_sqrt.c.obj                   368     0         0      
       aeabi_ctype.S.obj              0       257       0      
       fputs.c.obj                    248     0         0      
       setvbuf.c.obj                  224     0         0      
       s_scalbn.c.obj                 216     0         0      
       getdevice.c.obj                160     0         0      
       fputc.c.obj                    156     0         0      
       strcmp-armv6m.S.obj            136     0         0      
       copy_decompress_lzss.c.obj     124     0         0      
       fclose.c.obj                   124     0         0      
       fseek.c.obj                    116     0         0      
       printf.c.obj                   108     0         0      
       _io_perm.c.obj                 100     0         0      
       s_frexp.c.obj                  92      0         0      
       sprintf.c.obj                  90      0         0      
       _ltoa.c.obj                    88      0         0      
       fflush.c.obj                   82      0         0      
       exit.c.obj                     58      0         8      
       atoi.c.obj                     64      0         0      
       autoinit.c.obj                 60      0         0      
       boot_cortex_m.c.obj            56      0         0      
       fopen.c.obj                    52      0         0      
       memccpy.c.obj                  34      0         0      
       memcmp.c.obj                   32      0         0      
       copy_decompress_none.c.obj     18      0         0      
       memcpy16.S.obj                 18      0         0      
       copy_zero_init.c.obj           16      0         0      
       wcslen.c.obj                   16      0         0      
       memset16.S.obj                 14      0         0      
       aeabi_portable.c.obj           8       0         4      
       _lock.c.obj                    2       0         8      
       pre_init.c.obj                 4       0         0      
    +--+------------------------------+-------+---------+---------+
       Total:                         10180   355       429    
                                                               
    G:\electronic\ti\ccs2050\ccs\tools\compiler\ti-cgt-armllvm_4.0.4.LTS\lib\armv6m-ti-none-eabi/c/libsysbm.a
       trgmsg.c.obj                   104     0         288    
       host_device.c.obj              0       0         200    
       hostrename.c.obj               136     0         0      
       hostlseek.c.obj                108     0         0      
       hostopen.c.obj                 96      0         8      
       hostread.c.obj                 88      0         0      
       hostwrite.c.obj                88      0         0      
       close.c.obj                    80      0         0      
       hostclose.c.obj                72      0         0      
       hostunlink.c.obj               72      0         0      
       unlink.c.obj                   44      0         0      
       lseek.c.obj                    40      0         0      
       write.c.obj                    40      0         0      
       remove.c.obj                   8       0         0      
       hostexit.c.obj                 4       0         0      
    +--+------------------------------+-------+---------+---------+
       Total:                         980     0         496    
                                                               
    G:\electronic\ti\ccs2050\ccs\tools\compiler\ti-cgt-armllvm_4.0.4.LTS\lib\armv6m-ti-none-eabi/libclang_rt.builtins.a
       adddf3.S.obj                   434     0         0      
       divdf3.S.obj                   284     0         0      
       muldf3.S.obj                   244     0         0      
       comparedf2.c.obj               220     0         0      
       addsf3.S.obj                   216     0         0      
       udivmoddi4.S.obj               162     0         0      
       mulsf3.S.obj                   140     0         0      
       divsf3.S.obj                   130     0         0      
       comparesf2.S.obj               118     0         0      
       truncdfsf2.S.obj               116     0         0      
       aeabi_dcmp.S.obj               98      0         0      
       aeabi_fcmp.S.obj               98      0         0      
       aeabi_idivmod.S.obj            86      0         0      
       fixdfsi.S.obj                  74      0         0      
       aeabi_uidivmod.S.obj           64      0         0      
       extendsfdf2.S.obj              64      0         0      
       floatsisf.S.obj                60      0         0      
       muldsi3.S.obj                  58      0         0      
       fixsfsi.S.obj                  56      0         0      
       fixunssfsi.S.obj               50      0         0      
       floatsidf.S.obj                44      0         0      
       floatunsisf.S.obj              40      0         0      
       floatunsidf.S.obj              36      0         0      
       muldi3.S.obj                   36      0         0      
       ashldi3.S.obj                  30      0         0      
       aeabi_memset.S.obj             26      0         0      
       aeabi_uldivmod.S.obj           20      0         0      
       aeabi_memcpy.S.obj             8       0         0      
       aeabi_div0.c.obj               4       0         0      
    +--+------------------------------+-------+---------+---------+
       Total:                         3016    0         0      
                                                               
       Heap:                          0       0         2048   
       Stack:                         0       0         512    
       Linker Generated:              0       168       0      
    +--+------------------------------+-------+---------+---------+
       Grand Total:                   34190   10357     5201   


LINKER GENERATED COPY TABLES

__TI_cinit_table @ 0000ae28 records: 2, size/record: 8, table size: 16
	.data: load addr=0000ad90, load size=00000084 bytes, run addr=20200fa8, run size=000002a9 bytes, compression=lzss
	.bss: load addr=0000ae20, load size=00000008 bytes, run addr=20200800, run size=000007a8 bytes, compression=zero_init


LINKER GENERATED HANDLER TABLE

__TI_handler_table @ 0000ae14 records: 3, size/record: 4, table size: 12
	index: 0, handler: __TI_decompress_lzss
	index: 1, handler: __TI_decompress_none
	index: 2, handler: __TI_zero_init


FAR CALL TRAMPOLINES

callee name               trampoline name
   callee addr  tramp addr   call addr  call info
--------------  -----------  ---------  ----------------
__aeabi_dsub              $Tramp$TT$L$PI$$__aeabi_dsub
   00002915     00008588     00008586   libc.a : _printfi.c.obj (.text.OUTLINED_FUNCTION_0)
__aeabi_dmul              $Tramp$TT$L$PI$$__aeabi_dmul
   00004709     000085a4     000085a0   libc.a : e_asin.c.obj (.text.OUTLINED_FUNCTION_0)
                             000085bc          : s_atan.c.obj (.text.OUTLINED_FUNCTION_0)
                             000085d0          : e_asin.c.obj (.text.OUTLINED_FUNCTION_1)
                             000085fc          : s_atan.c.obj (.text.OUTLINED_FUNCTION_2)
                             0000864c          : e_asin.c.obj (.text.OUTLINED_FUNCTION_2)
__aeabi_ddiv              $Tramp$TT$L$PI$$__aeabi_ddiv
   00003b49     000085dc     000085da   libc.a : e_asin.c.obj (.text.OUTLINED_FUNCTION_3)
__aeabi_dadd              $Tramp$TT$L$PI$$__aeabi_dadd
   0000291f     00008638     00008634   libc.a : s_atan.c.obj (.text.OUTLINED_FUNCTION_1)
                             0000865a          : e_asin.c.obj (.text.OUTLINED_FUNCTION_4)
_c_int00_noargs           $Tramp$TT$L$PI$$_c_int00_noargs
   00007c95     00008660     0000865c   startup_mspm0g350x_ticlang.o (.text.Reset_Handler)

[5 trampolines]
[10 trampoline calls]


GLOBAL SYMBOLS: SORTED ALPHABETICALLY BY Name 

address   name                                 
-------   ----                                 
00005e6d  ADC0_IRQHandler                      
00005e6d  ADC1_IRQHandler                      
00005e6d  AES_IRQHandler                       
00008654  C$$EXIT                              
000077c5  C$$IO$$                              
00005e6d  CANFD0_IRQHandler                    
00005e6d  DAC0_IRQHandler                      
00002779  DC_MOTOR_PID                         
00008575  DL_Common_delayCycles                
00006825  DL_I2C_fillControllerTXFIFO          
00007ce3  DL_I2C_setClockConfig                
00007f01  DL_SYSCTL_configFCC                  
000049b1  DL_SYSCTL_configSYSPLL               
000063ed  DL_SYSCTL_setHFCLKSourceHFXTParams   
0000717d  DL_SYSCTL_switchMCLKfromSYSOSCtoHSCLK
00003e65  DL_Timer_initFourCCPWMMode           
00004069  DL_Timer_initTimerMode               
00007f8d  DL_Timer_setCaptCompUpdateMethod     
000081e9  DL_Timer_setCaptureCompareOutCtl     
00008485  DL_Timer_setCaptureCompareValue      
00007fa9  DL_Timer_setClockConfig              
00006ef5  DL_UART_init                         
0000841f  DL_UART_setClockConfig               
00007931  DL_UART_transmitDataBlocking         
00005e6d  DMA_IRQHandler                       
000052c9  DMP_Init                             
00001e25  DMP_Read_Data                        
00005e6d  Default_Handler                      
00005e6d  GROUP0_IRQHandler                    
000071c1  GROUP1_IRQHandler                    
00006f3d  HOSTclose                            
00008655  HOSTexit                             
00005f59  HOSTlseek                            
00006645  HOSTopen                             
0000693d  HOSTread                             
00005fc5  HOSTrename                           
00006f85  HOSTunlink                           
00006995  HOSTwrite                            
00005e6d  HardFault_Handler                    
00005e6d  I2C0_IRQHandler                      
00005e6d  I2C1_IRQHandler                      
00002aa9  MPU_Read_Len                         
00003809  MPU_Write_Len                        
00005e6d  NMI_Handler                          
000066a5  OLED_Clear                           
00006451  OLED_ClearPoint                      
00007695  OLED_ColorTurn                       
00006fcd  OLED_DisplayTurn                     
00007015  OLED_DrawPoint                       
20200800  OLED_GRAM                            
00004165  OLED_Init                            
00005c11  OLED_Refresh                         
000030a9  OLED_ShowChar                        
0000567d  OLED_ShowString                      
0000425d  OLED_WR_Byte                         
202011e0  PWM_1_duty                           
202011e4  PWM_2_duty                           
00005e6d  PendSV_Handler                       
00005e6d  RTC_IRQHandler                       
0000865d  Reset_Handler                        
00005e6d  SPI0_IRQHandler                      
00005e6d  SPI1_IRQHandler                      
00005e6d  SVC_Handler                          
0000705d  SYSCFG_DL_DEBUG_init                 
000017c9  SYSCFG_DL_GPIO_init                  
000076c9  SYSCFG_DL_MOTOR_PID_init             
00006705  SYSCFG_DL_MPU6050_init               
00006765  SYSCFG_DL_OLED_init                  
000058dd  SYSCFG_DL_PWMAB_init                 
0000609d  SYSCFG_DL_SERVO_init                 
00004539  SYSCFG_DL_SYSCTL_SYSPLL_init         
00005d85  SYSCFG_DL_SYSCTL_init                
00008495  SYSCFG_DL_SYSTICK_init               
00007205  SYSCFG_DL_init                       
00005369  SYSCFG_DL_initPower                  
000084a5  SysTick_Handler                      
000072d1  TIMA0_IRQHandler                     
00005e6d  TIMA1_IRQHandler                     
00005e6d  TIMG0_IRQHandler                     
00005e6d  TIMG12_IRQHandler                    
00005e6d  TIMG6_IRQHandler                     
00005e6d  TIMG7_IRQHandler                     
00005e6d  TIMG8_IRQHandler                     
00008431  TI_memcpy_small                      
0000851d  TI_memset_small                      
000076fd  UART0_IRQHandler                     
00005e6d  UART1_IRQHandler                     
00005e6d  UART2_IRQHandler                     
00005e6d  UART3_IRQHandler                     
00007fe1  UART_send_char                       
00007b01  UART_send_string                     
20200c80  _CIOBUF_                             
20200c80  __CIOBUF_                            
20208000  __STACK_END                          
00000200  __STACK_SIZE                         
00000800  __SYSMEM_SIZE                        
00000000  __TI_ATRegion0_region_sz             
00000000  __TI_ATRegion0_src_addr              
00000000  __TI_ATRegion0_trg_addr              
00000000  __TI_ATRegion1_region_sz             
00000000  __TI_ATRegion1_src_addr              
00000000  __TI_ATRegion1_trg_addr              
00000000  __TI_ATRegion2_region_sz             
00000000  __TI_ATRegion2_src_addr              
00000000  __TI_ATRegion2_trg_addr              
0000ae28  __TI_CINIT_Base                      
0000ae38  __TI_CINIT_Limit                     
0000ae38  __TI_CINIT_Warm                      
0000ae14  __TI_Handler_Table_Base              
0000ae20  __TI_Handler_Table_Limit             
00007501  __TI_auto_init_nobinit_nopinit       
00007731  __TI_cleanup                         
202011d0  __TI_cleanup_ptr                     
00005c8d  __TI_closefile                       
00005d09  __TI_decompress_lzss                 
00008443  __TI_decompress_none                 
00006af3  __TI_doflush                         
202011d4  __TI_dtors_ptr                       
202011e8  __TI_ft_end                          
000069ed  __TI_ltoa                            
ffffffff  __TI_pprof_out_hndl                  
000000c1  __TI_printfi                         
ffffffff  __TI_prof_data_size                  
ffffffff  __TI_prof_data_start                 
00007765  __TI_readmsg                         
00000000  __TI_static_base__                   
20200e5c  __TI_tmpnams                         
00007799  __TI_writemsg                        
000064b5  __TI_wrt_ok                          
000084c5  __TI_zero_init                       
0000291f  __adddf3                             
00004b6f  __addsf3                             
0000aa40  __aeabi_ctype_table_                 
0000aa40  __aeabi_ctype_table_C                
00005e71  __aeabi_d2f                          
00006ea9  __aeabi_d2iz                         
0000291f  __aeabi_dadd                         
0000657d  __aeabi_dcmpeq                       
000065b9  __aeabi_dcmpge                       
000065cd  __aeabi_dcmpgt                       
000065a5  __aeabi_dcmple                       
00006591  __aeabi_dcmplt                       
00003b49  __aeabi_ddiv                         
00004709  __aeabi_dmul                         
00002915  __aeabi_dsub                         
202011ec  __aeabi_errno                        
00008601  __aeabi_errno_addr                   
00007351  __aeabi_f2d                          
000075ed  __aeabi_f2iz                         
00007869  __aeabi_f2uiz                        
00004b6f  __aeabi_fadd                         
000065e1  __aeabi_fcmpeq                       
0000661d  __aeabi_fcmpge                       
00006631  __aeabi_fcmpgt                       
00006609  __aeabi_fcmple                       
000065f5  __aeabi_fcmplt                       
00005b8d  __aeabi_fdiv                         
00005969  __aeabi_fmul                         
00004b65  __aeabi_fsub                         
00007aa9  __aeabi_i2d                          
00007489  __aeabi_i2f                          
00006a9d  __aeabi_idiv                         
00002aa7  __aeabi_idiv0                        
00006a9d  __aeabi_idivmod                      
000052c7  __aeabi_ldiv0                        
00007e39  __aeabi_llsl                         
00007d51  __aeabi_lmul                         
00008545  __aeabi_memclr                       
00008545  __aeabi_memclr4                      
00008545  __aeabi_memclr8                      
00008609  __aeabi_memcpy                       
00008609  __aeabi_memcpy4                      
00008609  __aeabi_memcpy8                      
000084e5  __aeabi_memset                       
000084e5  __aeabi_memset4                      
000084e5  __aeabi_memset8                      
00007d2d  __aeabi_ui2d                         
00007bf5  __aeabi_ui2f                         
00007311  __aeabi_uidiv                        
00007311  __aeabi_uidivmod                     
000083c1  __aeabi_uldivmod                     
00007e39  __ashldi3                            
ffffffff  __binit__                            
000062b9  __cmpdf2                             
0000753d  __cmpsf2                             
00003b49  __divdf3                             
00005b8d  __divsf3                             
000062b9  __eqdf2                              
0000753d  __eqsf2                              
00007351  __extendsfdf2                        
00006ea9  __fixdfsi                            
000075ed  __fixsfsi                            
00007869  __fixunssfsi                         
00007aa9  __floatsidf                          
00007489  __floatsisf                          
00007d2d  __floatunsidf                        
00007bf5  __floatunsisf                        
00005df9  __gedf2                              
000074c5  __gesf2                              
00005df9  __gtdf2                              
000074c5  __gtsf2                              
000062b9  __ledf2                              
0000753d  __lesf2                              
000062b9  __ltdf2                              
0000753d  __ltsf2                              
UNDEFED   __mpu_init                           
00004709  __muldf3                             
00007d51  __muldi3                             
00007579  __muldsi3                            
00005969  __mulsf3                             
000062b9  __nedf2                              
0000753d  __nesf2                              
20207e00  __stack                              
20200000  __start___llvm_prf_bits              
20200000  __start___llvm_prf_cnts              
20200000  __stop___llvm_prf_bits               
20200000  __stop___llvm_prf_cnts               
00002915  __subdf3                             
00004b65  __subsf3                             
00005e71  __truncdfsf2                         
00005225  __udivmoddi4                         
00007c95  _c_int00_noargs                      
20201098  _device                              
20200fa8  _ftable                              
202011f0  _lock                                
000058db  _nop                                 
20201110  _stream                              
20200000  _sys_memory                          
UNDEFED   _system_post_cinit                   
00008671  _system_pre_init                     
202011f4  _unlock                              
0000864f  abort                                
00003925  aligned_alloc                        
0000a5c2  asc2_1206                            
00009fd2  asc2_1608                            
00008680  asc2_2412                            
00000a91  asin                                 
00000a91  asinl                                
00000df5  atan                                 
00002c39  atan2                                
00002c39  atan2l                               
00000df5  atanl                                
00007391  atoi                                 
ffffffff  binit                                
00003201  calculate_speed                      
00006cd9  close                                
202011f8  counter_1_A                          
202011fc  counter_2_A                          
20201200  current_error_1                      
20201204  current_error_2                      
00007ffd  delay_ms                             
000070a5  dmp_enable_6x_lp_quat                
000010ed  dmp_enable_feature                   
000067c5  dmp_enable_gyro_cal                  
000070ed  dmp_enable_lp_quat                   
00008019  dmp_load_motion_driver_firmware      
0000201d  dmp_read_fifo                        
00005715  dmp_set_fifo_rate                    
00002dc1  dmp_set_orientation                  
00007249  dmp_set_shake_reject_thresh          
0000789b  dmp_set_shake_reject_time            
000078cd  dmp_set_shake_reject_timeout         
00006387  dmp_set_tap_axes                     
0000728d  dmp_set_tap_count                    
00001365  dmp_set_tap_thresh                   
00007991  dmp_set_tap_time                     
000079c1  dmp_set_tap_time_multi               
000077cd  exit                                 
00007801  finddevice                           
000054a9  fputc                                
00004355  fputs                                
00004621  free                                 
00006885  frexp                                
00006885  frexpl                               
00008621  fseek                                
00006109  fseeko                               
20200da0  gMOTOR_PIDBackup                     
20200efc  gSERVOBackup                         
202011cd  g_oledI2cFault                       
20201248  g_oledI2cFaultReason                 
20201249  g_oledI2cLastData                    
2020124a  g_oledI2cLastMode                    
20201208  g_oledI2cLastStatus                  
00006175  getdevice                            
00007835  huidu_get_gpio_state                 
00005019  huidu_get_value                      
202011d8  huidu_value                          
0000ad6c  hw                                   
00000000  interruptVectors                     
000073d1  inv_orientation_matrix_to_scalar     
00005845  inv_row_2_scale                      
000079f1  judge_ads                            
2020120c  ki                                   
20201210  kp                                   
20201214  last_error_1                         
20201218  last_error_2                         
00004a8d  ldexp                                
00004a8d  ldexpl                               
00007a21  limit_duty                           
00008551  line_pid_get_error                   
0000855d  line_pid_get_state                   
00006d29  line_pid_init                        
00003c55  line_pid_update                      
00007c45  lseek                                
00002211  main                                 
00008569  malloc                               
00003925  memalign                             
00007d75  memccpy                              
00007dd9  memcmp                               
00007df9  mget_ms                              
00005409  motor_init                           
00003f69  motor_set_direction                  
00006e5d  motor_set_duty                       
00004ea5  mpu_configure_fifo                   
00005ee5  mpu_get_accel_fsr                    
00001c11  mpu_init                             
000035c5  mpu_load_firmware                    
00003a39  mpu_lp_accel_mode                    
00003d5d  mpu_read_fifo_stream                 
000050cd  mpu_read_mem                         
0000159d  mpu_reset_fifo                       
000047ed  mpu_set_accel_fsr                    
000025d9  mpu_set_bypass                       
00004f61  mpu_set_dmp_state                    
00004de1  mpu_set_gyro_fsr                     
000055e1  mpu_set_int_latched                  
00004d11  mpu_set_lpf                          
0000444d  mpu_set_sample_rate                  
00003495  mpu_set_sensors                      
00005179  mpu_write_mem                        
20200f9c  parmbuf                              
000068e1  printf                               
0000acee  reg                                  
00008629  remove                               
00004a8d  scalbn                               
00004a8d  scalbnl                              
000048d1  setvbuf                              
2020122c  speed_1                              
20201230  speed_2                              
0000765d  sprintf                              
00002f39  sqrt                                 
00002f39  sqrtl                                
00005a81  strcmp                               
2020123c  sys_tick_ms                          
20201240  target_speed_1                       
20201244  target_speed_2                       
0000ac40  test                                 
00007ad5  unlink                               
000084b5  wcslen                               
00007c6d  write                                


GLOBAL SYMBOLS: SORTED BY Symbol Address 

address   name                                 
-------   ----                                 
00000000  __TI_ATRegion0_region_sz             
00000000  __TI_ATRegion0_src_addr              
00000000  __TI_ATRegion0_trg_addr              
00000000  __TI_ATRegion1_region_sz             
00000000  __TI_ATRegion1_src_addr              
00000000  __TI_ATRegion1_trg_addr              
00000000  __TI_ATRegion2_region_sz             
00000000  __TI_ATRegion2_src_addr              
00000000  __TI_ATRegion2_trg_addr              
00000000  __TI_static_base__                   
00000000  interruptVectors                     
000000c1  __TI_printfi                         
00000200  __STACK_SIZE                         
00000800  __SYSMEM_SIZE                        
00000a91  asin                                 
00000a91  asinl                                
00000df5  atan                                 
00000df5  atanl                                
000010ed  dmp_enable_feature                   
00001365  dmp_set_tap_thresh                   
0000159d  mpu_reset_fifo                       
000017c9  SYSCFG_DL_GPIO_init                  
00001c11  mpu_init                             
00001e25  DMP_Read_Data                        
0000201d  dmp_read_fifo                        
00002211  main                                 
000025d9  mpu_set_bypass                       
00002779  DC_MOTOR_PID                         
00002915  __aeabi_dsub                         
00002915  __subdf3                             
0000291f  __adddf3                             
0000291f  __aeabi_dadd                         
00002aa7  __aeabi_idiv0                        
00002aa9  MPU_Read_Len                         
00002c39  atan2                                
00002c39  atan2l                               
00002dc1  dmp_set_orientation                  
00002f39  sqrt                                 
00002f39  sqrtl                                
000030a9  OLED_ShowChar                        
00003201  calculate_speed                      
00003495  mpu_set_sensors                      
000035c5  mpu_load_firmware                    
00003809  MPU_Write_Len                        
00003925  aligned_alloc                        
00003925  memalign                             
00003a39  mpu_lp_accel_mode                    
00003b49  __aeabi_ddiv                         
00003b49  __divdf3                             
00003c55  line_pid_update                      
00003d5d  mpu_read_fifo_stream                 
00003e65  DL_Timer_initFourCCPWMMode           
00003f69  motor_set_direction                  
00004069  DL_Timer_initTimerMode               
00004165  OLED_Init                            
0000425d  OLED_WR_Byte                         
00004355  fputs                                
0000444d  mpu_set_sample_rate                  
00004539  SYSCFG_DL_SYSCTL_SYSPLL_init         
00004621  free                                 
00004709  __aeabi_dmul                         
00004709  __muldf3                             
000047ed  mpu_set_accel_fsr                    
000048d1  setvbuf                              
000049b1  DL_SYSCTL_configSYSPLL               
00004a8d  ldexp                                
00004a8d  ldexpl                               
00004a8d  scalbn                               
00004a8d  scalbnl                              
00004b65  __aeabi_fsub                         
00004b65  __subsf3                             
00004b6f  __addsf3                             
00004b6f  __aeabi_fadd                         
00004d11  mpu_set_lpf                          
00004de1  mpu_set_gyro_fsr                     
00004ea5  mpu_configure_fifo                   
00004f61  mpu_set_dmp_state                    
00005019  huidu_get_value                      
000050cd  mpu_read_mem                         
00005179  mpu_write_mem                        
00005225  __udivmoddi4                         
000052c7  __aeabi_ldiv0                        
000052c9  DMP_Init                             
00005369  SYSCFG_DL_initPower                  
00005409  motor_init                           
000054a9  fputc                                
000055e1  mpu_set_int_latched                  
0000567d  OLED_ShowString                      
00005715  dmp_set_fifo_rate                    
00005845  inv_row_2_scale                      
000058db  _nop                                 
000058dd  SYSCFG_DL_PWMAB_init                 
00005969  __aeabi_fmul                         
00005969  __mulsf3                             
00005a81  strcmp                               
00005b8d  __aeabi_fdiv                         
00005b8d  __divsf3                             
00005c11  OLED_Refresh                         
00005c8d  __TI_closefile                       
00005d09  __TI_decompress_lzss                 
00005d85  SYSCFG_DL_SYSCTL_init                
00005df9  __gedf2                              
00005df9  __gtdf2                              
00005e6d  ADC0_IRQHandler                      
00005e6d  ADC1_IRQHandler                      
00005e6d  AES_IRQHandler                       
00005e6d  CANFD0_IRQHandler                    
00005e6d  DAC0_IRQHandler                      
00005e6d  DMA_IRQHandler                       
00005e6d  Default_Handler                      
00005e6d  GROUP0_IRQHandler                    
00005e6d  HardFault_Handler                    
00005e6d  I2C0_IRQHandler                      
00005e6d  I2C1_IRQHandler                      
00005e6d  NMI_Handler                          
00005e6d  PendSV_Handler                       
00005e6d  RTC_IRQHandler                       
00005e6d  SPI0_IRQHandler                      
00005e6d  SPI1_IRQHandler                      
00005e6d  SVC_Handler                          
00005e6d  TIMA1_IRQHandler                     
00005e6d  TIMG0_IRQHandler                     
00005e6d  TIMG12_IRQHandler                    
00005e6d  TIMG6_IRQHandler                     
00005e6d  TIMG7_IRQHandler                     
00005e6d  TIMG8_IRQHandler                     
00005e6d  UART1_IRQHandler                     
00005e6d  UART2_IRQHandler                     
00005e6d  UART3_IRQHandler                     
00005e71  __aeabi_d2f                          
00005e71  __truncdfsf2                         
00005ee5  mpu_get_accel_fsr                    
00005f59  HOSTlseek                            
00005fc5  HOSTrename                           
0000609d  SYSCFG_DL_SERVO_init                 
00006109  fseeko                               
00006175  getdevice                            
000062b9  __cmpdf2                             
000062b9  __eqdf2                              
000062b9  __ledf2                              
000062b9  __ltdf2                              
000062b9  __nedf2                              
00006387  dmp_set_tap_axes                     
000063ed  DL_SYSCTL_setHFCLKSourceHFXTParams   
00006451  OLED_ClearPoint                      
000064b5  __TI_wrt_ok                          
0000657d  __aeabi_dcmpeq                       
00006591  __aeabi_dcmplt                       
000065a5  __aeabi_dcmple                       
000065b9  __aeabi_dcmpge                       
000065cd  __aeabi_dcmpgt                       
000065e1  __aeabi_fcmpeq                       
000065f5  __aeabi_fcmplt                       
00006609  __aeabi_fcmple                       
0000661d  __aeabi_fcmpge                       
00006631  __aeabi_fcmpgt                       
00006645  HOSTopen                             
000066a5  OLED_Clear                           
00006705  SYSCFG_DL_MPU6050_init               
00006765  SYSCFG_DL_OLED_init                  
000067c5  dmp_enable_gyro_cal                  
00006825  DL_I2C_fillControllerTXFIFO          
00006885  frexp                                
00006885  frexpl                               
000068e1  printf                               
0000693d  HOSTread                             
00006995  HOSTwrite                            
000069ed  __TI_ltoa                            
00006a9d  __aeabi_idiv                         
00006a9d  __aeabi_idivmod                      
00006af3  __TI_doflush                         
00006cd9  close                                
00006d29  line_pid_init                        
00006e5d  motor_set_duty                       
00006ea9  __aeabi_d2iz                         
00006ea9  __fixdfsi                            
00006ef5  DL_UART_init                         
00006f3d  HOSTclose                            
00006f85  HOSTunlink                           
00006fcd  OLED_DisplayTurn                     
00007015  OLED_DrawPoint                       
0000705d  SYSCFG_DL_DEBUG_init                 
000070a5  dmp_enable_6x_lp_quat                
000070ed  dmp_enable_lp_quat                   
0000717d  DL_SYSCTL_switchMCLKfromSYSOSCtoHSCLK
000071c1  GROUP1_IRQHandler                    
00007205  SYSCFG_DL_init                       
00007249  dmp_set_shake_reject_thresh          
0000728d  dmp_set_tap_count                    
000072d1  TIMA0_IRQHandler                     
00007311  __aeabi_uidiv                        
00007311  __aeabi_uidivmod                     
00007351  __aeabi_f2d                          
00007351  __extendsfdf2                        
00007391  atoi                                 
000073d1  inv_orientation_matrix_to_scalar     
00007489  __aeabi_i2f                          
00007489  __floatsisf                          
000074c5  __gesf2                              
000074c5  __gtsf2                              
00007501  __TI_auto_init_nobinit_nopinit       
0000753d  __cmpsf2                             
0000753d  __eqsf2                              
0000753d  __lesf2                              
0000753d  __ltsf2                              
0000753d  __nesf2                              
00007579  __muldsi3                            
000075ed  __aeabi_f2iz                         
000075ed  __fixsfsi                            
0000765d  sprintf                              
00007695  OLED_ColorTurn                       
000076c9  SYSCFG_DL_MOTOR_PID_init             
000076fd  UART0_IRQHandler                     
00007731  __TI_cleanup                         
00007765  __TI_readmsg                         
00007799  __TI_writemsg                        
000077c5  C$$IO$$                              
000077cd  exit                                 
00007801  finddevice                           
00007835  huidu_get_gpio_state                 
00007869  __aeabi_f2uiz                        
00007869  __fixunssfsi                         
0000789b  dmp_set_shake_reject_time            
000078cd  dmp_set_shake_reject_timeout         
00007931  DL_UART_transmitDataBlocking         
00007991  dmp_set_tap_time                     
000079c1  dmp_set_tap_time_multi               
000079f1  judge_ads                            
00007a21  limit_duty                           
00007aa9  __aeabi_i2d                          
00007aa9  __floatsidf                          
00007ad5  unlink                               
00007b01  UART_send_string                     
00007bf5  __aeabi_ui2f                         
00007bf5  __floatunsisf                        
00007c45  lseek                                
00007c6d  write                                
00007c95  _c_int00_noargs                      
00007ce3  DL_I2C_setClockConfig                
00007d2d  __aeabi_ui2d                         
00007d2d  __floatunsidf                        
00007d51  __aeabi_lmul                         
00007d51  __muldi3                             
00007d75  memccpy                              
00007dd9  memcmp                               
00007df9  mget_ms                              
00007e39  __aeabi_llsl                         
00007e39  __ashldi3                            
00007f01  DL_SYSCTL_configFCC                  
00007f8d  DL_Timer_setCaptCompUpdateMethod     
00007fa9  DL_Timer_setClockConfig              
00007fe1  UART_send_char                       
00007ffd  delay_ms                             
00008019  dmp_load_motion_driver_firmware      
000081e9  DL_Timer_setCaptureCompareOutCtl     
000083c1  __aeabi_uldivmod                     
0000841f  DL_UART_setClockConfig               
00008431  TI_memcpy_small                      
00008443  __TI_decompress_none                 
00008485  DL_Timer_setCaptureCompareValue      
00008495  SYSCFG_DL_SYSTICK_init               
000084a5  SysTick_Handler                      
000084b5  wcslen                               
000084c5  __TI_zero_init                       
000084e5  __aeabi_memset                       
000084e5  __aeabi_memset4                      
000084e5  __aeabi_memset8                      
0000851d  TI_memset_small                      
00008545  __aeabi_memclr                       
00008545  __aeabi_memclr4                      
00008545  __aeabi_memclr8                      
00008551  line_pid_get_error                   
0000855d  line_pid_get_state                   
00008569  malloc                               
00008575  DL_Common_delayCycles                
00008601  __aeabi_errno_addr                   
00008609  __aeabi_memcpy                       
00008609  __aeabi_memcpy4                      
00008609  __aeabi_memcpy8                      
00008621  fseek                                
00008629  remove                               
0000864f  abort                                
00008654  C$$EXIT                              
00008655  HOSTexit                             
0000865d  Reset_Handler                        
00008671  _system_pre_init                     
00008680  asc2_2412                            
00009fd2  asc2_1608                            
0000a5c2  asc2_1206                            
0000aa40  __aeabi_ctype_table_                 
0000aa40  __aeabi_ctype_table_C                
0000ac40  test                                 
0000acee  reg                                  
0000ad6c  hw                                   
0000ae14  __TI_Handler_Table_Base              
0000ae20  __TI_Handler_Table_Limit             
0000ae28  __TI_CINIT_Base                      
0000ae38  __TI_CINIT_Limit                     
0000ae38  __TI_CINIT_Warm                      
20200000  __start___llvm_prf_bits              
20200000  __start___llvm_prf_cnts              
20200000  __stop___llvm_prf_bits               
20200000  __stop___llvm_prf_cnts               
20200000  _sys_memory                          
20200800  OLED_GRAM                            
20200c80  _CIOBUF_                             
20200c80  __CIOBUF_                            
20200da0  gMOTOR_PIDBackup                     
20200e5c  __TI_tmpnams                         
20200efc  gSERVOBackup                         
20200f9c  parmbuf                              
20200fa8  _ftable                              
20201098  _device                              
20201110  _stream                              
202011cd  g_oledI2cFault                       
202011d0  __TI_cleanup_ptr                     
202011d4  __TI_dtors_ptr                       
202011d8  huidu_value                          
202011e0  PWM_1_duty                           
202011e4  PWM_2_duty                           
202011e8  __TI_ft_end                          
202011ec  __aeabi_errno                        
202011f0  _lock                                
202011f4  _unlock                              
202011f8  counter_1_A                          
202011fc  counter_2_A                          
20201200  current_error_1                      
20201204  current_error_2                      
20201208  g_oledI2cLastStatus                  
2020120c  ki                                   
20201210  kp                                   
20201214  last_error_1                         
20201218  last_error_2                         
2020122c  speed_1                              
20201230  speed_2                              
2020123c  sys_tick_ms                          
20201240  target_speed_1                       
20201244  target_speed_2                       
20201248  g_oledI2cFaultReason                 
20201249  g_oledI2cLastData                    
2020124a  g_oledI2cLastMode                    
20207e00  __stack                              
20208000  __STACK_END                          
ffffffff  __TI_pprof_out_hndl                  
ffffffff  __TI_prof_data_size                  
ffffffff  __TI_prof_data_start                 
ffffffff  __binit__                            
ffffffff  binit                                
UNDEFED   __mpu_init                           
UNDEFED   _system_post_cinit                   

[350 symbols]
