<?xml version="1.0" encoding="ISO-8859-1" ?>
<link_info>
   <banner>TI ARM Clang Linker PC v4.0.4.LTS</banner>
   <copyright>Copyright (c) 1996-2018 Texas Instruments Incorporated</copyright>
   <command_line>G:\electronic\ti\ccs2050\ccs\tools\compiler\ti-cgt-armllvm_4.0.4.LTS\bin\tiarmlnk -IG:\electronic\ti\ccs2050\ccs\tools\compiler\ti-cgt-armllvm_4.0.4.LTS\lib -o 11_PID_CAR.out -m11_PID_CAR.map -iG:/electronic/ti/ccs2050/mspm0_sdk_2_11_00_07/source -iG:/NUEDC_2026/code/ccs_workspace/11_PID_CAR -iG:/NUEDC_2026/code/ccs_workspace/11_PID_CAR/Debug/syscfg -iG:/electronic/ti/ccs2050/ccs/tools/compiler/ti-cgt-armllvm_4.0.4.LTS/lib --diag_wrap=off --display_error_number --warn_sections --xml_link_info=11_PID_CAR_linkInfo.xml --rom_model ./ti_msp_dl_config.o ./startup_mspm0g350x_ticlang.o ./main.o ./user_driver/delay.o ./user_driver/huidu.o ./user_driver/key.o ./user_driver/motor.o ./user_driver/oled.o ./user_driver/pid.o ./user_driver/uart.o -l./device_linker.cmd -ldevice.cmd.genlibs -llibc.a --start-group -llibc++.a -llibc++abi.a -llibc.a -llibsys.a -llibsysbm.a -llibclang_rt.builtins.a -llibclang_rt.profile.a --end-group --cg_opt_level=0</command_line>
   <link_time>0x6a65d35d</link_time>
   <link_errors>0x0</link_errors>
   <output_file>G:\NUEDC_2026\code\ccs_workspace\11_PID_CAR\Debug\11_PID_CAR.out</output_file>
   <entry_point>
      <name>_c_int00_noargs</name>
      <address>0x37cd</address>
   </entry_point>
   <input_file_list>
      <input_file id="fl-1">
         <path>G:\NUEDC_2026\code\ccs_workspace\11_PID_CAR\Debug\.\</path>
         <kind>object</kind>
         <file>ti_msp_dl_config.o</file>
         <name>ti_msp_dl_config.o</name>
      </input_file>
      <input_file id="fl-2">
         <path>G:\NUEDC_2026\code\ccs_workspace\11_PID_CAR\Debug\.\</path>
         <kind>object</kind>
         <file>startup_mspm0g350x_ticlang.o</file>
         <name>startup_mspm0g350x_ticlang.o</name>
      </input_file>
      <input_file id="fl-3">
         <path>G:\NUEDC_2026\code\ccs_workspace\11_PID_CAR\Debug\.\</path>
         <kind>object</kind>
         <file>main.o</file>
         <name>main.o</name>
      </input_file>
      <input_file id="fl-4">
         <path>G:\NUEDC_2026\code\ccs_workspace\11_PID_CAR\Debug\.\user_driver\</path>
         <kind>object</kind>
         <file>delay.o</file>
         <name>delay.o</name>
      </input_file>
      <input_file id="fl-5">
         <path>G:\NUEDC_2026\code\ccs_workspace\11_PID_CAR\Debug\.\user_driver\</path>
         <kind>object</kind>
         <file>huidu.o</file>
         <name>huidu.o</name>
      </input_file>
      <input_file id="fl-6">
         <path>G:\NUEDC_2026\code\ccs_workspace\11_PID_CAR\Debug\.\user_driver\</path>
         <kind>object</kind>
         <file>key.o</file>
         <name>key.o</name>
      </input_file>
      <input_file id="fl-7">
         <path>G:\NUEDC_2026\code\ccs_workspace\11_PID_CAR\Debug\.\user_driver\</path>
         <kind>object</kind>
         <file>motor.o</file>
         <name>motor.o</name>
      </input_file>
      <input_file id="fl-8">
         <path>G:\NUEDC_2026\code\ccs_workspace\11_PID_CAR\Debug\.\user_driver\</path>
         <kind>object</kind>
         <file>oled.o</file>
         <name>oled.o</name>
      </input_file>
      <input_file id="fl-9">
         <path>G:\NUEDC_2026\code\ccs_workspace\11_PID_CAR\Debug\.\user_driver\</path>
         <kind>object</kind>
         <file>pid.o</file>
         <name>pid.o</name>
      </input_file>
      <input_file id="fl-a">
         <path>G:\NUEDC_2026\code\ccs_workspace\11_PID_CAR\Debug\.\user_driver\</path>
         <kind>object</kind>
         <file>uart.o</file>
         <name>uart.o</name>
      </input_file>
      <input_file id="fl-17">
         <path>G:\NUEDC_2026\code\ccs_workspace\11_PID_CAR\Debug\</path>
         <kind>object</kind>
         <file>&lt;internal&gt;</file>
         <name>&lt;internal&gt;</name>
      </input_file>
      <input_file id="fl-18">
         <path>G:\electronic\ti\ccs2050\mspm0_sdk_2_11_00_07\source\ti\driverlib\lib\ticlang\m0p\mspm0g1x0x_g3x0x\</path>
         <kind>archive</kind>
         <file>driverlib.a</file>
         <name>dl_common.o</name>
      </input_file>
      <input_file id="fl-19">
         <path>G:\electronic\ti\ccs2050\mspm0_sdk_2_11_00_07\source\ti\driverlib\lib\ticlang\m0p\mspm0g1x0x_g3x0x\</path>
         <kind>archive</kind>
         <file>driverlib.a</file>
         <name>dl_i2c.o</name>
      </input_file>
      <input_file id="fl-1a">
         <path>G:\electronic\ti\ccs2050\mspm0_sdk_2_11_00_07\source\ti\driverlib\lib\ticlang\m0p\mspm0g1x0x_g3x0x\</path>
         <kind>archive</kind>
         <file>driverlib.a</file>
         <name>dl_timer.o</name>
      </input_file>
      <input_file id="fl-1b">
         <path>G:\electronic\ti\ccs2050\mspm0_sdk_2_11_00_07\source\ti\driverlib\lib\ticlang\m0p\mspm0g1x0x_g3x0x\</path>
         <kind>archive</kind>
         <file>driverlib.a</file>
         <name>dl_uart.o</name>
      </input_file>
      <input_file id="fl-1c">
         <path>G:\electronic\ti\ccs2050\mspm0_sdk_2_11_00_07\source\ti\driverlib\lib\ticlang\m0p\mspm0g1x0x_g3x0x\</path>
         <kind>archive</kind>
         <file>driverlib.a</file>
         <name>dl_sysctl_mspm0g1x0x_g3x0x.o</name>
      </input_file>
      <input_file id="fl-33">
         <path>G:\electronic\ti\ccs2050\ccs\tools\compiler\ti-cgt-armllvm_4.0.4.LTS\lib\armv6m-ti-none-eabi\c\</path>
         <kind>archive</kind>
         <file>libc.a</file>
         <name>sprintf.c.obj</name>
      </input_file>
      <input_file id="fl-34">
         <path>G:\electronic\ti\ccs2050\ccs\tools\compiler\ti-cgt-armllvm_4.0.4.LTS\lib\armv6m-ti-none-eabi\c\</path>
         <kind>archive</kind>
         <file>libc.a</file>
         <name>boot_cortex_m.c.obj</name>
      </input_file>
      <input_file id="fl-35">
         <path>G:\electronic\ti\ccs2050\ccs\tools\compiler\ti-cgt-armllvm_4.0.4.LTS\lib\armv6m-ti-none-eabi\c\</path>
         <kind>archive</kind>
         <file>libc.a</file>
         <name>mathacl_init.c.obj</name>
      </input_file>
      <input_file id="fl-36">
         <path>G:\electronic\ti\ccs2050\ccs\tools\compiler\ti-cgt-armllvm_4.0.4.LTS\lib\armv6m-ti-none-eabi\c\</path>
         <kind>archive</kind>
         <file>libc.a</file>
         <name>autoinit.c.obj</name>
      </input_file>
      <input_file id="fl-37">
         <path>G:\electronic\ti\ccs2050\ccs\tools\compiler\ti-cgt-armllvm_4.0.4.LTS\lib\armv6m-ti-none-eabi\c\</path>
         <kind>archive</kind>
         <file>libc.a</file>
         <name>pre_init.c.obj</name>
      </input_file>
      <input_file id="fl-38">
         <path>G:\electronic\ti\ccs2050\ccs\tools\compiler\ti-cgt-armllvm_4.0.4.LTS\lib\armv6m-ti-none-eabi\c\</path>
         <kind>archive</kind>
         <file>libc.a</file>
         <name>cpy_tbl.c.obj</name>
      </input_file>
      <input_file id="fl-39">
         <path>G:\electronic\ti\ccs2050\ccs\tools\compiler\ti-cgt-armllvm_4.0.4.LTS\lib\armv6m-ti-none-eabi\c\</path>
         <kind>archive</kind>
         <file>libc.a</file>
         <name>copy_zero_init.c.obj</name>
      </input_file>
      <input_file id="fl-3a">
         <path>G:\electronic\ti\ccs2050\ccs\tools\compiler\ti-cgt-armllvm_4.0.4.LTS\lib\armv6m-ti-none-eabi\c\</path>
         <kind>archive</kind>
         <file>libc.a</file>
         <name>copy_decompress_none.c.obj</name>
      </input_file>
      <input_file id="fl-3b">
         <path>G:\electronic\ti\ccs2050\ccs\tools\compiler\ti-cgt-armllvm_4.0.4.LTS\lib\armv6m-ti-none-eabi\c\</path>
         <kind>archive</kind>
         <file>libc.a</file>
         <name>copy_decompress_lzss.c.obj</name>
      </input_file>
      <input_file id="fl-3c">
         <path>G:\electronic\ti\ccs2050\ccs\tools\compiler\ti-cgt-armllvm_4.0.4.LTS\lib\armv6m-ti-none-eabi\c\</path>
         <kind>archive</kind>
         <file>libc.a</file>
         <name>_printfi.c.obj</name>
      </input_file>
      <input_file id="fl-3d">
         <path>G:\electronic\ti\ccs2050\ccs\tools\compiler\ti-cgt-armllvm_4.0.4.LTS\lib\armv6m-ti-none-eabi\c\</path>
         <kind>archive</kind>
         <file>libc.a</file>
         <name>aeabi_portable.c.obj</name>
      </input_file>
      <input_file id="fl-3e">
         <path>G:\electronic\ti\ccs2050\ccs\tools\compiler\ti-cgt-armllvm_4.0.4.LTS\lib\armv6m-ti-none-eabi\c\</path>
         <kind>archive</kind>
         <file>libc.a</file>
         <name>exit.c.obj</name>
      </input_file>
      <input_file id="fl-3f">
         <path>G:\electronic\ti\ccs2050\ccs\tools\compiler\ti-cgt-armllvm_4.0.4.LTS\lib\armv6m-ti-none-eabi\c\</path>
         <kind>archive</kind>
         <file>libc.a</file>
         <name>_lock.c.obj</name>
      </input_file>
      <input_file id="fl-40">
         <path>G:\electronic\ti\ccs2050\ccs\tools\compiler\ti-cgt-armllvm_4.0.4.LTS\lib\armv6m-ti-none-eabi\c\</path>
         <kind>archive</kind>
         <file>libc.a</file>
         <name>_ltoa.c.obj</name>
      </input_file>
      <input_file id="fl-41">
         <path>G:\electronic\ti\ccs2050\ccs\tools\compiler\ti-cgt-armllvm_4.0.4.LTS\lib\armv6m-ti-none-eabi\c\</path>
         <kind>archive</kind>
         <file>libc.a</file>
         <name>args_main.c.obj</name>
      </input_file>
      <input_file id="fl-42">
         <path>G:\electronic\ti\ccs2050\ccs\tools\compiler\ti-cgt-armllvm_4.0.4.LTS\lib\armv6m-ti-none-eabi\c\</path>
         <kind>archive</kind>
         <file>libc.a</file>
         <name>assert.c.obj</name>
      </input_file>
      <input_file id="fl-43">
         <path>G:\electronic\ti\ccs2050\ccs\tools\compiler\ti-cgt-armllvm_4.0.4.LTS\lib\armv6m-ti-none-eabi\c\</path>
         <kind>archive</kind>
         <file>libc.a</file>
         <name>atoi.c.obj</name>
      </input_file>
      <input_file id="fl-44">
         <path>G:\electronic\ti\ccs2050\ccs\tools\compiler\ti-cgt-armllvm_4.0.4.LTS\lib\armv6m-ti-none-eabi\c\</path>
         <kind>archive</kind>
         <file>libc.a</file>
         <name>defs.c.obj</name>
      </input_file>
      <input_file id="fl-45">
         <path>G:\electronic\ti\ccs2050\ccs\tools\compiler\ti-cgt-armllvm_4.0.4.LTS\lib\armv6m-ti-none-eabi\c\</path>
         <kind>archive</kind>
         <file>libc.a</file>
         <name>memccpy.c.obj</name>
      </input_file>
      <input_file id="fl-46">
         <path>G:\electronic\ti\ccs2050\ccs\tools\compiler\ti-cgt-armllvm_4.0.4.LTS\lib\armv6m-ti-none-eabi\c\</path>
         <kind>archive</kind>
         <file>libc.a</file>
         <name>memory.c.obj</name>
      </input_file>
      <input_file id="fl-47">
         <path>G:\electronic\ti\ccs2050\ccs\tools\compiler\ti-cgt-armllvm_4.0.4.LTS\lib\armv6m-ti-none-eabi\c\</path>
         <kind>archive</kind>
         <file>libc.a</file>
         <name>s_frexp.c.obj</name>
      </input_file>
      <input_file id="fl-48">
         <path>G:\electronic\ti\ccs2050\ccs\tools\compiler\ti-cgt-armllvm_4.0.4.LTS\lib\armv6m-ti-none-eabi\c\</path>
         <kind>archive</kind>
         <file>libc.a</file>
         <name>s_scalbn.c.obj</name>
      </input_file>
      <input_file id="fl-49">
         <path>G:\electronic\ti\ccs2050\ccs\tools\compiler\ti-cgt-armllvm_4.0.4.LTS\lib\armv6m-ti-none-eabi\c\</path>
         <kind>archive</kind>
         <file>libc.a</file>
         <name>wcslen.c.obj</name>
      </input_file>
      <input_file id="fl-4a">
         <path>G:\electronic\ti\ccs2050\ccs\tools\compiler\ti-cgt-armllvm_4.0.4.LTS\lib\armv6m-ti-none-eabi\c\</path>
         <kind>archive</kind>
         <file>libc.a</file>
         <name>fflush.c.obj</name>
      </input_file>
      <input_file id="fl-4b">
         <path>G:\electronic\ti\ccs2050\ccs\tools\compiler\ti-cgt-armllvm_4.0.4.LTS\lib\armv6m-ti-none-eabi\c\</path>
         <kind>archive</kind>
         <file>libc.a</file>
         <name>fputs.c.obj</name>
      </input_file>
      <input_file id="fl-4c">
         <path>G:\electronic\ti\ccs2050\ccs\tools\compiler\ti-cgt-armllvm_4.0.4.LTS\lib\armv6m-ti-none-eabi\c\</path>
         <kind>archive</kind>
         <file>libc.a</file>
         <name>_io_perm.c.obj</name>
      </input_file>
      <input_file id="fl-4d">
         <path>G:\electronic\ti\ccs2050\ccs\tools\compiler\ti-cgt-armllvm_4.0.4.LTS\lib\armv6m-ti-none-eabi\c\</path>
         <kind>archive</kind>
         <file>libc.a</file>
         <name>setvbuf.c.obj</name>
      </input_file>
      <input_file id="fl-4e">
         <path>G:\electronic\ti\ccs2050\ccs\tools\compiler\ti-cgt-armllvm_4.0.4.LTS\lib\armv6m-ti-none-eabi\c\</path>
         <kind>archive</kind>
         <file>libc.a</file>
         <name>aeabi_ctype.S.obj</name>
      </input_file>
      <input_file id="fl-4f">
         <path>G:\electronic\ti\ccs2050\ccs\tools\compiler\ti-cgt-armllvm_4.0.4.LTS\lib\armv6m-ti-none-eabi\c\</path>
         <kind>archive</kind>
         <file>libc.a</file>
         <name>fopen.c.obj</name>
      </input_file>
      <input_file id="fl-50">
         <path>G:\electronic\ti\ccs2050\ccs\tools\compiler\ti-cgt-armllvm_4.0.4.LTS\lib\armv6m-ti-none-eabi\c\</path>
         <kind>archive</kind>
         <file>libc.a</file>
         <name>fseek.c.obj</name>
      </input_file>
      <input_file id="fl-51">
         <path>G:\electronic\ti\ccs2050\ccs\tools\compiler\ti-cgt-armllvm_4.0.4.LTS\lib\armv6m-ti-none-eabi\c\</path>
         <kind>archive</kind>
         <file>libc.a</file>
         <name>fclose.c.obj</name>
      </input_file>
      <input_file id="fl-f1">
         <path>G:\electronic\ti\ccs2050\ccs\tools\compiler\ti-cgt-armllvm_4.0.4.LTS\lib\armv6m-ti-none-eabi\c\</path>
         <kind>archive</kind>
         <file>libsysbm.a</file>
         <name>hostexit.c.obj</name>
      </input_file>
      <input_file id="fl-f2">
         <path>G:\electronic\ti\ccs2050\ccs\tools\compiler\ti-cgt-armllvm_4.0.4.LTS\lib\armv6m-ti-none-eabi\c\</path>
         <kind>archive</kind>
         <file>libsysbm.a</file>
         <name>write.c.obj</name>
      </input_file>
      <input_file id="fl-f3">
         <path>G:\electronic\ti\ccs2050\ccs\tools\compiler\ti-cgt-armllvm_4.0.4.LTS\lib\armv6m-ti-none-eabi\c\</path>
         <kind>archive</kind>
         <file>libsysbm.a</file>
         <name>host_device.c.obj</name>
      </input_file>
      <input_file id="fl-f4">
         <path>G:\electronic\ti\ccs2050\ccs\tools\compiler\ti-cgt-armllvm_4.0.4.LTS\lib\armv6m-ti-none-eabi\c\</path>
         <kind>archive</kind>
         <file>libsysbm.a</file>
         <name>remove.c.obj</name>
      </input_file>
      <input_file id="fl-f5">
         <path>G:\electronic\ti\ccs2050\ccs\tools\compiler\ti-cgt-armllvm_4.0.4.LTS\lib\armv6m-ti-none-eabi\c\</path>
         <kind>archive</kind>
         <file>libsysbm.a</file>
         <name>open.c.obj</name>
      </input_file>
      <input_file id="fl-f6">
         <path>G:\electronic\ti\ccs2050\ccs\tools\compiler\ti-cgt-armllvm_4.0.4.LTS\lib\armv6m-ti-none-eabi\c\</path>
         <kind>archive</kind>
         <file>libsysbm.a</file>
         <name>lseek.c.obj</name>
      </input_file>
      <input_file id="fl-f7">
         <path>G:\electronic\ti\ccs2050\ccs\tools\compiler\ti-cgt-armllvm_4.0.4.LTS\lib\armv6m-ti-none-eabi\c\</path>
         <kind>archive</kind>
         <file>libsysbm.a</file>
         <name>close.c.obj</name>
      </input_file>
      <input_file id="fl-f8">
         <path>G:\electronic\ti\ccs2050\ccs\tools\compiler\ti-cgt-armllvm_4.0.4.LTS\lib\armv6m-ti-none-eabi\c\</path>
         <kind>archive</kind>
         <file>libsysbm.a</file>
         <name>unlink.c.obj</name>
      </input_file>
      <input_file id="fl-f9">
         <path>G:\electronic\ti\ccs2050\ccs\tools\compiler\ti-cgt-armllvm_4.0.4.LTS\lib\armv6m-ti-none-eabi\c\</path>
         <kind>archive</kind>
         <file>libsysbm.a</file>
         <name>hostclose.c.obj</name>
      </input_file>
      <input_file id="fl-fa">
         <path>G:\electronic\ti\ccs2050\ccs\tools\compiler\ti-cgt-armllvm_4.0.4.LTS\lib\armv6m-ti-none-eabi\c\</path>
         <kind>archive</kind>
         <file>libsysbm.a</file>
         <name>hostlseek.c.obj</name>
      </input_file>
      <input_file id="fl-fb">
         <path>G:\electronic\ti\ccs2050\ccs\tools\compiler\ti-cgt-armllvm_4.0.4.LTS\lib\armv6m-ti-none-eabi\c\</path>
         <kind>archive</kind>
         <file>libsysbm.a</file>
         <name>hostopen.c.obj</name>
      </input_file>
      <input_file id="fl-fc">
         <path>G:\electronic\ti\ccs2050\ccs\tools\compiler\ti-cgt-armllvm_4.0.4.LTS\lib\armv6m-ti-none-eabi\c\</path>
         <kind>archive</kind>
         <file>libsysbm.a</file>
         <name>hostread.c.obj</name>
      </input_file>
      <input_file id="fl-fd">
         <path>G:\electronic\ti\ccs2050\ccs\tools\compiler\ti-cgt-armllvm_4.0.4.LTS\lib\armv6m-ti-none-eabi\c\</path>
         <kind>archive</kind>
         <file>libsysbm.a</file>
         <name>hostrename.c.obj</name>
      </input_file>
      <input_file id="fl-fe">
         <path>G:\electronic\ti\ccs2050\ccs\tools\compiler\ti-cgt-armllvm_4.0.4.LTS\lib\armv6m-ti-none-eabi\c\</path>
         <kind>archive</kind>
         <file>libsysbm.a</file>
         <name>hostunlink.c.obj</name>
      </input_file>
      <input_file id="fl-ff">
         <path>G:\electronic\ti\ccs2050\ccs\tools\compiler\ti-cgt-armllvm_4.0.4.LTS\lib\armv6m-ti-none-eabi\c\</path>
         <kind>archive</kind>
         <file>libsysbm.a</file>
         <name>hostwrite.c.obj</name>
      </input_file>
      <input_file id="fl-100">
         <path>G:\electronic\ti\ccs2050\ccs\tools\compiler\ti-cgt-armllvm_4.0.4.LTS\lib\armv6m-ti-none-eabi\c\</path>
         <kind>archive</kind>
         <file>libsysbm.a</file>
         <name>trgmsg.c.obj</name>
      </input_file>
      <input_file id="fl-101">
         <path>G:\electronic\ti\ccs2050\ccs\tools\compiler\ti-cgt-armllvm_4.0.4.LTS\lib\armv6m-ti-none-eabi\</path>
         <kind>archive</kind>
         <file>libclang_rt.builtins.a</file>
         <name>addsf3.S.obj</name>
      </input_file>
      <input_file id="fl-102">
         <path>G:\electronic\ti\ccs2050\ccs\tools\compiler\ti-cgt-armllvm_4.0.4.LTS\lib\armv6m-ti-none-eabi\</path>
         <kind>archive</kind>
         <file>libclang_rt.builtins.a</file>
         <name>adddf3.S.obj</name>
      </input_file>
      <input_file id="fl-103">
         <path>G:\electronic\ti\ccs2050\ccs\tools\compiler\ti-cgt-armllvm_4.0.4.LTS\lib\armv6m-ti-none-eabi\</path>
         <kind>archive</kind>
         <file>libclang_rt.builtins.a</file>
         <name>muldf3.S.obj</name>
      </input_file>
      <input_file id="fl-104">
         <path>G:\electronic\ti\ccs2050\ccs\tools\compiler\ti-cgt-armllvm_4.0.4.LTS\lib\armv6m-ti-none-eabi\</path>
         <kind>archive</kind>
         <file>libclang_rt.builtins.a</file>
         <name>muldsi3.S.obj</name>
      </input_file>
      <input_file id="fl-105">
         <path>G:\electronic\ti\ccs2050\ccs\tools\compiler\ti-cgt-armllvm_4.0.4.LTS\lib\armv6m-ti-none-eabi\</path>
         <kind>archive</kind>
         <file>libclang_rt.builtins.a</file>
         <name>mulsf3.S.obj</name>
      </input_file>
      <input_file id="fl-106">
         <path>G:\electronic\ti\ccs2050\ccs\tools\compiler\ti-cgt-armllvm_4.0.4.LTS\lib\armv6m-ti-none-eabi\</path>
         <kind>archive</kind>
         <file>libclang_rt.builtins.a</file>
         <name>divsf3.S.obj</name>
      </input_file>
      <input_file id="fl-107">
         <path>G:\electronic\ti\ccs2050\ccs\tools\compiler\ti-cgt-armllvm_4.0.4.LTS\lib\armv6m-ti-none-eabi\</path>
         <kind>archive</kind>
         <file>libclang_rt.builtins.a</file>
         <name>divdf3.S.obj</name>
      </input_file>
      <input_file id="fl-108">
         <path>G:\electronic\ti\ccs2050\ccs\tools\compiler\ti-cgt-armllvm_4.0.4.LTS\lib\armv6m-ti-none-eabi\</path>
         <kind>archive</kind>
         <file>libclang_rt.builtins.a</file>
         <name>extendsfdf2.S.obj</name>
      </input_file>
      <input_file id="fl-109">
         <path>G:\electronic\ti\ccs2050\ccs\tools\compiler\ti-cgt-armllvm_4.0.4.LTS\lib\armv6m-ti-none-eabi\</path>
         <kind>archive</kind>
         <file>libclang_rt.builtins.a</file>
         <name>fixdfsi.S.obj</name>
      </input_file>
      <input_file id="fl-10a">
         <path>G:\electronic\ti\ccs2050\ccs\tools\compiler\ti-cgt-armllvm_4.0.4.LTS\lib\armv6m-ti-none-eabi\</path>
         <kind>archive</kind>
         <file>libclang_rt.builtins.a</file>
         <name>fixunssfsi.S.obj</name>
      </input_file>
      <input_file id="fl-10b">
         <path>G:\electronic\ti\ccs2050\ccs\tools\compiler\ti-cgt-armllvm_4.0.4.LTS\lib\armv6m-ti-none-eabi\</path>
         <kind>archive</kind>
         <file>libclang_rt.builtins.a</file>
         <name>floatsidf.S.obj</name>
      </input_file>
      <input_file id="fl-10c">
         <path>G:\electronic\ti\ccs2050\ccs\tools\compiler\ti-cgt-armllvm_4.0.4.LTS\lib\armv6m-ti-none-eabi\</path>
         <kind>archive</kind>
         <file>libclang_rt.builtins.a</file>
         <name>floatunsidf.S.obj</name>
      </input_file>
      <input_file id="fl-10d">
         <path>G:\electronic\ti\ccs2050\ccs\tools\compiler\ti-cgt-armllvm_4.0.4.LTS\lib\armv6m-ti-none-eabi\</path>
         <kind>archive</kind>
         <file>libclang_rt.builtins.a</file>
         <name>floatunsisf.S.obj</name>
      </input_file>
      <input_file id="fl-10e">
         <path>G:\electronic\ti\ccs2050\ccs\tools\compiler\ti-cgt-armllvm_4.0.4.LTS\lib\armv6m-ti-none-eabi\</path>
         <kind>archive</kind>
         <file>libclang_rt.builtins.a</file>
         <name>muldi3.S.obj</name>
      </input_file>
      <input_file id="fl-10f">
         <path>G:\electronic\ti\ccs2050\ccs\tools\compiler\ti-cgt-armllvm_4.0.4.LTS\lib\armv6m-ti-none-eabi\</path>
         <kind>archive</kind>
         <file>libclang_rt.builtins.a</file>
         <name>truncdfsf2.S.obj</name>
      </input_file>
      <input_file id="fl-110">
         <path>G:\electronic\ti\ccs2050\ccs\tools\compiler\ti-cgt-armllvm_4.0.4.LTS\lib\armv6m-ti-none-eabi\</path>
         <kind>archive</kind>
         <file>libclang_rt.builtins.a</file>
         <name>aeabi_dcmp.S.obj</name>
      </input_file>
      <input_file id="fl-111">
         <path>G:\electronic\ti\ccs2050\ccs\tools\compiler\ti-cgt-armllvm_4.0.4.LTS\lib\armv6m-ti-none-eabi\</path>
         <kind>archive</kind>
         <file>libclang_rt.builtins.a</file>
         <name>aeabi_fcmp.S.obj</name>
      </input_file>
      <input_file id="fl-112">
         <path>G:\electronic\ti\ccs2050\ccs\tools\compiler\ti-cgt-armllvm_4.0.4.LTS\lib\armv6m-ti-none-eabi\</path>
         <kind>archive</kind>
         <file>libclang_rt.builtins.a</file>
         <name>aeabi_idivmod.S.obj</name>
      </input_file>
      <input_file id="fl-113">
         <path>G:\electronic\ti\ccs2050\ccs\tools\compiler\ti-cgt-armllvm_4.0.4.LTS\lib\armv6m-ti-none-eabi\</path>
         <kind>archive</kind>
         <file>libclang_rt.builtins.a</file>
         <name>aeabi_memcpy.S.obj</name>
      </input_file>
      <input_file id="fl-114">
         <path>G:\electronic\ti\ccs2050\ccs\tools\compiler\ti-cgt-armllvm_4.0.4.LTS\lib\armv6m-ti-none-eabi\</path>
         <kind>archive</kind>
         <file>libclang_rt.builtins.a</file>
         <name>aeabi_memset.S.obj</name>
      </input_file>
      <input_file id="fl-115">
         <path>G:\electronic\ti\ccs2050\ccs\tools\compiler\ti-cgt-armllvm_4.0.4.LTS\lib\armv6m-ti-none-eabi\</path>
         <kind>archive</kind>
         <file>libclang_rt.builtins.a</file>
         <name>aeabi_uidivmod.S.obj</name>
      </input_file>
      <input_file id="fl-116">
         <path>G:\electronic\ti\ccs2050\ccs\tools\compiler\ti-cgt-armllvm_4.0.4.LTS\lib\armv6m-ti-none-eabi\</path>
         <kind>archive</kind>
         <file>libclang_rt.builtins.a</file>
         <name>aeabi_uldivmod.S.obj</name>
      </input_file>
      <input_file id="fl-117">
         <path>G:\electronic\ti\ccs2050\ccs\tools\compiler\ti-cgt-armllvm_4.0.4.LTS\lib\armv6m-ti-none-eabi\</path>
         <kind>archive</kind>
         <file>libclang_rt.builtins.a</file>
         <name>comparesf2.S.obj</name>
      </input_file>
      <input_file id="fl-118">
         <path>G:\electronic\ti\ccs2050\ccs\tools\compiler\ti-cgt-armllvm_4.0.4.LTS\lib\armv6m-ti-none-eabi\</path>
         <kind>archive</kind>
         <file>libclang_rt.builtins.a</file>
         <name>udivmoddi4.S.obj</name>
      </input_file>
      <input_file id="fl-119">
         <path>G:\electronic\ti\ccs2050\ccs\tools\compiler\ti-cgt-armllvm_4.0.4.LTS\lib\armv6m-ti-none-eabi\</path>
         <kind>archive</kind>
         <file>libclang_rt.builtins.a</file>
         <name>ashldi3.S.obj</name>
      </input_file>
      <input_file id="fl-11a">
         <path>G:\electronic\ti\ccs2050\ccs\tools\compiler\ti-cgt-armllvm_4.0.4.LTS\lib\armv6m-ti-none-eabi\</path>
         <kind>archive</kind>
         <file>libclang_rt.builtins.a</file>
         <name>fixsfsi.S.obj</name>
      </input_file>
      <input_file id="fl-11b">
         <path>G:\electronic\ti\ccs2050\ccs\tools\compiler\ti-cgt-armllvm_4.0.4.LTS\lib\armv6m-ti-none-eabi\</path>
         <kind>archive</kind>
         <file>libclang_rt.builtins.a</file>
         <name>comparedf2.c.obj</name>
      </input_file>
      <input_file id="fl-11c">
         <path>G:\electronic\ti\ccs2050\ccs\tools\compiler\ti-cgt-armllvm_4.0.4.LTS\lib\armv6m-ti-none-eabi\</path>
         <kind>archive</kind>
         <file>libclang_rt.builtins.a</file>
         <name>aeabi_div0.c.obj</name>
      </input_file>
      <input_file id="fl-11d">
         <path>G:\electronic\ti\ccs2050\ccs\tools\compiler\ti-cgt-armllvm_4.0.4.LTS\lib\armv6m-ti-none-eabi\c\</path>
         <kind>archive</kind>
         <file>libc.a</file>
         <name>getdevice.c.obj</name>
      </input_file>
      <input_file id="fl-11e">
         <path>G:\electronic\ti\ccs2050\ccs\tools\compiler\ti-cgt-armllvm_4.0.4.LTS\lib\armv6m-ti-none-eabi\c\</path>
         <kind>archive</kind>
         <file>libc.a</file>
         <name>memcpy16.S.obj</name>
      </input_file>
      <input_file id="fl-11f">
         <path>G:\electronic\ti\ccs2050\ccs\tools\compiler\ti-cgt-armllvm_4.0.4.LTS\lib\armv6m-ti-none-eabi\c\</path>
         <kind>archive</kind>
         <file>libc.a</file>
         <name>memset16.S.obj</name>
      </input_file>
      <input_file id="fl-120">
         <path>G:\electronic\ti\ccs2050\ccs\tools\compiler\ti-cgt-armllvm_4.0.4.LTS\lib\armv6m-ti-none-eabi\c\</path>
         <kind>archive</kind>
         <file>libc.a</file>
         <name>strcmp-armv6m.S.obj</name>
      </input_file>
   </input_file_list>
   <object_component_list>
      <object_component id="oc-18">
         <name>.intvecs</name>
         <load_address>0x0</load_address>
         <readonly>true</readonly>
         <run_address>0x0</run_address>
         <size>0xc0</size>
         <alignment>0x4</alignment>
         <input_file_ref idref="fl-2"/>
      </object_component>
      <object_component id="oc-1e0">
         <name>.text:__TI_printfi</name>
         <load_address>0xc0</load_address>
         <readonly>true</readonly>
         <executable>true</executable>
         <run_address>0xc0</run_address>
         <size>0x9d0</size>
         <alignment>0x4</alignment>
         <input_file_ref idref="fl-3c"/>
      </object_component>
      <object_component id="oc-223">
         <name>.text._pconv_a</name>
         <load_address>0xa90</load_address>
         <readonly>true</readonly>
         <executable>true</executable>
         <run_address>0xa90</run_address>
         <size>0x220</size>
         <alignment>0x4</alignment>
         <input_file_ref idref="fl-3c"/>
      </object_component>
      <object_component id="oc-224">
         <name>.text._pconv_g</name>
         <load_address>0xcb0</load_address>
         <readonly>true</readonly>
         <executable>true</executable>
         <run_address>0xcb0</run_address>
         <size>0x1dc</size>
         <alignment>0x4</alignment>
         <input_file_ref idref="fl-3c"/>
      </object_component>
      <object_component id="oc-150">
         <name>.text.SYSCFG_DL_GPIO_init</name>
         <load_address>0xe8c</load_address>
         <readonly>true</readonly>
         <executable>true</executable>
         <run_address>0xe8c</run_address>
         <size>0x1d8</size>
         <alignment>0x4</alignment>
         <input_file_ref idref="fl-1"/>
      </object_component>
      <object_component id="oc-6c">
         <name>.text.DC_MOTOR_PID</name>
         <load_address>0x1064</load_address>
         <readonly>true</readonly>
         <executable>true</executable>
         <run_address>0x1064</run_address>
         <size>0x19c</size>
         <alignment>0x4</alignment>
         <input_file_ref idref="fl-7"/>
      </object_component>
      <object_component id="oc-261">
         <name>.text.adddf3_subdf3</name>
         <load_address>0x1200</load_address>
         <readonly>true</readonly>
         <executable>true</executable>
         <run_address>0x1200</run_address>
         <size>0x192</size>
         <alignment>0x4</alignment>
         <input_file_ref idref="fl-102"/>
      </object_component>
      <object_component id="oc-12b">
         <name>.text.__aeabi_idiv0</name>
         <load_address>0x1392</load_address>
         <readonly>true</readonly>
         <executable>true</executable>
         <run_address>0x1392</run_address>
         <size>0x2</size>
         <alignment>0x2</alignment>
         <input_file_ref idref="fl-11c"/>
      </object_component>
      <object_component id="oc-6b">
         <name>.text.calculate_speed</name>
         <load_address>0x1394</load_address>
         <readonly>true</readonly>
         <executable>true</executable>
         <run_address>0x1394</run_address>
         <size>0x158</size>
         <alignment>0x4</alignment>
         <input_file_ref idref="fl-7"/>
      </object_component>
      <object_component id="oc-7c">
         <name>.text.main</name>
         <load_address>0x14ec</load_address>
         <readonly>true</readonly>
         <executable>true</executable>
         <run_address>0x14ec</run_address>
         <size>0x14c</size>
         <alignment>0x4</alignment>
         <input_file_ref idref="fl-3"/>
      </object_component>
      <object_component id="oc-265">
         <name>.text.fcvt</name>
         <load_address>0x1638</load_address>
         <readonly>true</readonly>
         <executable>true</executable>
         <run_address>0x1638</run_address>
         <size>0x13c</size>
         <alignment>0x4</alignment>
         <input_file_ref idref="fl-3c"/>
      </object_component>
      <object_component id="oc-226">
         <name>.text._pconv_e</name>
         <load_address>0x1774</load_address>
         <readonly>true</readonly>
         <executable>true</executable>
         <run_address>0x1774</run_address>
         <size>0x120</size>
         <alignment>0x4</alignment>
         <input_file_ref idref="fl-3c"/>
      </object_component>
      <object_component id="oc-25d">
         <name>.text.__divdf3</name>
         <load_address>0x1894</load_address>
         <readonly>true</readonly>
         <executable>true</executable>
         <run_address>0x1894</run_address>
         <size>0x10c</size>
         <alignment>0x4</alignment>
         <input_file_ref idref="fl-107"/>
      </object_component>
      <object_component id="oc-66">
         <name>.text.line_pid_update</name>
         <load_address>0x19a0</load_address>
         <readonly>true</readonly>
         <executable>true</executable>
         <run_address>0x19a0</run_address>
         <size>0x108</size>
         <alignment>0x4</alignment>
         <input_file_ref idref="fl-9"/>
      </object_component>
      <object_component id="oc-1ae">
         <name>.text.DL_Timer_initFourCCPWMMode</name>
         <load_address>0x1aa8</load_address>
         <readonly>true</readonly>
         <executable>true</executable>
         <run_address>0x1aa8</run_address>
         <size>0x104</size>
         <alignment>0x4</alignment>
         <input_file_ref idref="fl-1a"/>
      </object_component>
      <object_component id="oc-f4">
         <name>.text.motor_set_direction</name>
         <load_address>0x1bac</load_address>
         <readonly>true</readonly>
         <executable>true</executable>
         <run_address>0x1bac</run_address>
         <size>0x100</size>
         <alignment>0x4</alignment>
         <input_file_ref idref="fl-7"/>
      </object_component>
      <object_component id="oc-1b8">
         <name>.text.DL_Timer_initTimerMode</name>
         <load_address>0x1cac</load_address>
         <readonly>true</readonly>
         <executable>true</executable>
         <run_address>0x1cac</run_address>
         <size>0xfc</size>
         <alignment>0x4</alignment>
         <input_file_ref idref="fl-1a"/>
      </object_component>
      <object_component id="oc-1a7">
         <name>.text.SYSCFG_DL_SYSCTL_SYSPLL_init</name>
         <load_address>0x1da8</load_address>
         <readonly>true</readonly>
         <executable>true</executable>
         <run_address>0x1da8</run_address>
         <size>0xe8</size>
         <alignment>0x4</alignment>
         <input_file_ref idref="fl-1"/>
      </object_component>
      <object_component id="oc-b5">
         <name>.text.__muldf3</name>
         <load_address>0x1e90</load_address>
         <readonly>true</readonly>
         <executable>true</executable>
         <run_address>0x1e90</run_address>
         <size>0xe4</size>
         <alignment>0x4</alignment>
         <input_file_ref idref="fl-103"/>
      </object_component>
      <object_component id="oc-1a6">
         <name>.text.DL_SYSCTL_configSYSPLL</name>
         <load_address>0x1f74</load_address>
         <readonly>true</readonly>
         <executable>true</executable>
         <run_address>0x1f74</run_address>
         <size>0xdc</size>
         <alignment>0x4</alignment>
         <input_file_ref idref="fl-1c"/>
      </object_component>
      <object_component id="oc-248">
         <name>.text.scalbn</name>
         <load_address>0x2050</load_address>
         <readonly>true</readonly>
         <executable>true</executable>
         <run_address>0x2050</run_address>
         <size>0xd8</size>
         <alignment>0x4</alignment>
         <input_file_ref idref="fl-48"/>
      </object_component>
      <object_component id="oc-97">
         <name>.text</name>
         <load_address>0x2128</load_address>
         <readonly>true</readonly>
         <executable>true</executable>
         <run_address>0x2128</run_address>
         <size>0xd8</size>
         <alignment>0x4</alignment>
         <input_file_ref idref="fl-101"/>
      </object_component>
      <object_component id="oc-8b">
         <name>.text.huidu_get_value</name>
         <load_address>0x2200</load_address>
         <readonly>true</readonly>
         <executable>true</executable>
         <run_address>0x2200</run_address>
         <size>0xb4</size>
         <alignment>0x4</alignment>
         <input_file_ref idref="fl-5"/>
      </object_component>
      <object_component id="oc-23f">
         <name>.text</name>
         <load_address>0x22b4</load_address>
         <readonly>true</readonly>
         <executable>true</executable>
         <run_address>0x22b4</run_address>
         <size>0xa2</size>
         <alignment>0x4</alignment>
         <input_file_ref idref="fl-118"/>
      </object_component>
      <object_component id="oc-269">
         <name>.text.__aeabi_ldiv0</name>
         <load_address>0x2356</load_address>
         <readonly>true</readonly>
         <executable>true</executable>
         <run_address>0x2356</run_address>
         <size>0x2</size>
         <alignment>0x2</alignment>
         <input_file_ref idref="fl-11c"/>
      </object_component>
      <object_component id="oc-f3">
         <name>.text.motor_init</name>
         <load_address>0x2358</load_address>
         <readonly>true</readonly>
         <executable>true</executable>
         <run_address>0x2358</run_address>
         <size>0xa0</size>
         <alignment>0x4</alignment>
         <input_file_ref idref="fl-7"/>
      </object_component>
      <object_component id="oc-95">
         <name>.text.line_pid_calculate</name>
         <load_address>0x23f8</load_address>
         <readonly>true</readonly>
         <executable>true</executable>
         <run_address>0x23f8</run_address>
         <size>0x9c</size>
         <alignment>0x4</alignment>
         <input_file_ref idref="fl-9"/>
      </object_component>
      <object_component id="oc-92">
         <name>.text.line_handle_lost</name>
         <load_address>0x2494</load_address>
         <readonly>true</readonly>
         <executable>true</executable>
         <run_address>0x2494</run_address>
         <size>0x94</size>
         <alignment>0x4</alignment>
         <input_file_ref idref="fl-9"/>
      </object_component>
      <object_component id="oc-153">
         <name>.text.SYSCFG_DL_PWMAB_init</name>
         <load_address>0x2528</load_address>
         <readonly>true</readonly>
         <executable>true</executable>
         <run_address>0x2528</run_address>
         <size>0x8c</size>
         <alignment>0x4</alignment>
         <input_file_ref idref="fl-1"/>
      </object_component>
      <object_component id="oc-14f">
         <name>.text.SYSCFG_DL_initPower</name>
         <load_address>0x25b4</load_address>
         <readonly>true</readonly>
         <executable>true</executable>
         <run_address>0x25b4</run_address>
         <size>0x8c</size>
         <alignment>0x4</alignment>
         <input_file_ref idref="fl-1"/>
      </object_component>
      <object_component id="oc-c5">
         <name>.text.__mulsf3</name>
         <load_address>0x2640</load_address>
         <readonly>true</readonly>
         <executable>true</executable>
         <run_address>0x2640</run_address>
         <size>0x8c</size>
         <alignment>0x4</alignment>
         <input_file_ref idref="fl-105"/>
      </object_component>
      <object_component id="oc-ad">
         <name>.text.__divsf3</name>
         <load_address>0x26cc</load_address>
         <readonly>true</readonly>
         <executable>true</executable>
         <run_address>0x26cc</run_address>
         <size>0x82</size>
         <alignment>0x4</alignment>
         <input_file_ref idref="fl-106"/>
      </object_component>
      <object_component id="oc-1c">
         <name>.text:decompress:lzss</name>
         <load_address>0x2750</load_address>
         <readonly>true</readonly>
         <executable>true</executable>
         <run_address>0x2750</run_address>
         <size>0x7c</size>
         <alignment>0x4</alignment>
         <input_file_ref idref="fl-3b"/>
      </object_component>
      <object_component id="oc-151">
         <name>.text.SYSCFG_DL_SYSCTL_init</name>
         <load_address>0x27cc</load_address>
         <readonly>true</readonly>
         <executable>true</executable>
         <run_address>0x27cc</run_address>
         <size>0x74</size>
         <alignment>0x4</alignment>
         <input_file_ref idref="fl-1"/>
      </object_component>
      <object_component id="oc-22e">
         <name>.text.__gedf2</name>
         <load_address>0x2840</load_address>
         <readonly>true</readonly>
         <executable>true</executable>
         <run_address>0x2840</run_address>
         <size>0x74</size>
         <alignment>0x4</alignment>
         <input_file_ref idref="fl-11b"/>
      </object_component>
      <object_component id="oc-1a9">
         <name>.text.DL_SYSCTL_getClockStatus</name>
         <load_address>0x28b4</load_address>
         <readonly>true</readonly>
         <executable>true</executable>
         <run_address>0x28b4</run_address>
         <size>0xc</size>
         <alignment>0x4</alignment>
         <input_file_ref idref="fl-1"/>
      </object_component>
      <object_component id="oc-b9">
         <name>.text.__truncdfsf2</name>
         <load_address>0x28c0</load_address>
         <readonly>true</readonly>
         <executable>true</executable>
         <run_address>0x28c0</run_address>
         <size>0x74</size>
         <alignment>0x10</alignment>
         <input_file_ref idref="fl-10f"/>
      </object_component>
      <object_component id="oc-152">
         <name>.text.SYSCFG_DL_SERVO_init</name>
         <load_address>0x2934</load_address>
         <readonly>true</readonly>
         <executable>true</executable>
         <run_address>0x2934</run_address>
         <size>0x6c</size>
         <alignment>0x4</alignment>
         <input_file_ref idref="fl-1"/>
      </object_component>
      <object_component id="oc-96">
         <name>.text.line_calculate_base_speed</name>
         <load_address>0x29a0</load_address>
         <readonly>true</readonly>
         <executable>true</executable>
         <run_address>0x29a0</run_address>
         <size>0x6c</size>
         <alignment>0x4</alignment>
         <input_file_ref idref="fl-9"/>
      </object_component>
      <object_component id="oc-94">
         <name>.text.line_calculate_error</name>
         <load_address>0x2a0c</load_address>
         <readonly>true</readonly>
         <executable>true</executable>
         <run_address>0x2a0c</run_address>
         <size>0x6c</size>
         <alignment>0x4</alignment>
         <input_file_ref idref="fl-9"/>
      </object_component>
      <object_component id="oc-228">
         <name>.text.__ledf2</name>
         <load_address>0x2a78</load_address>
         <readonly>true</readonly>
         <executable>true</executable>
         <run_address>0x2a78</run_address>
         <size>0x68</size>
         <alignment>0x4</alignment>
         <input_file_ref idref="fl-11b"/>
      </object_component>
      <object_component id="oc-25c">
         <name>.text._mcpy</name>
         <load_address>0x2ae0</load_address>
         <readonly>true</readonly>
         <executable>true</executable>
         <run_address>0x2ae0</run_address>
         <size>0x66</size>
         <alignment>0x2</alignment>
         <input_file_ref idref="fl-3c"/>
      </object_component>
      <object_component id="oc-1a0">
         <name>.text.DL_SYSCTL_setHFCLKSourceHFXTParams</name>
         <load_address>0x2b48</load_address>
         <readonly>true</readonly>
         <executable>true</executable>
         <run_address>0x2b48</run_address>
         <size>0x64</size>
         <alignment>0x4</alignment>
         <input_file_ref idref="fl-1c"/>
      </object_component>
      <object_component id="oc-1fc">
         <name>.text.__aeabi_dcmp</name>
         <load_address>0x2bac</load_address>
         <readonly>true</readonly>
         <executable>true</executable>
         <run_address>0x2bac</run_address>
         <size>0x62</size>
         <alignment>0x4</alignment>
         <input_file_ref idref="fl-110"/>
      </object_component>
      <object_component id="oc-c9">
         <name>.text.__aeabi_fcmp</name>
         <load_address>0x2c10</load_address>
         <readonly>true</readonly>
         <executable>true</executable>
         <run_address>0x2c10</run_address>
         <size>0x62</size>
         <alignment>0x4</alignment>
         <input_file_ref idref="fl-111"/>
      </object_component>
      <object_component id="oc-155">
         <name>.text.SYSCFG_DL_OLED_init</name>
         <load_address>0x2c74</load_address>
         <readonly>true</readonly>
         <executable>true</executable>
         <run_address>0x2c74</run_address>
         <size>0x60</size>
         <alignment>0x4</alignment>
         <input_file_ref idref="fl-1"/>
      </object_component>
      <object_component id="oc-244">
         <name>.text.frexp</name>
         <load_address>0x2cd4</load_address>
         <readonly>true</readonly>
         <executable>true</executable>
         <run_address>0x2cd4</run_address>
         <size>0x5c</size>
         <alignment>0x4</alignment>
         <input_file_ref idref="fl-47"/>
      </object_component>
      <object_component id="oc-250">
         <name>.text.__TI_ltoa</name>
         <load_address>0x2d30</load_address>
         <readonly>true</readonly>
         <executable>true</executable>
         <run_address>0x2d30</run_address>
         <size>0x58</size>
         <alignment>0x2</alignment>
         <input_file_ref idref="fl-40"/>
      </object_component>
      <object_component id="oc-225">
         <name>.text._pconv_f</name>
         <load_address>0x2d88</load_address>
         <readonly>true</readonly>
         <executable>true</executable>
         <run_address>0x2d88</run_address>
         <size>0x58</size>
         <alignment>0x2</alignment>
         <input_file_ref idref="fl-3c"/>
      </object_component>
      <object_component id="oc-276">
         <name>.text.__aeabi_idivmod</name>
         <load_address>0x2de0</load_address>
         <readonly>true</readonly>
         <executable>true</executable>
         <run_address>0x2de0</run_address>
         <size>0x56</size>
         <alignment>0x4</alignment>
         <input_file_ref idref="fl-112"/>
      </object_component>
      <object_component id="oc-25a">
         <name>.text._ecpy</name>
         <load_address>0x2e36</load_address>
         <readonly>true</readonly>
         <executable>true</executable>
         <run_address>0x2e36</run_address>
         <size>0x52</size>
         <alignment>0x2</alignment>
         <input_file_ref idref="fl-3c"/>
      </object_component>
      <object_component id="oc-192">
         <name>.text.DL_GPIO_initPeripheralInputFunctionFeatures</name>
         <load_address>0x2e88</load_address>
         <readonly>true</readonly>
         <executable>true</executable>
         <run_address>0x2e88</run_address>
         <size>0x50</size>
         <alignment>0x4</alignment>
         <input_file_ref idref="fl-1"/>
      </object_component>
      <object_component id="oc-f5">
         <name>.text.line_pid_init</name>
         <load_address>0x2ed8</load_address>
         <readonly>true</readonly>
         <executable>true</executable>
         <run_address>0x2ed8</run_address>
         <size>0x50</size>
         <alignment>0x4</alignment>
         <input_file_ref idref="fl-9"/>
      </object_component>
      <object_component id="oc-196">
         <name>.text.DL_GPIO_initDigitalInputFeatures</name>
         <load_address>0x2f28</load_address>
         <readonly>true</readonly>
         <executable>true</executable>
         <run_address>0x2f28</run_address>
         <size>0x4c</size>
         <alignment>0x4</alignment>
         <input_file_ref idref="fl-1"/>
      </object_component>
      <object_component id="oc-1d4">
         <name>.text.DL_UART_setBaudRateDivisor</name>
         <load_address>0x2f74</load_address>
         <readonly>true</readonly>
         <executable>true</executable>
         <run_address>0x2f74</run_address>
         <size>0x4c</size>
         <alignment>0x4</alignment>
         <input_file_ref idref="fl-1"/>
      </object_component>
      <object_component id="oc-93">
         <name>.text.line_handle_finish</name>
         <load_address>0x2fc0</load_address>
         <readonly>true</readonly>
         <executable>true</executable>
         <run_address>0x2fc0</run_address>
         <size>0x4c</size>
         <alignment>0x4</alignment>
         <input_file_ref idref="fl-9"/>
      </object_component>
      <object_component id="oc-d1">
         <name>.text.motor_set_duty</name>
         <load_address>0x300c</load_address>
         <readonly>true</readonly>
         <executable>true</executable>
         <run_address>0x300c</run_address>
         <size>0x4c</size>
         <alignment>0x4</alignment>
         <input_file_ref idref="fl-7"/>
      </object_component>
      <object_component id="oc-24c">
         <name>.text.__fixdfsi</name>
         <load_address>0x3058</load_address>
         <readonly>true</readonly>
         <executable>true</executable>
         <run_address>0x3058</run_address>
         <size>0x4a</size>
         <alignment>0x4</alignment>
         <input_file_ref idref="fl-109"/>
      </object_component>
      <object_component id="oc-1d2">
         <name>.text.DL_UART_init</name>
         <load_address>0x30a4</load_address>
         <readonly>true</readonly>
         <executable>true</executable>
         <run_address>0x30a4</run_address>
         <size>0x48</size>
         <alignment>0x4</alignment>
         <input_file_ref idref="fl-1b"/>
      </object_component>
      <object_component id="oc-156">
         <name>.text.SYSCFG_DL_DEBUG_init</name>
         <load_address>0x30ec</load_address>
         <readonly>true</readonly>
         <executable>true</executable>
         <run_address>0x30ec</run_address>
         <size>0x48</size>
         <alignment>0x4</alignment>
         <input_file_ref idref="fl-1"/>
      </object_component>
      <object_component id="oc-91">
         <name>.text.line_get_black_count</name>
         <load_address>0x3134</load_address>
         <readonly>true</readonly>
         <executable>true</executable>
         <run_address>0x3134</run_address>
         <size>0x48</size>
         <alignment>0x4</alignment>
         <input_file_ref idref="fl-9"/>
      </object_component>
      <object_component id="oc-1ab">
         <name>.text.DL_SYSCTL_switchMCLKfromSYSOSCtoHSCLK</name>
         <load_address>0x317c</load_address>
         <readonly>true</readonly>
         <executable>true</executable>
         <run_address>0x317c</run_address>
         <size>0x44</size>
         <alignment>0x4</alignment>
         <input_file_ref idref="fl-1c"/>
      </object_component>
      <object_component id="oc-34">
         <name>.text.GROUP1_IRQHandler</name>
         <load_address>0x31c0</load_address>
         <readonly>true</readonly>
         <executable>true</executable>
         <run_address>0x31c0</run_address>
         <size>0x44</size>
         <alignment>0x4</alignment>
         <input_file_ref idref="fl-6"/>
      </object_component>
      <object_component id="oc-a5">
         <name>.text.__aeabi_uidivmod</name>
         <load_address>0x3204</load_address>
         <readonly>true</readonly>
         <executable>true</executable>
         <run_address>0x3204</run_address>
         <size>0x40</size>
         <alignment>0x4</alignment>
         <input_file_ref idref="fl-115"/>
      </object_component>
      <object_component id="oc-b1">
         <name>.text.__extendsfdf2</name>
         <load_address>0x3244</load_address>
         <readonly>true</readonly>
         <executable>true</executable>
         <run_address>0x3244</run_address>
         <size>0x40</size>
         <alignment>0x4</alignment>
         <input_file_ref idref="fl-108"/>
      </object_component>
      <object_component id="oc-20d">
         <name>.text.atoi</name>
         <load_address>0x3284</load_address>
         <readonly>true</readonly>
         <executable>true</executable>
         <run_address>0x3284</run_address>
         <size>0x40</size>
         <alignment>0x4</alignment>
         <input_file_ref idref="fl-43"/>
      </object_component>
      <object_component id="oc-128">
         <name>.text.line_limit_float</name>
         <load_address>0x32c4</load_address>
         <readonly>true</readonly>
         <executable>true</executable>
         <run_address>0x32c4</run_address>
         <size>0x3e</size>
         <alignment>0x2</alignment>
         <input_file_ref idref="fl-9"/>
      </object_component>
      <object_component id="oc-1af">
         <name>.text.DL_Timer_setCounterControl</name>
         <load_address>0x3304</load_address>
         <readonly>true</readonly>
         <executable>true</executable>
         <run_address>0x3304</run_address>
         <size>0x3c</size>
         <alignment>0x4</alignment>
         <input_file_ref idref="fl-1"/>
      </object_component>
      <object_component id="oc-e6">
         <name>.text.SYSCFG_DL_init</name>
         <load_address>0x3340</load_address>
         <readonly>true</readonly>
         <executable>true</executable>
         <run_address>0x3340</run_address>
         <size>0x3c</size>
         <alignment>0x4</alignment>
         <input_file_ref idref="fl-1"/>
      </object_component>
      <object_component id="oc-39">
         <name>.text.TIMA0_IRQHandler</name>
         <load_address>0x337c</load_address>
         <readonly>true</readonly>
         <executable>true</executable>
         <run_address>0x337c</run_address>
         <size>0x3c</size>
         <alignment>0x4</alignment>
         <input_file_ref idref="fl-7"/>
      </object_component>
      <object_component id="oc-140">
         <name>.text.__gtsf2</name>
         <load_address>0x33b8</load_address>
         <readonly>true</readonly>
         <executable>true</executable>
         <run_address>0x33b8</run_address>
         <size>0x3c</size>
         <alignment>0x4</alignment>
         <input_file_ref idref="fl-117"/>
      </object_component>
      <object_component id="oc-113">
         <name>.text:__TI_auto_init_nobinit_nopinit</name>
         <load_address>0x33f4</load_address>
         <readonly>true</readonly>
         <executable>true</executable>
         <run_address>0x33f4</run_address>
         <size>0x3c</size>
         <alignment>0x4</alignment>
         <input_file_ref idref="fl-36"/>
      </object_component>
      <object_component id="oc-13b">
         <name>.text.__eqsf2</name>
         <load_address>0x3430</load_address>
         <readonly>true</readonly>
         <executable>true</executable>
         <run_address>0x3430</run_address>
         <size>0x3a</size>
         <alignment>0x4</alignment>
         <input_file_ref idref="fl-117"/>
      </object_component>
      <object_component id="oc-134">
         <name>.text.__muldsi3</name>
         <load_address>0x346c</load_address>
         <readonly>true</readonly>
         <executable>true</executable>
         <run_address>0x346c</run_address>
         <size>0x3a</size>
         <alignment>0x4</alignment>
         <input_file_ref idref="fl-104"/>
      </object_component>
      <object_component id="oc-142">
         <name>.text.__fixsfsi</name>
         <load_address>0x34a8</load_address>
         <readonly>true</readonly>
         <executable>true</executable>
         <run_address>0x34a8</run_address>
         <size>0x38</size>
         <alignment>0x4</alignment>
         <input_file_ref idref="fl-11a"/>
      </object_component>
      <object_component id="oc-90">
         <name>.text.line_set_target_speed</name>
         <load_address>0x34e0</load_address>
         <readonly>true</readonly>
         <executable>true</executable>
         <run_address>0x34e0</run_address>
         <size>0x38</size>
         <alignment>0x4</alignment>
         <input_file_ref idref="fl-9"/>
      </object_component>
      <object_component id="oc-f6">
         <name>.text.sprintf</name>
         <load_address>0x3518</load_address>
         <readonly>true</readonly>
         <executable>true</executable>
         <run_address>0x3518</run_address>
         <size>0x38</size>
         <alignment>0x4</alignment>
         <input_file_ref idref="fl-33"/>
      </object_component>
      <object_component id="oc-154">
         <name>.text.SYSCFG_DL_MOTOR_PID_init</name>
         <load_address>0x3550</load_address>
         <readonly>true</readonly>
         <executable>true</executable>
         <run_address>0x3550</run_address>
         <size>0x34</size>
         <alignment>0x4</alignment>
         <input_file_ref idref="fl-1"/>
      </object_component>
      <object_component id="oc-125">
         <name>.text.huidu_get_gpio_state</name>
         <load_address>0x3584</load_address>
         <readonly>true</readonly>
         <executable>true</executable>
         <run_address>0x3584</run_address>
         <size>0x34</size>
         <alignment>0x2</alignment>
         <input_file_ref idref="fl-5"/>
      </object_component>
      <object_component id="oc-cd">
         <name>.text.__fixunssfsi</name>
         <load_address>0x35b8</load_address>
         <readonly>true</readonly>
         <executable>true</executable>
         <run_address>0x35b8</run_address>
         <size>0x32</size>
         <alignment>0x4</alignment>
         <input_file_ref idref="fl-10a"/>
      </object_component>
      <object_component id="oc-1e1">
         <name>.text.DL_UART_transmitDataBlocking</name>
         <load_address>0x35ec</load_address>
         <readonly>true</readonly>
         <executable>true</executable>
         <run_address>0x35ec</run_address>
         <size>0x30</size>
         <alignment>0x4</alignment>
         <input_file_ref idref="fl-1b"/>
      </object_component>
      <object_component id="oc-25b">
         <name>.text._fcpy</name>
         <load_address>0x361c</load_address>
         <readonly>true</readonly>
         <executable>true</executable>
         <run_address>0x361c</run_address>
         <size>0x30</size>
         <alignment>0x2</alignment>
         <input_file_ref idref="fl-3c"/>
      </object_component>
      <object_component id="oc-147">
         <name>.text.limit_duty</name>
         <load_address>0x364c</load_address>
         <readonly>true</readonly>
         <executable>true</executable>
         <run_address>0x364c</run_address>
         <size>0x30</size>
         <alignment>0x4</alignment>
         <input_file_ref idref="fl-7"/>
      </object_component>
      <object_component id="oc-eb">
         <name>.text.__NVIC_EnableIRQ</name>
         <load_address>0x367c</load_address>
         <readonly>true</readonly>
         <executable>true</executable>
         <run_address>0x367c</run_address>
         <size>0x2c</size>
         <alignment>0x4</alignment>
         <input_file_ref idref="fl-3"/>
      </object_component>
      <object_component id="oc-15f">
         <name>.text.__NVIC_EnableIRQ</name>
         <load_address>0x36a8</load_address>
         <readonly>true</readonly>
         <executable>true</executable>
         <run_address>0x36a8</run_address>
         <size>0x2c</size>
         <alignment>0x4</alignment>
         <input_file_ref idref="fl-7"/>
      </object_component>
      <object_component id="oc-254">
         <name>.text.__floatsidf</name>
         <load_address>0x36d4</load_address>
         <readonly>true</readonly>
         <executable>true</executable>
         <run_address>0x36d4</run_address>
         <size>0x2c</size>
         <alignment>0x4</alignment>
         <input_file_ref idref="fl-10b"/>
      </object_component>
      <object_component id="oc-fc">
         <name>.text.UART_send_string</name>
         <load_address>0x3700</load_address>
         <readonly>true</readonly>
         <executable>true</executable>
         <run_address>0x3700</run_address>
         <size>0x2a</size>
         <alignment>0x2</alignment>
         <input_file_ref idref="fl-a"/>
      </object_component>
      <object_component id="oc-1f0">
         <name>.text.DL_Common_updateReg</name>
         <load_address>0x372a</load_address>
         <readonly>true</readonly>
         <executable>true</executable>
         <run_address>0x372a</run_address>
         <size>0x28</size>
         <alignment>0x2</alignment>
         <input_file_ref idref="fl-1"/>
      </object_component>
      <object_component id="oc-1c8">
         <name>.text.DL_I2C_setControllerRXFIFOThreshold</name>
         <load_address>0x3754</load_address>
         <readonly>true</readonly>
         <executable>true</executable>
         <run_address>0x3754</run_address>
         <size>0x28</size>
         <alignment>0x4</alignment>
         <input_file_ref idref="fl-1"/>
      </object_component>
      <object_component id="oc-1c7">
         <name>.text.DL_I2C_setControllerTXFIFOThreshold</name>
         <load_address>0x377c</load_address>
         <readonly>true</readonly>
         <executable>true</executable>
         <run_address>0x377c</run_address>
         <size>0x28</size>
         <alignment>0x4</alignment>
         <input_file_ref idref="fl-1"/>
      </object_component>
      <object_component id="oc-a9">
         <name>.text.__floatunsisf</name>
         <load_address>0x37a4</load_address>
         <readonly>true</readonly>
         <executable>true</executable>
         <run_address>0x37a4</run_address>
         <size>0x28</size>
         <alignment>0x4</alignment>
         <input_file_ref idref="fl-10d"/>
      </object_component>
      <object_component id="oc-59">
         <name>.text:_c_int00_noargs</name>
         <load_address>0x37cc</load_address>
         <readonly>true</readonly>
         <executable>true</executable>
         <run_address>0x37cc</run_address>
         <size>0x28</size>
         <alignment>0x4</alignment>
         <input_file_ref idref="fl-34"/>
      </object_component>
      <object_component id="oc-1c2">
         <name>.text.DL_I2C_setAnalogGlitchFilterPulseWidth</name>
         <load_address>0x37f4</load_address>
         <readonly>true</readonly>
         <executable>true</executable>
         <run_address>0x37f4</run_address>
         <size>0x26</size>
         <alignment>0x2</alignment>
         <input_file_ref idref="fl-1"/>
      </object_component>
      <object_component id="oc-1bc">
         <name>.text.DL_I2C_setClockConfig</name>
         <load_address>0x381a</load_address>
         <readonly>true</readonly>
         <executable>true</executable>
         <run_address>0x381a</run_address>
         <size>0x26</size>
         <alignment>0x2</alignment>
         <input_file_ref idref="fl-19"/>
      </object_component>
      <object_component id="oc-1c4">
         <name>.text.DL_I2C_setDigitalGlitchFilterPulseWidth</name>
         <load_address>0x3840</load_address>
         <readonly>true</readonly>
         <executable>true</executable>
         <run_address>0x3840</run_address>
         <size>0x24</size>
         <alignment>0x2</alignment>
         <input_file_ref idref="fl-1"/>
      </object_component>
      <object_component id="oc-1f8">
         <name>.text.__floatunsidf</name>
         <load_address>0x3864</load_address>
         <readonly>true</readonly>
         <executable>true</executable>
         <run_address>0x3864</run_address>
         <size>0x24</size>
         <alignment>0x4</alignment>
         <input_file_ref idref="fl-10c"/>
      </object_component>
      <object_component id="oc-21a">
         <name>.text.__muldi3</name>
         <load_address>0x3888</load_address>
         <readonly>true</readonly>
         <executable>true</executable>
         <run_address>0x3888</run_address>
         <size>0x24</size>
         <alignment>0x4</alignment>
         <input_file_ref idref="fl-10e"/>
      </object_component>
      <object_component id="oc-206">
         <name>.text.memccpy</name>
         <load_address>0x38ac</load_address>
         <readonly>true</readonly>
         <executable>true</executable>
         <run_address>0x38ac</run_address>
         <size>0x22</size>
         <alignment>0x2</alignment>
         <input_file_ref idref="fl-45"/>
      </object_component>
      <object_component id="oc-194">
         <name>.text.DL_GPIO_initPeripheralInputFunction</name>
         <load_address>0x38d0</load_address>
         <readonly>true</readonly>
         <executable>true</executable>
         <run_address>0x38d0</run_address>
         <size>0x20</size>
         <alignment>0x4</alignment>
         <input_file_ref idref="fl-1"/>
      </object_component>
      <object_component id="oc-19c">
         <name>.text.DL_SYSCTL_setFlashWaitState</name>
         <load_address>0x38f0</load_address>
         <readonly>true</readonly>
         <executable>true</executable>
         <run_address>0x38f0</run_address>
         <size>0x20</size>
         <alignment>0x4</alignment>
         <input_file_ref idref="fl-1"/>
      </object_component>
      <object_component id="oc-1d3">
         <name>.text.DL_UART_setOversampling</name>
         <load_address>0x3910</load_address>
         <readonly>true</readonly>
         <executable>true</executable>
         <run_address>0x3910</run_address>
         <size>0x1e</size>
         <alignment>0x2</alignment>
         <input_file_ref idref="fl-1"/>
      </object_component>
      <object_component id="oc-26a">
         <name>.text.__ashldi3</name>
         <load_address>0x3930</load_address>
         <readonly>true</readonly>
         <executable>true</executable>
         <run_address>0x3930</run_address>
         <size>0x1e</size>
         <alignment>0x4</alignment>
         <input_file_ref idref="fl-119"/>
      </object_component>
      <object_component id="oc-199">
         <name>.text.DL_GPIO_clearInterruptStatus</name>
         <load_address>0x3950</load_address>
         <readonly>true</readonly>
         <executable>true</executable>
         <run_address>0x3950</run_address>
         <size>0x1c</size>
         <alignment>0x4</alignment>
         <input_file_ref idref="fl-1"/>
      </object_component>
      <object_component id="oc-193">
         <name>.text.DL_GPIO_enableHiZ</name>
         <load_address>0x396c</load_address>
         <readonly>true</readonly>
         <executable>true</executable>
         <run_address>0x396c</run_address>
         <size>0x1c</size>
         <alignment>0x4</alignment>
         <input_file_ref idref="fl-1"/>
      </object_component>
      <object_component id="oc-19a">
         <name>.text.DL_GPIO_enableInterrupt</name>
         <load_address>0x3988</load_address>
         <readonly>true</readonly>
         <executable>true</executable>
         <run_address>0x3988</run_address>
         <size>0x1c</size>
         <alignment>0x4</alignment>
         <input_file_ref idref="fl-1"/>
      </object_component>
      <object_component id="oc-190">
         <name>.text.DL_GPIO_initPeripheralOutputFunction</name>
         <load_address>0x39a4</load_address>
         <readonly>true</readonly>
         <executable>true</executable>
         <run_address>0x39a4</run_address>
         <size>0x1c</size>
         <alignment>0x4</alignment>
         <input_file_ref idref="fl-1"/>
      </object_component>
      <object_component id="oc-1f4">
         <name>.text.DL_SYSCTL_configFCC</name>
         <load_address>0x39c0</load_address>
         <readonly>true</readonly>
         <executable>true</executable>
         <run_address>0x39c0</run_address>
         <size>0x1c</size>
         <alignment>0x4</alignment>
         <input_file_ref idref="fl-1c"/>
      </object_component>
      <object_component id="oc-1f3">
         <name>.text.DL_SYSCTL_setFCCPeriods</name>
         <load_address>0x39dc</load_address>
         <readonly>true</readonly>
         <executable>true</executable>
         <run_address>0x39dc</run_address>
         <size>0x1c</size>
         <alignment>0x4</alignment>
         <input_file_ref idref="fl-1"/>
      </object_component>
      <object_component id="oc-19d">
         <name>.text.DL_SYSCTL_setSYSOSCFreq</name>
         <load_address>0x39f8</load_address>
         <readonly>true</readonly>
         <executable>true</executable>
         <run_address>0x39f8</run_address>
         <size>0x1c</size>
         <alignment>0x4</alignment>
         <input_file_ref idref="fl-1"/>
      </object_component>
      <object_component id="oc-1aa">
         <name>.text.DL_SYSCTL_setULPCLKDivider</name>
         <load_address>0x3a14</load_address>
         <readonly>true</readonly>
         <executable>true</executable>
         <run_address>0x3a14</run_address>
         <size>0x1c</size>
         <alignment>0x4</alignment>
         <input_file_ref idref="fl-1"/>
      </object_component>
      <object_component id="oc-1b9">
         <name>.text.DL_Timer_enableInterrupt</name>
         <load_address>0x3a30</load_address>
         <readonly>true</readonly>
         <executable>true</executable>
         <run_address>0x3a30</run_address>
         <size>0x1c</size>
         <alignment>0x4</alignment>
         <input_file_ref idref="fl-1"/>
      </object_component>
      <object_component id="oc-1b1">
         <name>.text.DL_Timer_setCaptCompUpdateMethod</name>
         <load_address>0x3a4c</load_address>
         <readonly>true</readonly>
         <executable>true</executable>
         <run_address>0x3a4c</run_address>
         <size>0x1c</size>
         <alignment>0x4</alignment>
         <input_file_ref idref="fl-1a"/>
      </object_component>
      <object_component id="oc-1ad">
         <name>.text.DL_Timer_setClockConfig</name>
         <load_address>0x3a68</load_address>
         <readonly>true</readonly>
         <executable>true</executable>
         <run_address>0x3a68</run_address>
         <size>0x1c</size>
         <alignment>0x4</alignment>
         <input_file_ref idref="fl-1a"/>
      </object_component>
      <object_component id="oc-1d5">
         <name>.text.DL_UART_enableInterrupt</name>
         <load_address>0x3a84</load_address>
         <readonly>true</readonly>
         <executable>true</executable>
         <run_address>0x3a84</run_address>
         <size>0x1c</size>
         <alignment>0x4</alignment>
         <input_file_ref idref="fl-1"/>
      </object_component>
      <object_component id="oc-166">
         <name>.text.UART_send_char</name>
         <load_address>0x3aa0</load_address>
         <readonly>true</readonly>
         <executable>true</executable>
         <run_address>0x3aa0</run_address>
         <size>0x1c</size>
         <alignment>0x2</alignment>
         <input_file_ref idref="fl-a"/>
      </object_component>
      <object_component id="oc-103">
         <name>.text.delay_ms</name>
         <load_address>0x3abc</load_address>
         <readonly>true</readonly>
         <executable>true</executable>
         <run_address>0x3abc</run_address>
         <size>0x1c</size>
         <alignment>0x4</alignment>
         <input_file_ref idref="fl-4"/>
      </object_component>
      <object_component id="oc-191">
         <name>.text.DL_GPIO_enableOutput</name>
         <load_address>0x3ad8</load_address>
         <readonly>true</readonly>
         <executable>true</executable>
         <run_address>0x3ad8</run_address>
         <size>0x18</size>
         <alignment>0x4</alignment>
         <input_file_ref idref="fl-1"/>
      </object_component>
      <object_component id="oc-18b">
         <name>.text.DL_GPIO_enablePower</name>
         <load_address>0x3af0</load_address>
         <readonly>true</readonly>
         <executable>true</executable>
         <run_address>0x3af0</run_address>
         <size>0x18</size>
         <alignment>0x4</alignment>
         <input_file_ref idref="fl-1"/>
      </object_component>
      <object_component id="oc-195">
         <name>.text.DL_GPIO_initDigitalOutput</name>
         <load_address>0x3b08</load_address>
         <readonly>true</readonly>
         <executable>true</executable>
         <run_address>0x3b08</run_address>
         <size>0x18</size>
         <alignment>0x4</alignment>
         <input_file_ref idref="fl-1"/>
      </object_component>
      <object_component id="oc-18f">
         <name>.text.DL_GPIO_initPeripheralAnalogFunction</name>
         <load_address>0x3b20</load_address>
         <readonly>true</readonly>
         <executable>true</executable>
         <run_address>0x3b20</run_address>
         <size>0x18</size>
         <alignment>0x4</alignment>
         <input_file_ref idref="fl-1"/>
      </object_component>
      <object_component id="oc-187">
         <name>.text.DL_GPIO_reset</name>
         <load_address>0x3b38</load_address>
         <readonly>true</readonly>
         <executable>true</executable>
         <run_address>0x3b38</run_address>
         <size>0x18</size>
         <alignment>0x4</alignment>
         <input_file_ref idref="fl-1"/>
      </object_component>
      <object_component id="oc-15d">
         <name>.text.DL_GPIO_setPins</name>
         <load_address>0x3b50</load_address>
         <readonly>true</readonly>
         <executable>true</executable>
         <run_address>0x3b50</run_address>
         <size>0x18</size>
         <alignment>0x4</alignment>
         <input_file_ref idref="fl-7"/>
      </object_component>
      <object_component id="oc-198">
         <name>.text.DL_GPIO_setUpperPinsPolarity</name>
         <load_address>0x3b68</load_address>
         <readonly>true</readonly>
         <executable>true</executable>
         <run_address>0x3b68</run_address>
         <size>0x18</size>
         <alignment>0x2</alignment>
         <input_file_ref idref="fl-1"/>
      </object_component>
      <object_component id="oc-1c3">
         <name>.text.DL_I2C_enableAnalogGlitchFilter</name>
         <load_address>0x3b80</load_address>
         <readonly>true</readonly>
         <executable>true</executable>
         <run_address>0x3b80</run_address>
         <size>0x18</size>
         <alignment>0x2</alignment>
         <input_file_ref idref="fl-1"/>
      </object_component>
      <object_component id="oc-1ca">
         <name>.text.DL_I2C_enableController</name>
         <load_address>0x3b98</load_address>
         <readonly>true</readonly>
         <executable>true</executable>
         <run_address>0x3b98</run_address>
         <size>0x18</size>
         <alignment>0x4</alignment>
         <input_file_ref idref="fl-1"/>
      </object_component>
      <object_component id="oc-1c9">
         <name>.text.DL_I2C_enableControllerClockStretching</name>
         <load_address>0x3bb0</load_address>
         <readonly>true</readonly>
         <executable>true</executable>
         <run_address>0x3bb0</run_address>
         <size>0x18</size>
         <alignment>0x4</alignment>
         <input_file_ref idref="fl-1"/>
      </object_component>
      <object_component id="oc-18d">
         <name>.text.DL_I2C_enablePower</name>
         <load_address>0x3bc8</load_address>
         <readonly>true</readonly>
         <executable>true</executable>
         <run_address>0x3bc8</run_address>
         <size>0x18</size>
         <alignment>0x4</alignment>
         <input_file_ref idref="fl-1"/>
      </object_component>
      <object_component id="oc-189">
         <name>.text.DL_I2C_reset</name>
         <load_address>0x3be0</load_address>
         <readonly>true</readonly>
         <executable>true</executable>
         <run_address>0x3be0</run_address>
         <size>0x18</size>
         <alignment>0x4</alignment>
         <input_file_ref idref="fl-1"/>
      </object_component>
      <object_component id="oc-1c6">
         <name>.text.DL_I2C_setTimerPeriod</name>
         <load_address>0x3bf8</load_address>
         <readonly>true</readonly>
         <executable>true</executable>
         <run_address>0x3bf8</run_address>
         <size>0x18</size>
         <alignment>0x4</alignment>
         <input_file_ref idref="fl-1"/>
      </object_component>
      <object_component id="oc-19b">
         <name>.text.DL_SYSCTL_setBORThreshold</name>
         <load_address>0x3c10</load_address>
         <readonly>true</readonly>
         <executable>true</executable>
         <run_address>0x3c10</run_address>
         <size>0x18</size>
         <alignment>0x4</alignment>
         <input_file_ref idref="fl-1"/>
      </object_component>
      <object_component id="oc-18c">
         <name>.text.DL_Timer_enablePower</name>
         <load_address>0x3c28</load_address>
         <readonly>true</readonly>
         <executable>true</executable>
         <run_address>0x3c28</run_address>
         <size>0x18</size>
         <alignment>0x4</alignment>
         <input_file_ref idref="fl-1"/>
      </object_component>
      <object_component id="oc-188">
         <name>.text.DL_Timer_reset</name>
         <load_address>0x3c40</load_address>
         <readonly>true</readonly>
         <executable>true</executable>
         <run_address>0x3c40</run_address>
         <size>0x18</size>
         <alignment>0x4</alignment>
         <input_file_ref idref="fl-1"/>
      </object_component>
      <object_component id="oc-1b0">
         <name>.text.DL_Timer_setCaptureCompareOutCtl</name>
         <load_address>0x3c58</load_address>
         <readonly>true</readonly>
         <executable>true</executable>
         <run_address>0x3c58</run_address>
         <size>0x18</size>
         <alignment>0x4</alignment>
         <input_file_ref idref="fl-1a"/>
      </object_component>
      <object_component id="oc-ec">
         <name>.text.DL_Timer_startCounter</name>
         <load_address>0x3c70</load_address>
         <readonly>true</readonly>
         <executable>true</executable>
         <run_address>0x3c70</run_address>
         <size>0x18</size>
         <alignment>0x4</alignment>
         <input_file_ref idref="fl-3"/>
      </object_component>
      <object_component id="oc-15e">
         <name>.text.DL_Timer_startCounter</name>
         <load_address>0x3c88</load_address>
         <readonly>true</readonly>
         <executable>true</executable>
         <run_address>0x3c88</run_address>
         <size>0x18</size>
         <alignment>0x4</alignment>
         <input_file_ref idref="fl-7"/>
      </object_component>
      <object_component id="oc-18e">
         <name>.text.DL_UART_enablePower</name>
         <load_address>0x3ca0</load_address>
         <readonly>true</readonly>
         <executable>true</executable>
         <run_address>0x3ca0</run_address>
         <size>0x18</size>
         <alignment>0x4</alignment>
         <input_file_ref idref="fl-1"/>
      </object_component>
      <object_component id="oc-18a">
         <name>.text.DL_UART_reset</name>
         <load_address>0x3cb8</load_address>
         <readonly>true</readonly>
         <executable>true</executable>
         <run_address>0x3cb8</run_address>
         <size>0x18</size>
         <alignment>0x4</alignment>
         <input_file_ref idref="fl-1"/>
      </object_component>
      <object_component id="oc-162">
         <name>.text._outs</name>
         <load_address>0x3cd0</load_address>
         <readonly>true</readonly>
         <executable>true</executable>
         <run_address>0x3cd0</run_address>
         <size>0x18</size>
         <alignment>0x2</alignment>
         <input_file_ref idref="fl-33"/>
      </object_component>
      <object_component id="oc-17f">
         <name>.text.DL_GPIO_readPins</name>
         <load_address>0x3ce8</load_address>
         <readonly>true</readonly>
         <executable>true</executable>
         <run_address>0x3ce8</run_address>
         <size>0x16</size>
         <alignment>0x2</alignment>
         <input_file_ref idref="fl-5"/>
      </object_component>
      <object_component id="oc-1d6">
         <name>.text.DL_UART_enable</name>
         <load_address>0x3cfe</load_address>
         <readonly>true</readonly>
         <executable>true</executable>
         <run_address>0x3cfe</run_address>
         <size>0x16</size>
         <alignment>0x2</alignment>
         <input_file_ref idref="fl-1"/>
      </object_component>
      <object_component id="oc-50">
         <name>.text:decompress:ZI:__TI_zero_init_nomemset</name>
         <load_address>0x3d14</load_address>
         <readonly>true</readonly>
         <executable>true</executable>
         <run_address>0x3d14</run_address>
         <size>0x16</size>
         <alignment>0x2</alignment>
         <input_file_ref idref="fl-39"/>
      </object_component>
      <object_component id="oc-160">
         <name>.text.DL_GPIO_clearPins</name>
         <load_address>0x3d2a</load_address>
         <readonly>true</readonly>
         <executable>true</executable>
         <run_address>0x3d2a</run_address>
         <size>0x14</size>
         <alignment>0x2</alignment>
         <input_file_ref idref="fl-7"/>
      </object_component>
      <object_component id="oc-197">
[...]
      </symbol>
      <symbol id="sm-23b">
         <name>__TI_ATRegion0_trg_addr</name>
         <value>0x0</value>
      </symbol>
      <symbol id="sm-23c">
         <name>__TI_ATRegion0_region_sz</name>
         <value>0x0</value>
      </symbol>
      <symbol id="sm-23d">
         <name>__TI_ATRegion1_src_addr</name>
         <value>0x0</value>
      </symbol>
      <symbol id="sm-23e">
         <name>__TI_ATRegion1_trg_addr</name>
         <value>0x0</value>
      </symbol>
      <symbol id="sm-23f">
         <name>__TI_ATRegion1_region_sz</name>
         <value>0x0</value>
      </symbol>
      <symbol id="sm-240">
         <name>__TI_ATRegion2_src_addr</name>
         <value>0x0</value>
      </symbol>
      <symbol id="sm-241">
         <name>__TI_ATRegion2_trg_addr</name>
         <value>0x0</value>
      </symbol>
      <symbol id="sm-242">
         <name>__TI_ATRegion2_region_sz</name>
         <value>0x0</value>
      </symbol>
      <symbol id="sm-24b">
         <name>DL_Common_delayCycles</name>
         <value>0x3edd</value>
         <object_component_ref idref="oc-169"/>
      </symbol>
      <symbol id="sm-255">
         <name>DL_I2C_setClockConfig</name>
         <value>0x381b</value>
         <object_component_ref idref="oc-1bc"/>
      </symbol>
      <symbol id="sm-271">
         <name>DL_Timer_setClockConfig</name>
         <value>0x3a69</value>
         <object_component_ref idref="oc-1ad"/>
      </symbol>
      <symbol id="sm-272">
         <name>DL_Timer_initTimerMode</name>
         <value>0x1cad</value>
         <object_component_ref idref="oc-1b8"/>
      </symbol>
      <symbol id="sm-273">
         <name>DL_Timer_setCaptureCompareValue</name>
         <value>0x3e6d</value>
         <object_component_ref idref="oc-ed"/>
      </symbol>
      <symbol id="sm-274">
         <name>DL_Timer_setCaptCompUpdateMethod</name>
         <value>0x3a4d</value>
         <object_component_ref idref="oc-1b1"/>
      </symbol>
      <symbol id="sm-275">
         <name>DL_Timer_setCaptureCompareOutCtl</name>
         <value>0x3c59</value>
         <object_component_ref idref="oc-1b0"/>
      </symbol>
      <symbol id="sm-276">
         <name>DL_Timer_initFourCCPWMMode</name>
         <value>0x1aa9</value>
         <object_component_ref idref="oc-1ae"/>
      </symbol>
      <symbol id="sm-286">
         <name>DL_UART_init</name>
         <value>0x30a5</value>
         <object_component_ref idref="oc-1d2"/>
      </symbol>
      <symbol id="sm-287">
         <name>DL_UART_setClockConfig</name>
         <value>0x3e05</value>
         <object_component_ref idref="oc-1cc"/>
      </symbol>
      <symbol id="sm-288">
         <name>DL_UART_transmitDataBlocking</name>
         <value>0x35ed</value>
         <object_component_ref idref="oc-1e1"/>
      </symbol>
      <symbol id="sm-29c">
         <name>DL_SYSCTL_configSYSPLL</name>
         <value>0x1f75</value>
         <object_component_ref idref="oc-1a6"/>
      </symbol>
      <symbol id="sm-29d">
         <name>DL_SYSCTL_switchMCLKfromSYSOSCtoHSCLK</name>
         <value>0x317d</value>
         <object_component_ref idref="oc-1ab"/>
      </symbol>
      <symbol id="sm-29e">
         <name>DL_SYSCTL_setHFCLKSourceHFXTParams</name>
         <value>0x2b49</value>
         <object_component_ref idref="oc-1a0"/>
      </symbol>
      <symbol id="sm-29f">
         <name>DL_SYSCTL_configFCC</name>
         <value>0x39c1</value>
         <object_component_ref idref="oc-1f4"/>
      </symbol>
      <symbol id="sm-2b0">
         <name>sprintf</name>
         <value>0x3519</value>
         <object_component_ref idref="oc-f6"/>
      </symbol>
      <symbol id="sm-2bb">
         <name>_c_int00_noargs</name>
         <value>0x37cd</value>
         <object_component_ref idref="oc-59"/>
      </symbol>
      <symbol id="sm-2bc">
         <name>__stack</name>
         <value>0x20207e00</value>
         <object_component_ref idref="oc-1a"/>
      </symbol>
      <symbol id="sm-2c8">
         <name>__TI_auto_init_nobinit_nopinit</name>
         <value>0x33f5</value>
         <object_component_ref idref="oc-113"/>
      </symbol>
      <symbol id="sm-2d0">
         <name>_system_pre_init</name>
         <value>0x3f37</value>
         <object_component_ref idref="oc-78"/>
      </symbol>
      <symbol id="sm-2db">
         <name>__TI_zero_init_nomemset</name>
         <value>0x3d15</value>
         <object_component_ref idref="oc-50"/>
      </symbol>
      <symbol id="sm-2e4">
         <name>__TI_decompress_none</name>
         <value>0x3e29</value>
         <object_component_ref idref="oc-20"/>
      </symbol>
      <symbol id="sm-2ef">
         <name>__TI_decompress_lzss</name>
         <value>0x2751</value>
         <object_component_ref idref="oc-1c"/>
      </symbol>
      <symbol id="sm-338">
         <name>__TI_printfi</name>
         <value>0xc1</value>
         <object_component_ref idref="oc-1e0"/>
      </symbol>
      <symbol id="sm-343">
         <name>__aeabi_errno_addr</name>
         <value>0x3f15</value>
         <object_component_ref idref="oc-215"/>
      </symbol>
      <symbol id="sm-344">
         <name>__aeabi_errno</name>
         <value>0x20200194</value>
         <object_component_ref idref="oc-23a"/>
      </symbol>
      <symbol id="sm-34e">
         <name>abort</name>
         <value>0x3f25</value>
         <object_component_ref idref="oc-10c"/>
      </symbol>
      <symbol id="sm-358">
         <name>__TI_ltoa</name>
         <value>0x2d31</value>
         <object_component_ref idref="oc-250"/>
      </symbol>
      <symbol id="sm-364">
         <name>atoi</name>
         <value>0x3285</value>
         <object_component_ref idref="oc-20d"/>
      </symbol>
      <symbol id="sm-36e">
         <name>memccpy</name>
         <value>0x38ad</value>
         <object_component_ref idref="oc-206"/>
      </symbol>
      <symbol id="sm-379">
         <name>frexp</name>
         <value>0x2cd5</value>
         <object_component_ref idref="oc-244"/>
      </symbol>
      <symbol id="sm-37a">
         <name>frexpl</name>
         <value>0x2cd5</value>
         <object_component_ref idref="oc-244"/>
      </symbol>
      <symbol id="sm-384">
         <name>scalbn</name>
         <value>0x2051</value>
         <object_component_ref idref="oc-248"/>
      </symbol>
      <symbol id="sm-385">
         <name>ldexp</name>
         <value>0x2051</value>
         <object_component_ref idref="oc-248"/>
      </symbol>
      <symbol id="sm-386">
         <name>scalbnl</name>
         <value>0x2051</value>
         <object_component_ref idref="oc-248"/>
      </symbol>
      <symbol id="sm-387">
         <name>ldexpl</name>
         <value>0x2051</value>
         <object_component_ref idref="oc-248"/>
      </symbol>
      <symbol id="sm-390">
         <name>wcslen</name>
         <value>0x3e7d</value>
         <object_component_ref idref="oc-211"/>
      </symbol>
      <symbol id="sm-395">
         <name>__aeabi_ctype_table_</name>
         <value>0x3f40</value>
         <object_component_ref idref="oc-233"/>
      </symbol>
      <symbol id="sm-396">
         <name>__aeabi_ctype_table_C</name>
         <value>0x3f40</value>
         <object_component_ref idref="oc-233"/>
      </symbol>
      <symbol id="sm-3a1">
         <name>HOSTexit</name>
         <value>0x3f2f</value>
         <object_component_ref idref="oc-16f"/>
      </symbol>
      <symbol id="sm-3a2">
         <name>C$$EXIT</name>
         <value>0x3f2e</value>
         <object_component_ref idref="oc-16f"/>
      </symbol>
      <symbol id="sm-3b7">
         <name>__aeabi_fadd</name>
         <value>0x2133</value>
         <object_component_ref idref="oc-97"/>
      </symbol>
      <symbol id="sm-3b8">
         <name>__addsf3</name>
         <value>0x2133</value>
         <object_component_ref idref="oc-97"/>
      </symbol>
      <symbol id="sm-3b9">
         <name>__aeabi_fsub</name>
         <value>0x2129</value>
         <object_component_ref idref="oc-97"/>
      </symbol>
      <symbol id="sm-3ba">
         <name>__subsf3</name>
         <value>0x2129</value>
         <object_component_ref idref="oc-97"/>
      </symbol>
      <symbol id="sm-3c0">
         <name>__aeabi_dadd</name>
         <value>0x120b</value>
         <object_component_ref idref="oc-261"/>
      </symbol>
      <symbol id="sm-3c1">
         <name>__adddf3</name>
         <value>0x120b</value>
         <object_component_ref idref="oc-261"/>
      </symbol>
      <symbol id="sm-3c2">
         <name>__aeabi_dsub</name>
         <value>0x1201</value>
         <object_component_ref idref="oc-261"/>
      </symbol>
      <symbol id="sm-3c3">
         <name>__subdf3</name>
         <value>0x1201</value>
         <object_component_ref idref="oc-261"/>
      </symbol>
      <symbol id="sm-3cc">
         <name>__aeabi_dmul</name>
         <value>0x1e91</value>
         <object_component_ref idref="oc-b5"/>
      </symbol>
      <symbol id="sm-3cd">
         <name>__muldf3</name>
         <value>0x1e91</value>
         <object_component_ref idref="oc-b5"/>
      </symbol>
      <symbol id="sm-3d3">
         <name>__muldsi3</name>
         <value>0x346d</value>
         <object_component_ref idref="oc-134"/>
      </symbol>
      <symbol id="sm-3d9">
         <name>__aeabi_fmul</name>
         <value>0x2641</value>
         <object_component_ref idref="oc-c5"/>
      </symbol>
      <symbol id="sm-3da">
         <name>__mulsf3</name>
         <value>0x2641</value>
         <object_component_ref idref="oc-c5"/>
      </symbol>
      <symbol id="sm-3e0">
         <name>__aeabi_fdiv</name>
         <value>0x26cd</value>
         <object_component_ref idref="oc-ad"/>
      </symbol>
      <symbol id="sm-3e1">
         <name>__divsf3</name>
         <value>0x26cd</value>
         <object_component_ref idref="oc-ad"/>
      </symbol>
      <symbol id="sm-3e7">
         <name>__aeabi_ddiv</name>
         <value>0x1895</value>
         <object_component_ref idref="oc-25d"/>
      </symbol>
      <symbol id="sm-3e8">
         <name>__divdf3</name>
         <value>0x1895</value>
         <object_component_ref idref="oc-25d"/>
      </symbol>
      <symbol id="sm-3ee">
         <name>__aeabi_f2d</name>
         <value>0x3245</value>
         <object_component_ref idref="oc-b1"/>
      </symbol>
      <symbol id="sm-3ef">
         <name>__extendsfdf2</name>
         <value>0x3245</value>
         <object_component_ref idref="oc-b1"/>
      </symbol>
      <symbol id="sm-3f5">
         <name>__aeabi_d2iz</name>
         <value>0x3059</value>
         <object_component_ref idref="oc-24c"/>
      </symbol>
      <symbol id="sm-3f6">
         <name>__fixdfsi</name>
         <value>0x3059</value>
         <object_component_ref idref="oc-24c"/>
      </symbol>
      <symbol id="sm-3fc">
         <name>__aeabi_f2uiz</name>
         <value>0x35b9</value>
         <object_component_ref idref="oc-cd"/>
      </symbol>
      <symbol id="sm-3fd">
         <name>__fixunssfsi</name>
         <value>0x35b9</value>
         <object_component_ref idref="oc-cd"/>
      </symbol>
      <symbol id="sm-403">
         <name>__aeabi_i2d</name>
         <value>0x36d5</value>
         <object_component_ref idref="oc-254"/>
      </symbol>
      <symbol id="sm-404">
         <name>__floatsidf</name>
         <value>0x36d5</value>
         <object_component_ref idref="oc-254"/>
      </symbol>
      <symbol id="sm-40a">
         <name>__aeabi_ui2d</name>
         <value>0x3865</value>
         <object_component_ref idref="oc-1f8"/>
      </symbol>
      <symbol id="sm-40b">
         <name>__floatunsidf</name>
         <value>0x3865</value>
         <object_component_ref idref="oc-1f8"/>
      </symbol>
      <symbol id="sm-411">
         <name>__aeabi_ui2f</name>
         <value>0x37a5</value>
         <object_component_ref idref="oc-a9"/>
      </symbol>
      <symbol id="sm-412">
         <name>__floatunsisf</name>
         <value>0x37a5</value>
         <object_component_ref idref="oc-a9"/>
      </symbol>
      <symbol id="sm-418">
         <name>__aeabi_lmul</name>
         <value>0x3889</value>
         <object_component_ref idref="oc-21a"/>
      </symbol>
      <symbol id="sm-419">
         <name>__muldi3</name>
         <value>0x3889</value>
         <object_component_ref idref="oc-21a"/>
      </symbol>
      <symbol id="sm-420">
         <name>__aeabi_d2f</name>
         <value>0x28c1</value>
         <object_component_ref idref="oc-b9"/>
      </symbol>
      <symbol id="sm-421">
         <name>__truncdfsf2</name>
         <value>0x28c1</value>
         <object_component_ref idref="oc-b9"/>
      </symbol>
      <symbol id="sm-427">
         <name>__aeabi_dcmpeq</name>
         <value>0x2bad</value>
         <object_component_ref idref="oc-1fc"/>
      </symbol>
      <symbol id="sm-428">
         <name>__aeabi_dcmplt</name>
         <value>0x2bc1</value>
         <object_component_ref idref="oc-1fc"/>
      </symbol>
      <symbol id="sm-429">
         <name>__aeabi_dcmple</name>
         <value>0x2bd5</value>
         <object_component_ref idref="oc-1fc"/>
      </symbol>
      <symbol id="sm-42a">
         <name>__aeabi_dcmpge</name>
         <value>0x2be9</value>
         <object_component_ref idref="oc-1fc"/>
      </symbol>
      <symbol id="sm-42b">
         <name>__aeabi_dcmpgt</name>
         <value>0x2bfd</value>
         <object_component_ref idref="oc-1fc"/>
      </symbol>
      <symbol id="sm-431">
         <name>__aeabi_fcmpeq</name>
         <value>0x2c11</value>
         <object_component_ref idref="oc-c9"/>
      </symbol>
      <symbol id="sm-432">
         <name>__aeabi_fcmplt</name>
         <value>0x2c25</value>
         <object_component_ref idref="oc-c9"/>
      </symbol>
      <symbol id="sm-433">
         <name>__aeabi_fcmple</name>
         <value>0x2c39</value>
         <object_component_ref idref="oc-c9"/>
      </symbol>
      <symbol id="sm-434">
         <name>__aeabi_fcmpge</name>
         <value>0x2c4d</value>
         <object_component_ref idref="oc-c9"/>
      </symbol>
      <symbol id="sm-435">
         <name>__aeabi_fcmpgt</name>
         <value>0x2c61</value>
         <object_component_ref idref="oc-c9"/>
      </symbol>
      <symbol id="sm-43b">
         <name>__aeabi_idiv</name>
         <value>0x2de1</value>
         <object_component_ref idref="oc-276"/>
      </symbol>
      <symbol id="sm-43c">
         <name>__aeabi_idivmod</name>
         <value>0x2de1</value>
         <object_component_ref idref="oc-276"/>
      </symbol>
      <symbol id="sm-442">
         <name>__aeabi_memcpy</name>
         <value>0x3f1d</value>
         <object_component_ref idref="oc-49"/>
      </symbol>
      <symbol id="sm-443">
         <name>__aeabi_memcpy4</name>
         <value>0x3f1d</value>
         <object_component_ref idref="oc-49"/>
      </symbol>
      <symbol id="sm-444">
         <name>__aeabi_memcpy8</name>
         <value>0x3f1d</value>
         <object_component_ref idref="oc-49"/>
      </symbol>
      <symbol id="sm-44b">
         <name>__aeabi_memset</name>
         <value>0x3e8d</value>
         <object_component_ref idref="oc-205"/>
      </symbol>
      <symbol id="sm-44c">
         <name>__aeabi_memset4</name>
         <value>0x3e8d</value>
         <object_component_ref idref="oc-205"/>
      </symbol>
      <symbol id="sm-44d">
         <name>__aeabi_memset8</name>
         <value>0x3e8d</value>
         <object_component_ref idref="oc-205"/>
      </symbol>
      <symbol id="sm-453">
         <name>__aeabi_uidiv</name>
         <value>0x3205</value>
         <object_component_ref idref="oc-a5"/>
      </symbol>
      <symbol id="sm-454">
         <name>__aeabi_uidivmod</name>
         <value>0x3205</value>
         <object_component_ref idref="oc-a5"/>
      </symbol>
      <symbol id="sm-45a">
         <name>__aeabi_uldivmod</name>
         <value>0x3db9</value>
         <object_component_ref idref="oc-21f"/>
      </symbol>
      <symbol id="sm-463">
         <name>__eqsf2</name>
         <value>0x3431</value>
         <object_component_ref idref="oc-13b"/>
      </symbol>
      <symbol id="sm-464">
         <name>__lesf2</name>
         <value>0x3431</value>
         <object_component_ref idref="oc-13b"/>
      </symbol>
      <symbol id="sm-465">
         <name>__ltsf2</name>
         <value>0x3431</value>
         <object_component_ref idref="oc-13b"/>
      </symbol>
      <symbol id="sm-466">
         <name>__nesf2</name>
         <value>0x3431</value>
         <object_component_ref idref="oc-13b"/>
      </symbol>
      <symbol id="sm-467">
         <name>__cmpsf2</name>
         <value>0x3431</value>
         <object_component_ref idref="oc-13b"/>
      </symbol>
      <symbol id="sm-468">
         <name>__gtsf2</name>
         <value>0x33b9</value>
         <object_component_ref idref="oc-140"/>
      </symbol>
      <symbol id="sm-469">
         <name>__gesf2</name>
         <value>0x33b9</value>
         <object_component_ref idref="oc-140"/>
      </symbol>
      <symbol id="sm-46f">
         <name>__udivmoddi4</name>
         <value>0x22b5</value>
         <object_component_ref idref="oc-23f"/>
      </symbol>
      <symbol id="sm-475">
         <name>__aeabi_llsl</name>
         <value>0x3931</value>
         <object_component_ref idref="oc-26a"/>
      </symbol>
      <symbol id="sm-476">
         <name>__ashldi3</name>
         <value>0x3931</value>
         <object_component_ref idref="oc-26a"/>
      </symbol>
      <symbol id="sm-47c">
         <name>__aeabi_f2iz</name>
         <value>0x34a9</value>
         <object_component_ref idref="oc-142"/>
      </symbol>
      <symbol id="sm-47d">
         <name>__fixsfsi</name>
         <value>0x34a9</value>
         <object_component_ref idref="oc-142"/>
      </symbol>
      <symbol id="sm-48b">
         <name>__ledf2</name>
         <value>0x2a79</value>
         <object_component_ref idref="oc-228"/>
      </symbol>
      <symbol id="sm-48c">
         <name>__gedf2</name>
         <value>0x2841</value>
         <object_component_ref idref="oc-22e"/>
      </symbol>
      <symbol id="sm-48d">
         <name>__cmpdf2</name>
         <value>0x2a79</value>
         <object_component_ref idref="oc-228"/>
      </symbol>
      <symbol id="sm-48e">
         <name>__eqdf2</name>
         <value>0x2a79</value>
         <object_component_ref idref="oc-228"/>
      </symbol>
      <symbol id="sm-48f">
         <name>__ltdf2</name>
         <value>0x2a79</value>
         <object_component_ref idref="oc-228"/>
      </symbol>
      <symbol id="sm-490">
         <name>__nedf2</name>
         <value>0x2a79</value>
         <object_component_ref idref="oc-228"/>
      </symbol>
      <symbol id="sm-491">
         <name>__gtdf2</name>
         <value>0x2841</value>
         <object_component_ref idref="oc-22e"/>
      </symbol>
      <symbol id="sm-49d">
         <name>__aeabi_idiv0</name>
         <value>0x1393</value>
         <object_component_ref idref="oc-12b"/>
      </symbol>
      <symbol id="sm-49e">
         <name>__aeabi_ldiv0</name>
         <value>0x2357</value>
         <object_component_ref idref="oc-269"/>
      </symbol>
      <symbol id="sm-4a8">
         <name>TI_memcpy_small</name>
         <value>0x3e17</value>
         <object_component_ref idref="oc-dc"/>
      </symbol>
      <symbol id="sm-4b1">
         <name>TI_memset_small</name>
         <value>0x3ea9</value>
         <object_component_ref idref="oc-149"/>
      </symbol>
      <symbol id="sm-4b2">
         <name>__TI_static_base__</name>
         <value>0x0</value>
      </symbol>
      <symbol id="sm-4b6">
         <name>__mpu_init</name>
         <value>0x0</value>
      </symbol>
      <symbol id="sm-4b7">
         <name>_system_post_cinit</name>
         <value>0x0</value>
      </symbol>
   </symbol_table>
   <title>Link successful</title>
</link_info>
