******************************************************************************
            TI ARM Clang Linker PC v4.0.4                      
******************************************************************************
>> Linked Fri Jul 24 19:33:18 2026

OUTPUT FILE NAME:   <05_UART.out>
ENTRY POINT SYMBOL: "_c_int00_noargs"  address: 00000d09


MEMORY CONFIGURATION

         name            origin    length      used     unused   attr    fill
----------------------  --------  ---------  --------  --------  ----  --------
  FLASH                 00000000   00020000  00001270  0001ed90  R  X
  SRAM                  20200000   00008000  00000680  00007980  RW X
  BCR_CONFIG            41c00000   000000ff  00000000  000000ff  R   
  BSL_CONFIG            41c00100   00000080  00000000  00000080  R   


SEGMENT ALLOCATION MAP

run origin  load origin   length   init length attrs members
----------  ----------- ---------- ----------- ----- -------
00000000    00000000    00001270   00001270    r-x
  00000000    00000000    000000c0   000000c0    r-- .intvecs
  000000c0    000000c0    00001150   00001150    r-x .text
  00001210    00001210    00000048   00000048    r-- .rodata
  00001258    00001258    00000018   00000018    r-- .cinit
20200000    20200000    00000480   00000000    rw-
  20200000    20200000    00000480   00000000    rw- .bss
20207e00    20207e00    00000200   00000000    rw-
  20207e00    20207e00    00000200   00000000    rw- .stack


SECTION ALLOCATION MAP

 output                                  attributes/
section   page    origin      length       input sections
--------  ----  ----------  ----------   ----------------
.intvecs   0    00000000    000000c0     
                  00000000    000000c0     startup_mspm0g350x_ticlang.o (.intvecs)

.text      0    000000c0    00001150     
                  000000c0    000000f8     oled.o (.text.OLED_Init)
                  000001b8    000000e8     ti_msp_dl_config.o (.text.SYSCFG_DL_SYSCTL_SYSPLL_init)
                  000002a0    000000dc     driverlib.a : dl_sysctl_mspm0g1x0x_g3x0x.o (.text.DL_SYSCTL_configSYSPLL)
                  0000037c    00000088     ti_msp_dl_config.o (.text.SYSCFG_DL_GPIO_init)
                  00000404    0000007c     oled.o (.text.OLED_Refresh)
                  00000480    00000074     oled.o (.text.OLED_WR_Byte)
                  000004f4    00000074     ti_msp_dl_config.o (.text.SYSCFG_DL_SYSCTL_init)
                  00000568    00000074     libclang_rt.builtins.a : comparedf2.c.obj (.text.__gedf2)
                  000005dc    00000070     main.o (.text.main)
                  0000064c    00000068     libclang_rt.builtins.a : comparedf2.c.obj (.text.__ledf2)
                  000006b4    00000064     driverlib.a : dl_sysctl_mspm0g1x0x_g3x0x.o (.text.DL_SYSCTL_setHFCLKSourceHFXTParams)
                  00000718    00000062     libclang_rt.builtins.a : aeabi_dcmp.S.obj (.text.__aeabi_dcmp)
                  0000077a    00000002                            : aeabi_div0.c.obj (.text.__aeabi_idiv0)
                  0000077c    00000060     oled.o (.text.OLED_Clear)
                  000007dc    00000060     ti_msp_dl_config.o (.text.SYSCFG_DL_OLED_init)
                  0000083c    0000005e     driverlib.a : dl_i2c.o (.text.DL_I2C_fillControllerTXFIFO)
                  0000089a    00000002     --HOLE-- [fill = 0]
                  0000089c    00000058     ti_msp_dl_config.o (.text.SYSCFG_DL_initPower)
                  000008f4    00000050     ti_msp_dl_config.o (.text.DL_GPIO_initPeripheralInputFunctionFeatures)
                  00000944    00000050     oled.o (.text.DL_I2C_startControllerTransfer)
                  00000994    0000004c     ti_msp_dl_config.o (.text.DL_UART_setBaudRateDivisor)
                  000009e0    00000048     driverlib.a : dl_uart.o (.text.DL_UART_init)
                  00000a28    00000048     oled.o (.text.OLED_DisplayTurn)
                  00000a70    00000048     ti_msp_dl_config.o (.text.SYSCFG_DL_PRINT_init)
                  00000ab8    00000044     driverlib.a : dl_sysctl_mspm0g1x0x_g3x0x.o (.text.DL_SYSCTL_switchMCLKfromSYSOSCtoHSCLK)
                  00000afc    00000040     libclang_rt.builtins.a : aeabi_uidivmod.S.obj (.text.__aeabi_uidivmod)
                  00000b3c    0000003c     libc.a : autoinit.c.obj (.text:__TI_auto_init_nobinit_nopinit)
                  00000b78    00000034     oled.o (.text.OLED_ColorTurn)
                  00000bac    00000034     uart.o (.text.UART0_IRQHandler)
                  00000be0    00000030     driverlib.a : dl_uart.o (.text.DL_UART_transmitDataBlocking)
                  00000c10    0000002c     main.o (.text.__NVIC_EnableIRQ)
                  00000c3c    0000002a     uart.o (.text.UART_send_string)
                  00000c66    00000028     oled.o (.text.DL_Common_updateReg)
                  00000c8e    00000028     ti_msp_dl_config.o (.text.DL_Common_updateReg)
                  00000cb6    00000002     --HOLE-- [fill = 0]
                  00000cb8    00000028     ti_msp_dl_config.o (.text.DL_I2C_setControllerRXFIFOThreshold)
                  00000ce0    00000028     ti_msp_dl_config.o (.text.DL_I2C_setControllerTXFIFOThreshold)
                  00000d08    00000028     libc.a : boot_cortex_m.c.obj (.text:_c_int00_noargs)
                  00000d30    00000026     ti_msp_dl_config.o (.text.DL_I2C_setAnalogGlitchFilterPulseWidth)
                  00000d56    00000026     driverlib.a : dl_i2c.o (.text.DL_I2C_setClockConfig)
                  00000d7c    00000024     ti_msp_dl_config.o (.text.DL_I2C_setDigitalGlitchFilterPulseWidth)
                  00000da0    00000024     libclang_rt.builtins.a : floatunsidf.S.obj (.text.__floatunsidf)
                  00000dc4    00000020     ti_msp_dl_config.o (.text.DL_GPIO_initPeripheralInputFunction)
                  00000de4    00000020     ti_msp_dl_config.o (.text.DL_SYSCTL_setFlashWaitState)
                  00000e04    0000001e     ti_msp_dl_config.o (.text.DL_UART_setOversampling)
                  00000e22    00000002     --HOLE-- [fill = 0]
                  00000e24    0000001c     ti_msp_dl_config.o (.text.DL_GPIO_enableHiZ)
                  00000e40    0000001c     ti_msp_dl_config.o (.text.DL_GPIO_initPeripheralOutputFunction)
                  00000e5c    0000001c     driverlib.a : dl_sysctl_mspm0g1x0x_g3x0x.o (.text.DL_SYSCTL_configFCC)
                  00000e78    0000001c     ti_msp_dl_config.o (.text.DL_SYSCTL_setFCCPeriods)
                  00000e94    0000001c     ti_msp_dl_config.o (.text.DL_SYSCTL_setSYSOSCFreq)
                  00000eb0    0000001c     ti_msp_dl_config.o (.text.DL_SYSCTL_setULPCLKDivider)
                  00000ecc    0000001c     ti_msp_dl_config.o (.text.DL_UART_enableInterrupt)
                  00000ee8    0000001c     uart.o (.text.UART_send_char)
                  00000f04    0000001c     delay.o (.text.delay_ms)
                  00000f20    00000018     ti_msp_dl_config.o (.text.DL_GPIO_enableOutput)
                  00000f38    00000018     ti_msp_dl_config.o (.text.DL_GPIO_enablePower)
                  00000f50    00000018     ti_msp_dl_config.o (.text.DL_GPIO_initDigitalOutput)
                  00000f68    00000018     ti_msp_dl_config.o (.text.DL_GPIO_initPeripheralAnalogFunction)
                  00000f80    00000018     ti_msp_dl_config.o (.text.DL_GPIO_reset)
                  00000f98    00000018     main.o (.text.DL_GPIO_setPins)
                  00000fb0    00000018     ti_msp_dl_config.o (.text.DL_I2C_enableAnalogGlitchFilter)
                  00000fc8    00000018     ti_msp_dl_config.o (.text.DL_I2C_enableController)
                  00000fe0    00000018     ti_msp_dl_config.o (.text.DL_I2C_enableControllerClockStretching)
                  00000ff8    00000018     ti_msp_dl_config.o (.text.DL_I2C_enablePower)
                  00001010    00000018     ti_msp_dl_config.o (.text.DL_I2C_reset)
                  00001028    00000018     ti_msp_dl_config.o (.text.DL_I2C_setTimerPeriod)
                  00001040    00000018     ti_msp_dl_config.o (.text.DL_SYSCTL_setBORThreshold)
                  00001058    00000018     ti_msp_dl_config.o (.text.DL_UART_enablePower)
                  00001070    00000018     ti_msp_dl_config.o (.text.DL_UART_reset)
                  00001088    00000018     ti_msp_dl_config.o (.text.SYSCFG_DL_init)
                  000010a0    00000016     ti_msp_dl_config.o (.text.DL_UART_enable)
                  000010b6    00000016     main.o (.text.DL_UART_transmitData)
                  000010cc    00000014     main.o (.text.DL_GPIO_clearPins)
                  000010e0    00000014     ti_msp_dl_config.o (.text.DL_GPIO_clearPins)
                  000010f4    00000014     oled.o (.text.DL_I2C_getControllerStatus)
                  00001108    00000014     ti_msp_dl_config.o (.text.DL_I2C_resetControllerTransfer)
                  0000111c    00000014     ti_msp_dl_config.o (.text.DL_SYSCTL_disableSYSPLL)
                  00001130    00000014     ti_msp_dl_config.o (.text.DL_SYSCTL_enableSYSPLL)
                  00001144    00000014     uart.o (.text.DL_UART_receiveData)
                  00001158    00000012     uart.o (.text.DL_UART_getPendingInterrupt)
                  0000116a    00000012     driverlib.a : dl_uart.o (.text.DL_UART_setClockConfig)
                  0000117c    00000010     ti_msp_dl_config.o (.text.DL_SYSCTL_disableHFXT)
                  0000118c    00000010     ti_msp_dl_config.o (.text.DL_SYSCTL_isFCCDone)
                  0000119c    00000010     ti_msp_dl_config.o (.text.DL_SYSCTL_startFCC)
                  000011ac    00000010     libc.a : copy_zero_init.c.obj (.text:decompress:ZI)
                  000011bc    0000000e            : memset16.S.obj (.text:TI_memset_small)
                  000011ca    00000002     --HOLE-- [fill = 0]
                  000011cc    0000000c     ti_msp_dl_config.o (.text.DL_SYSCTL_getClockStatus)
                  000011d8    0000000c     ti_msp_dl_config.o (.text.DL_SYSCTL_readFCC)
                  000011e4    0000000c     libclang_rt.builtins.a : aeabi_memset.S.obj (.text.__aeabi_memclr)
                  000011f0    0000000a     driverlib.a : dl_common.o (.text.DL_Common_delayCycles)
                  000011fa    00000006     libc.a : exit.c.obj (.text:abort)
                  00001200    00000004     startup_mspm0g350x_ticlang.o (.text.Default_Handler)
                  00001204    00000004     libsysbm.a : hostexit.c.obj (.text.HOSTexit)
                  00001208    00000004     startup_mspm0g350x_ticlang.o (.text.Reset_Handler)
                  0000120c    00000004     libc.a : pre_init.c.obj (.text._system_pre_init)

.cinit     0    00001258    00000018     
                  00001258    00000008     (.cinit..bss.load) [load image, compression = zero_init]
                  00001260    00000004     (__TI_handler_table)
                  00001264    00000008     (__TI_cinit_table)
                  0000126c    00000004     --HOLE-- [fill = 0]

.rodata    0    00001210    00000048     
                  00001210    00000028     ti_msp_dl_config.o (.rodata.gSYSPLLConfig)
                  00001238    0000000b     main.o (.rodata.str1.15159059442110792349.1)
                  00001243    00000001     --HOLE-- [fill = 0]
                  00001244    0000000a     ti_msp_dl_config.o (.rodata.gPRINTConfig)
                  0000124e    00000002     ti_msp_dl_config.o (.rodata.gOLEDClockConfig)
                  00001250    00000002     ti_msp_dl_config.o (.rodata.gPRINTClockConfig)
                  00001252    00000006     --HOLE-- [fill = 0]

.init_array 
*          0    00000000    00000000     UNINITIALIZED

.binit     0    00000000    00000000     

.bss       0    20200000    00000480     UNINITIALIZED
                  20200000    00000480     (.common:OLED_GRAM)

.stack     0    20207e00    00000200     UNINITIALIZED
                  20207e00    00000004     libc.a : boot_cortex_m.c.obj (.stack)
                  20207e04    000001fc     --HOLE--

__llvm_prf_cnts 
*          0    20200000    00000000     UNINITIALIZED

__llvm_prf_bits 
*          0    20200000    00000000     UNINITIALIZED

MODULE SUMMARY

       Module                         code   ro data   rw data
       ------                         ----   -------   -------
    .\
       oled.o                         848    0         1152   
       ti_msp_dl_config.o             1886   54        0      
       main.o                         222    11        0      
       startup_mspm0g350x_ticlang.o   8      192       0      
       uart.o                         160    0         0      
       delay.o                        28     0         0      
    +--+------------------------------+------+---------+---------+
       Total:                         3152   257       1152   
                                                              
    G:/electronic/ti/ccs2050/mspm0_sdk_2_11_00_07/source/ti/driverlib/lib/ticlang/m0p/mspm0g1x0x_g3x0x/driverlib.a
       dl_sysctl_mspm0g1x0x_g3x0x.o   416    0         0      
       dl_uart.o                      138    0         0      
       dl_i2c.o                       132    0         0      
       dl_common.o                    10     0         0      
    +--+------------------------------+------+---------+---------+
       Total:                         696    0         0      
                                                              
    G:\electronic\ti\ccs2050\ccs\tools\compiler\ti-cgt-armllvm_4.0.4.LTS\lib\armv6m-ti-none-eabi/c/libc.a
       autoinit.c.obj                 60     0         0      
       boot_cortex_m.c.obj            40     0         0      
       copy_zero_init.c.obj           16     0         0      
       memset16.S.obj                 14     0         0      
       exit.c.obj                     6      0         0      
       pre_init.c.obj                 4      0         0      
    +--+------------------------------+------+---------+---------+
       Total:                         140    0         0      
                                                              
    G:\electronic\ti\ccs2050\ccs\tools\compiler\ti-cgt-armllvm_4.0.4.LTS\lib\armv6m-ti-none-eabi/c/libsysbm.a
       hostexit.c.obj                 4      0         0      
    +--+------------------------------+------+---------+---------+
       Total:                         4      0         0      
                                                              
    G:\electronic\ti\ccs2050\ccs\tools\compiler\ti-cgt-armllvm_4.0.4.LTS\lib\armv6m-ti-none-eabi/libclang_rt.builtins.a
       comparedf2.c.obj               220    0         0      
       aeabi_dcmp.S.obj               98     0         0      
       aeabi_uidivmod.S.obj           64     0         0      
       floatunsidf.S.obj              36     0         0      
       aeabi_memset.S.obj             12     0         0      
       aeabi_div0.c.obj               2      0         0      
    +--+------------------------------+------+---------+---------+
       Total:                         432    0         0      
                                                              
       Stack:                         0      0         512    
       Linker Generated:              0      20        0      
    +--+------------------------------+------+---------+---------+
       Grand Total:                   4424   277       1664   


LINKER GENERATED COPY TABLES

__TI_cinit_table @ 00001264 records: 1, size/record: 8, table size: 8
	.bss: load addr=00001258, load size=00000008 bytes, run addr=20200000, run size=00000480 bytes, compression=zero_init


LINKER GENERATED HANDLER TABLE

__TI_handler_table @ 00001260 records: 1, size/record: 4, table size: 4
	index: 0, handler: __TI_zero_init


GLOBAL SYMBOLS: SORTED ALPHABETICALLY BY Name 

address   name                                 
-------   ----                                 
00001201  ADC0_IRQHandler                      
00001201  ADC1_IRQHandler                      
00001201  AES_IRQHandler                       
00001204  C$$EXIT                              
00001201  CANFD0_IRQHandler                    
00001201  DAC0_IRQHandler                      
000011f1  DL_Common_delayCycles                
0000083d  DL_I2C_fillControllerTXFIFO          
00000d57  DL_I2C_setClockConfig                
00000e5d  DL_SYSCTL_configFCC                  
000002a1  DL_SYSCTL_configSYSPLL               
000006b5  DL_SYSCTL_setHFCLKSourceHFXTParams   
00000ab9  DL_SYSCTL_switchMCLKfromSYSOSCtoHSCLK
000009e1  DL_UART_init                         
0000116b  DL_UART_setClockConfig               
00000be1  DL_UART_transmitDataBlocking         
00001201  DMA_IRQHandler                       
00001201  Default_Handler                      
00001201  GROUP0_IRQHandler                    
00001201  GROUP1_IRQHandler                    
00001205  HOSTexit                             
00001201  HardFault_Handler                    
00001201  I2C0_IRQHandler                      
00001201  I2C1_IRQHandler                      
00001201  NMI_Handler                          
0000077d  OLED_Clear                           
00000b79  OLED_ColorTurn                       
00000a29  OLED_DisplayTurn                     
20200000  OLED_GRAM                            
000000c1  OLED_Init                            
00000405  OLED_Refresh                         
00000481  OLED_WR_Byte                         
00001201  PendSV_Handler                       
00001201  RTC_IRQHandler                       
00001209  Reset_Handler                        
00001201  SPI0_IRQHandler                      
00001201  SPI1_IRQHandler                      
00001201  SVC_Handler                          
0000037d  SYSCFG_DL_GPIO_init                  
000007dd  SYSCFG_DL_OLED_init                  
00000a71  SYSCFG_DL_PRINT_init                 
000001b9  SYSCFG_DL_SYSCTL_SYSPLL_init         
000004f5  SYSCFG_DL_SYSCTL_init                
00001089  SYSCFG_DL_init                       
0000089d  SYSCFG_DL_initPower                  
00001201  SysTick_Handler                      
00001201  TIMA0_IRQHandler                     
00001201  TIMA1_IRQHandler                     
00001201  TIMG0_IRQHandler                     
00001201  TIMG12_IRQHandler                    
00001201  TIMG6_IRQHandler                     
00001201  TIMG7_IRQHandler                     
00001201  TIMG8_IRQHandler                     
000011bd  TI_memset_small                      
00000bad  UART0_IRQHandler                     
00001201  UART1_IRQHandler                     
00001201  UART2_IRQHandler                     
00001201  UART3_IRQHandler                     
00000ee9  UART_send_char                       
00000c3d  UART_send_string                     
20208000  __STACK_END                          
00000200  __STACK_SIZE                         
00000000  __TI_ATRegion0_region_sz             
00000000  __TI_ATRegion0_src_addr              
00000000  __TI_ATRegion0_trg_addr              
00000000  __TI_ATRegion1_region_sz             
00000000  __TI_ATRegion1_src_addr              
00000000  __TI_ATRegion1_trg_addr              
00000000  __TI_ATRegion2_region_sz             
00000000  __TI_ATRegion2_src_addr              
00000000  __TI_ATRegion2_trg_addr              
00001264  __TI_CINIT_Base                      
0000126c  __TI_CINIT_Limit                     
0000126c  __TI_CINIT_Warm                      
00001260  __TI_Handler_Table_Base              
00001264  __TI_Handler_Table_Limit             
00000b3d  __TI_auto_init_nobinit_nopinit       
ffffffff  __TI_pprof_out_hndl                  
ffffffff  __TI_prof_data_size                  
ffffffff  __TI_prof_data_start                 
00000000  __TI_static_base__                   
000011ad  __TI_zero_init                       
00000719  __aeabi_dcmpeq                       
00000755  __aeabi_dcmpge                       
00000769  __aeabi_dcmpgt                       
00000741  __aeabi_dcmple                       
0000072d  __aeabi_dcmplt                       
0000077b  __aeabi_idiv0                        
000011e5  __aeabi_memclr                       
000011e5  __aeabi_memclr4                      
000011e5  __aeabi_memclr8                      
00000da1  __aeabi_ui2d                         
00000afd  __aeabi_uidiv                        
00000afd  __aeabi_uidivmod                     
ffffffff  __binit__                            
0000064d  __cmpdf2                             
0000064d  __eqdf2                              
00000da1  __floatunsidf                        
00000569  __gedf2                              
00000569  __gtdf2                              
0000064d  __ledf2                              
0000064d  __ltdf2                              
UNDEFED   __mpu_init                           
0000064d  __nedf2                              
20207e00  __stack                              
20200000  __start___llvm_prf_bits              
20200000  __start___llvm_prf_cnts              
20200000  __stop___llvm_prf_bits               
20200000  __stop___llvm_prf_cnts               
00000d09  _c_int00_noargs                      
UNDEFED   _system_post_cinit                   
0000120d  _system_pre_init                     
000011fb  abort                                
ffffffff  binit                                
00000f05  delay_ms                             
00000000  interruptVectors                     
000005dd  main                                 


GLOBAL SYMBOLS: SORTED BY Symbol Address 

address   name                                 
-------   ----                                 
00000000  __TI_ATRegion0_region_sz             
00000000  __TI_ATRegion0_src_addr              
00000000  __TI_ATRegion0_trg_addr              
00000000  __TI_ATRegion1_region_sz             
00000000  __TI_ATRegion1_src_addr              
00000000  __TI_ATRegion1_trg_addr              
00000000  __TI_ATRegion2_region_sz             
00000000  __TI_ATRegion2_src_addr              
00000000  __TI_ATRegion2_trg_addr              
00000000  __TI_static_base__                   
00000000  interruptVectors                     
000000c1  OLED_Init                            
000001b9  SYSCFG_DL_SYSCTL_SYSPLL_init         
00000200  __STACK_SIZE                         
000002a1  DL_SYSCTL_configSYSPLL               
0000037d  SYSCFG_DL_GPIO_init                  
00000405  OLED_Refresh                         
00000481  OLED_WR_Byte                         
000004f5  SYSCFG_DL_SYSCTL_init                
00000569  __gedf2                              
00000569  __gtdf2                              
000005dd  main                                 
0000064d  __cmpdf2                             
0000064d  __eqdf2                              
0000064d  __ledf2                              
0000064d  __ltdf2                              
0000064d  __nedf2                              
000006b5  DL_SYSCTL_setHFCLKSourceHFXTParams   
00000719  __aeabi_dcmpeq                       
0000072d  __aeabi_dcmplt                       
00000741  __aeabi_dcmple                       
00000755  __aeabi_dcmpge                       
00000769  __aeabi_dcmpgt                       
0000077b  __aeabi_idiv0                        
0000077d  OLED_Clear                           
000007dd  SYSCFG_DL_OLED_init                  
0000083d  DL_I2C_fillControllerTXFIFO          
0000089d  SYSCFG_DL_initPower                  
000009e1  DL_UART_init                         
00000a29  OLED_DisplayTurn                     
00000a71  SYSCFG_DL_PRINT_init                 
00000ab9  DL_SYSCTL_switchMCLKfromSYSOSCtoHSCLK
00000afd  __aeabi_uidiv                        
00000afd  __aeabi_uidivmod                     
00000b3d  __TI_auto_init_nobinit_nopinit       
00000b79  OLED_ColorTurn                       
00000bad  UART0_IRQHandler                     
00000be1  DL_UART_transmitDataBlocking         
00000c3d  UART_send_string                     
00000d09  _c_int00_noargs                      
00000d57  DL_I2C_setClockConfig                
00000da1  __aeabi_ui2d                         
00000da1  __floatunsidf                        
00000e5d  DL_SYSCTL_configFCC                  
00000ee9  UART_send_char                       
00000f05  delay_ms                             
00001089  SYSCFG_DL_init                       
0000116b  DL_UART_setClockConfig               
000011ad  __TI_zero_init                       
000011bd  TI_memset_small                      
000011e5  __aeabi_memclr                       
000011e5  __aeabi_memclr4                      
000011e5  __aeabi_memclr8                      
000011f1  DL_Common_delayCycles                
000011fb  abort                                
00001201  ADC0_IRQHandler                      
00001201  ADC1_IRQHandler                      
00001201  AES_IRQHandler                       
00001201  CANFD0_IRQHandler                    
00001201  DAC0_IRQHandler                      
00001201  DMA_IRQHandler                       
00001201  Default_Handler                      
00001201  GROUP0_IRQHandler                    
00001201  GROUP1_IRQHandler                    
00001201  HardFault_Handler                    
00001201  I2C0_IRQHandler                      
00001201  I2C1_IRQHandler                      
00001201  NMI_Handler                          
00001201  PendSV_Handler                       
00001201  RTC_IRQHandler                       
00001201  SPI0_IRQHandler                      
00001201  SPI1_IRQHandler                      
00001201  SVC_Handler                          
00001201  SysTick_Handler                      
00001201  TIMA0_IRQHandler                     
00001201  TIMA1_IRQHandler                     
00001201  TIMG0_IRQHandler                     
00001201  TIMG12_IRQHandler                    
00001201  TIMG6_IRQHandler                     
00001201  TIMG7_IRQHandler                     
00001201  TIMG8_IRQHandler                     
00001201  UART1_IRQHandler                     
00001201  UART2_IRQHandler                     
00001201  UART3_IRQHandler                     
00001204  C$$EXIT                              
00001205  HOSTexit                             
00001209  Reset_Handler                        
0000120d  _system_pre_init                     
00001260  __TI_Handler_Table_Base              
00001264  __TI_CINIT_Base                      
00001264  __TI_Handler_Table_Limit             
0000126c  __TI_CINIT_Limit                     
0000126c  __TI_CINIT_Warm                      
20200000  OLED_GRAM                            
20200000  __start___llvm_prf_bits              
20200000  __start___llvm_prf_cnts              
20200000  __stop___llvm_prf_bits               
20200000  __stop___llvm_prf_cnts               
20207e00  __stack                              
20208000  __STACK_END                          
ffffffff  __TI_pprof_out_hndl                  
ffffffff  __TI_prof_data_size                  
ffffffff  __TI_prof_data_start                 
ffffffff  __binit__                            
ffffffff  binit                                
UNDEFED   __mpu_init                           
UNDEFED   _system_post_cinit                   

[117 symbols]
