******************************************************************************
            TI ARM Clang Linker PC v4.0.4                      
******************************************************************************
>> Linked Fri Jul 24 18:48:23 2026

OUTPUT FILE NAME:   <04_OLED.out>
ENTRY POINT SYMBOL: "_c_int00_noargs"  address: 000028d5


MEMORY CONFIGURATION

         name            origin    length      used     unused   attr    fill
----------------------  --------  ---------  --------  --------  ----  --------
  FLASH                 00000000   00020000  00002d48  0001d2b8  R  X
  SRAM                  20200000   00008000  00000680  00007980  RW X
  BCR_CONFIG            41c00000   000000ff  00000000  000000ff  R   
  BSL_CONFIG            41c00100   00000080  00000000  00000080  R   


SEGMENT ALLOCATION MAP

run origin  load origin   length   init length attrs members
----------  ----------- ---------- ----------- ----- -------
00000000    00000000    00002d48   00002d48    r-x
  00000000    00000000    000000c0   000000c0    r-- .intvecs
  000000c0    000000c0    00001818   00001818    r-- .rodata
  000018d8    000018d8    00001458   00001458    r-x .text
  00002d30    00002d30    00000018   00000018    r-- .cinit
20200000    20200000    00000480   00000000    rw-
  20200000    20200000    00000480   00000000    rw- .bss
20207e00    20207e00    00000200   00000000    rw-
  20207e00    20207e00    00000200   00000000    rw- .stack


SECTION ALLOCATION MAP

 output                                  attributes/
section   page    origin      length       input sections
--------  ----  ----------  ----------   ----------------
.intvecs   0    00000000    000000c0     
                  00000000    000000c0     startup_mspm0g350x_ticlang.o (.intvecs)

.text      0    000018d8    00001458     
                  000018d8    00000284     libc.a : _printfi.c.obj (.text:__TI_printfi_minimal)
                  00001b5c    00000158     oled.o (.text.OLED_ShowChar)
                  00001cb4    000000f8     oled.o (.text.OLED_Init)
                  00001dac    000000e8     ti_msp_dl_config.o (.text.SYSCFG_DL_SYSCTL_SYSPLL_init)
                  00001e94    000000dc     driverlib.a : dl_sysctl_mspm0g1x0x_g3x0x.o (.text.DL_SYSCTL_configSYSPLL)
                  00001f70    00000098     oled.o (.text.OLED_ShowString)
                  00002008    0000008c     empty.o (.text.main)
                  00002094    0000007c     oled.o (.text.OLED_Refresh)
                  00002110    00000074     oled.o (.text.OLED_WR_Byte)
                  00002184    00000074     ti_msp_dl_config.o (.text.SYSCFG_DL_GPIO_init)
                  000021f8    00000074     ti_msp_dl_config.o (.text.SYSCFG_DL_SYSCTL_init)
                  0000226c    00000074     libclang_rt.builtins.a : comparedf2.c.obj (.text.__gedf2)
                  000022e0    00000068                            : comparedf2.c.obj (.text.__ledf2)
                  00002348    00000064     driverlib.a : dl_sysctl_mspm0g1x0x_g3x0x.o (.text.DL_SYSCTL_setHFCLKSourceHFXTParams)
                  000023ac    00000064     oled.o (.text.OLED_ClearPoint)
                  00002410    00000062     libclang_rt.builtins.a : aeabi_dcmp.S.obj (.text.__aeabi_dcmp)
                  00002472    00000002                            : aeabi_div0.c.obj (.text.__aeabi_idiv0)
                  00002474    00000060     oled.o (.text.OLED_Clear)
                  000024d4    00000060     ti_msp_dl_config.o (.text.SYSCFG_DL_OLED_init)
                  00002534    0000005e     driverlib.a : dl_i2c.o (.text.DL_I2C_fillControllerTXFIFO)
                  00002592    00000002     --HOLE-- [fill = 0]
                  00002594    00000050     ti_msp_dl_config.o (.text.DL_GPIO_initPeripheralInputFunctionFeatures)
                  000025e4    00000050     oled.o (.text.DL_I2C_startControllerTransfer)
                  00002634    00000048     oled.o (.text.OLED_DisplayTurn)
                  0000267c    00000048     oled.o (.text.OLED_DrawPoint)
                  000026c4    00000044     driverlib.a : dl_sysctl_mspm0g1x0x_g3x0x.o (.text.DL_SYSCTL_switchMCLKfromSYSOSCtoHSCLK)
                  00002708    00000044     ti_msp_dl_config.o (.text.SYSCFG_DL_initPower)
                  0000274c    00000040     libclang_rt.builtins.a : aeabi_uidivmod.S.obj (.text.__aeabi_uidivmod)
                  0000278c    0000003c     libc.a : autoinit.c.obj (.text:__TI_auto_init_nobinit_nopinit)
                  000027c8    00000038            : sprintf.c.obj (.text.sprintf)
                  00002800    00000034     oled.o (.text.OLED_ColorTurn)
                  00002834    00000028     oled.o (.text.DL_Common_updateReg)
                  0000285c    00000028     ti_msp_dl_config.o (.text.DL_Common_updateReg)
                  00002884    00000028     ti_msp_dl_config.o (.text.DL_I2C_setControllerRXFIFOThreshold)
                  000028ac    00000028     ti_msp_dl_config.o (.text.DL_I2C_setControllerTXFIFOThreshold)
                  000028d4    00000028     libc.a : boot_cortex_m.c.obj (.text:_c_int00_noargs)
                  000028fc    00000026     ti_msp_dl_config.o (.text.DL_I2C_setAnalogGlitchFilterPulseWidth)
                  00002922    00000026     driverlib.a : dl_i2c.o (.text.DL_I2C_setClockConfig)
                  00002948    00000024     ti_msp_dl_config.o (.text.DL_I2C_setDigitalGlitchFilterPulseWidth)
                  0000296c    00000024     libclang_rt.builtins.a : floatunsidf.S.obj (.text.__floatunsidf)
                  00002990    00000022     libc.a : memccpy.c.obj (.text.memccpy)
                  000029b2    00000002     --HOLE-- [fill = 0]
                  000029b4    00000020     ti_msp_dl_config.o (.text.DL_SYSCTL_setFlashWaitState)
                  000029d4    0000001c     ti_msp_dl_config.o (.text.DL_GPIO_enableHiZ)
                  000029f0    0000001c     driverlib.a : dl_sysctl_mspm0g1x0x_g3x0x.o (.text.DL_SYSCTL_configFCC)
                  00002a0c    0000001c     ti_msp_dl_config.o (.text.DL_SYSCTL_setFCCPeriods)
                  00002a28    0000001c     ti_msp_dl_config.o (.text.DL_SYSCTL_setSYSOSCFreq)
                  00002a44    0000001c     ti_msp_dl_config.o (.text.DL_SYSCTL_setULPCLKDivider)
                  00002a60    0000001c     delay.o (.text.delay_ms)
                  00002a7c    00000018     ti_msp_dl_config.o (.text.DL_GPIO_enableOutput)
                  00002a94    00000018     ti_msp_dl_config.o (.text.DL_GPIO_enablePower)
                  00002aac    00000018     ti_msp_dl_config.o (.text.DL_GPIO_initDigitalOutput)
                  00002ac4    00000018     ti_msp_dl_config.o (.text.DL_GPIO_initPeripheralAnalogFunction)
                  00002adc    00000018     ti_msp_dl_config.o (.text.DL_GPIO_reset)
                  00002af4    00000018     empty.o (.text.DL_GPIO_setPins)
                  00002b0c    00000018     ti_msp_dl_config.o (.text.DL_I2C_enableAnalogGlitchFilter)
                  00002b24    00000018     ti_msp_dl_config.o (.text.DL_I2C_enableController)
                  00002b3c    00000018     ti_msp_dl_config.o (.text.DL_I2C_enableControllerClockStretching)
                  00002b54    00000018     ti_msp_dl_config.o (.text.DL_I2C_enablePower)
                  00002b6c    00000018     ti_msp_dl_config.o (.text.DL_I2C_reset)
                  00002b84    00000018     ti_msp_dl_config.o (.text.DL_I2C_setTimerPeriod)
                  00002b9c    00000018     ti_msp_dl_config.o (.text.DL_SYSCTL_setBORThreshold)
                  00002bb4    00000018     libc.a : sprintf.c.obj (.text._outs)
                  00002bcc    00000014     empty.o (.text.DL_GPIO_clearPins)
                  00002be0    00000014     ti_msp_dl_config.o (.text.DL_GPIO_clearPins)
                  00002bf4    00000014     oled.o (.text.DL_I2C_getControllerStatus)
                  00002c08    00000014     ti_msp_dl_config.o (.text.DL_I2C_resetControllerTransfer)
                  00002c1c    00000014     ti_msp_dl_config.o (.text.DL_SYSCTL_disableSYSPLL)
                  00002c30    00000014     ti_msp_dl_config.o (.text.DL_SYSCTL_enableSYSPLL)
                  00002c44    00000014     ti_msp_dl_config.o (.text.SYSCFG_DL_init)
                  00002c58    00000012     libc.a : memcpy16.S.obj (.text:TI_memcpy_small)
                  00002c6a    00000002     --HOLE-- [fill = 0]
                  00002c6c    00000010     ti_msp_dl_config.o (.text.DL_SYSCTL_disableHFXT)
                  00002c7c    00000010     ti_msp_dl_config.o (.text.DL_SYSCTL_isFCCDone)
                  00002c8c    00000010     ti_msp_dl_config.o (.text.DL_SYSCTL_startFCC)
                  00002c9c    00000010     libc.a : copy_zero_init.c.obj (.text:decompress:ZI)
                  00002cac    0000000e     libclang_rt.builtins.a : aeabi_memset.S.obj (.text.__aeabi_memset)
                  00002cba    0000000e     libc.a : _printfi.c.obj (.text.strlen)
                  00002cc8    0000000e            : memset16.S.obj (.text:TI_memset_small)
                  00002cd6    00000002     --HOLE-- [fill = 0]
                  00002cd8    0000000c     ti_msp_dl_config.o (.text.DL_SYSCTL_getClockStatus)
                  00002ce4    0000000c     ti_msp_dl_config.o (.text.DL_SYSCTL_readFCC)
                  00002cf0    0000000c     libclang_rt.builtins.a : aeabi_memset.S.obj (.text.__aeabi_memclr)
                  00002cfc    0000000a     driverlib.a : dl_common.o (.text.DL_Common_delayCycles)
                  00002d06    0000000a     libc.a : sprintf.c.obj (.text._outc)
                  00002d10    00000008     libclang_rt.builtins.a : aeabi_memcpy.S.obj (.text.__aeabi_memcpy)
                  00002d18    00000006     libc.a : exit.c.obj (.text:abort)
                  00002d1e    00000004     startup_mspm0g350x_ticlang.o (.text.Default_Handler)
                  00002d22    00000004     libsysbm.a : hostexit.c.obj (.text.HOSTexit)
                  00002d26    00000004     startup_mspm0g350x_ticlang.o (.text.Reset_Handler)
                  00002d2a    00000004     libc.a : pre_init.c.obj (.text._system_pre_init)
                  00002d2e    00000002     --HOLE-- [fill = 0]

.cinit     0    00002d30    00000018     
                  00002d30    00000008     (.cinit..bss.load) [load image, compression = zero_init]
                  00002d38    00000004     (__TI_handler_table)
                  00002d3c    00000008     (__TI_cinit_table)
                  00002d44    00000004     --HOLE-- [fill = 0]

.rodata    0    000000c0    00001818     
                  000000c0    00000d5c     oled.o (.rodata.asc2_2412)
                  00000e1c    000005f0     oled.o (.rodata.asc2_1608)
                  0000140c    00000474     oled.o (.rodata.asc2_1206)
                  00001880    00000028     ti_msp_dl_config.o (.rodata.gSYSPLLConfig)
                  000018a8    00000011     libc.a : _printfi.c.obj (.rodata.str1.15363888844622738466.1)
                  000018b9    0000000d     empty.o (.rodata.str1.254342170260855183.1)
                  000018c6    0000000d     empty.o (.rodata.str1.9517790425240694019.1)
                  000018d3    00000002     ti_msp_dl_config.o (.rodata.gOLEDClockConfig)
                  000018d5    00000003     --HOLE-- [fill = 0]

.init_array 
*          0    00000000    00000000     UNINITIALIZED

.binit     0    00000000    00000000     

.bss       0    20200000    00000480     UNINITIALIZED
                  20200000    00000480     (.common:OLED_GRAM)

.stack     0    20207e00    00000200     UNINITIALIZED
                  20207e00    00000004     libc.a : boot_cortex_m.c.obj (.stack)
                  20207e04    000001fc     --HOLE--

__llvm_prf_cnts 
*          0    20200000    00000000     UNINITIALIZED

__llvm_prf_bits 
*          0    20200000    00000000     UNINITIALIZED

MODULE SUMMARY

       Module                         code   ro data   rw data
       ------                         ----   -------   -------
    .\
       oled.o                         1516   6080      1152   
       ti_msp_dl_config.o             1506   42        0      
       empty.o                        184    26        0      
       startup_mspm0g350x_ticlang.o   8      192       0      
       delay.o                        28     0         0      
    +--+------------------------------+------+---------+---------+
       Total:                         3242   6340      1152   
                                                              
    G:/electronic/ti/ccs2050/mspm0_sdk_2_11_00_07/source/ti/driverlib/lib/ticlang/m0p/mspm0g1x0x_g3x0x/driverlib.a
       dl_sysctl_mspm0g1x0x_g3x0x.o   416    0         0      
       dl_i2c.o                       132    0         0      
       dl_common.o                    10     0         0      
    +--+------------------------------+------+---------+---------+
       Total:                         558    0         0      
                                                              
    G:\electronic\ti\ccs2050\ccs\tools\compiler\ti-cgt-armllvm_4.0.4.LTS\lib\armv6m-ti-none-eabi/c/libc.a
       _printfi.c.obj                 658    17        0      
       sprintf.c.obj                  90     0         0      
       autoinit.c.obj                 60     0         0      
       boot_cortex_m.c.obj            40     0         0      
       memccpy.c.obj                  34     0         0      
       memcpy16.S.obj                 18     0         0      
       copy_zero_init.c.obj           16     0         0      
       memset16.S.obj                 14     0         0      
       exit.c.obj                     6      0         0      
       pre_init.c.obj                 4      0         0      
    +--+------------------------------+------+---------+---------+
       Total:                         940    17        0      
                                                              
    G:\electronic\ti\ccs2050\ccs\tools\compiler\ti-cgt-armllvm_4.0.4.LTS\lib\armv6m-ti-none-eabi/c/libsysbm.a
       hostexit.c.obj                 4      0         0      
    +--+------------------------------+------+---------+---------+
       Total:                         4      0         0      
                                                              
    G:\electronic\ti\ccs2050\ccs\tools\compiler\ti-cgt-armllvm_4.0.4.LTS\lib\armv6m-ti-none-eabi/libclang_rt.builtins.a
       comparedf2.c.obj               220    0         0      
       aeabi_dcmp.S.obj               98     0         0      
       aeabi_uidivmod.S.obj           64     0         0      
       floatunsidf.S.obj              36     0         0      
       aeabi_memset.S.obj             26     0         0      
       aeabi_memcpy.S.obj             8      0         0      
       aeabi_div0.c.obj               2      0         0      
    +--+------------------------------+------+---------+---------+
       Total:                         454    0         0      
                                                              
       Stack:                         0      0         512    
       Linker Generated:              0      20        0      
    +--+------------------------------+------+---------+---------+
       Grand Total:                   5198   6377      1664   


LINKER GENERATED COPY TABLES

__TI_cinit_table @ 00002d3c records: 1, size/record: 8, table size: 8
	.bss: load addr=00002d30, load size=00000008 bytes, run addr=20200000, run size=00000480 bytes, compression=zero_init


LINKER GENERATED HANDLER TABLE

__TI_handler_table @ 00002d38 records: 1, size/record: 4, table size: 4
	index: 0, handler: __TI_zero_init


GLOBAL SYMBOLS: SORTED ALPHABETICALLY BY Name 

address   name                                 
-------   ----                                 
00002d1f  ADC0_IRQHandler                      
00002d1f  ADC1_IRQHandler                      
00002d1f  AES_IRQHandler                       
00002d22  C$$EXIT                              
00002d1f  CANFD0_IRQHandler                    
00002d1f  DAC0_IRQHandler                      
00002cfd  DL_Common_delayCycles                
00002535  DL_I2C_fillControllerTXFIFO          
00002923  DL_I2C_setClockConfig                
000029f1  DL_SYSCTL_configFCC                  
00001e95  DL_SYSCTL_configSYSPLL               
00002349  DL_SYSCTL_setHFCLKSourceHFXTParams   
000026c5  DL_SYSCTL_switchMCLKfromSYSOSCtoHSCLK
00002d1f  DMA_IRQHandler                       
00002d1f  Default_Handler                      
00002d1f  GROUP0_IRQHandler                    
00002d1f  GROUP1_IRQHandler                    
00002d23  HOSTexit                             
00002d1f  HardFault_Handler                    
00002d1f  I2C0_IRQHandler                      
00002d1f  I2C1_IRQHandler                      
00002d1f  NMI_Handler                          
00002475  OLED_Clear                           
000023ad  OLED_ClearPoint                      
00002801  OLED_ColorTurn                       
00002635  OLED_DisplayTurn                     
0000267d  OLED_DrawPoint                       
20200000  OLED_GRAM                            
00001cb5  OLED_Init                            
00002095  OLED_Refresh                         
00001b5d  OLED_ShowChar                        
00001f71  OLED_ShowString                      
00002111  OLED_WR_Byte                         
00002d1f  PendSV_Handler                       
00002d1f  RTC_IRQHandler                       
00002d27  Reset_Handler                        
00002d1f  SPI0_IRQHandler                      
00002d1f  SPI1_IRQHandler                      
00002d1f  SVC_Handler                          
00002185  SYSCFG_DL_GPIO_init                  
000024d5  SYSCFG_DL_OLED_init                  
00001dad  SYSCFG_DL_SYSCTL_SYSPLL_init         
000021f9  SYSCFG_DL_SYSCTL_init                
00002c45  SYSCFG_DL_init                       
00002709  SYSCFG_DL_initPower                  
00002d1f  SysTick_Handler                      
00002d1f  TIMA0_IRQHandler                     
00002d1f  TIMA1_IRQHandler                     
00002d1f  TIMG0_IRQHandler                     
00002d1f  TIMG12_IRQHandler                    
00002d1f  TIMG6_IRQHandler                     
00002d1f  TIMG7_IRQHandler                     
00002d1f  TIMG8_IRQHandler                     
00002c59  TI_memcpy_small                      
00002cc9  TI_memset_small                      
00002d1f  UART0_IRQHandler                     
00002d1f  UART1_IRQHandler                     
00002d1f  UART2_IRQHandler                     
00002d1f  UART3_IRQHandler                     
20208000  __STACK_END                          
00000200  __STACK_SIZE                         
00000000  __TI_ATRegion0_region_sz             
00000000  __TI_ATRegion0_src_addr              
00000000  __TI_ATRegion0_trg_addr              
00000000  __TI_ATRegion1_region_sz             
00000000  __TI_ATRegion1_src_addr              
00000000  __TI_ATRegion1_trg_addr              
00000000  __TI_ATRegion2_region_sz             
00000000  __TI_ATRegion2_src_addr              
00000000  __TI_ATRegion2_trg_addr              
00002d3c  __TI_CINIT_Base                      
00002d44  __TI_CINIT_Limit                     
00002d44  __TI_CINIT_Warm                      
00002d38  __TI_Handler_Table_Base              
00002d3c  __TI_Handler_Table_Limit             
0000278d  __TI_auto_init_nobinit_nopinit       
ffffffff  __TI_pprof_out_hndl                  
000018d9  __TI_printfi_minimal                 
ffffffff  __TI_prof_data_size                  
ffffffff  __TI_prof_data_start                 
00000000  __TI_static_base__                   
00002c9d  __TI_zero_init                       
00002411  __aeabi_dcmpeq                       
0000244d  __aeabi_dcmpge                       
00002461  __aeabi_dcmpgt                       
00002439  __aeabi_dcmple                       
00002425  __aeabi_dcmplt                       
00002473  __aeabi_idiv0                        
00002cf1  __aeabi_memclr                       
00002cf1  __aeabi_memclr4                      
00002cf1  __aeabi_memclr8                      
00002d11  __aeabi_memcpy                       
00002d11  __aeabi_memcpy4                      
00002d11  __aeabi_memcpy8                      
00002cad  __aeabi_memset                       
00002cad  __aeabi_memset4                      
00002cad  __aeabi_memset8                      
0000296d  __aeabi_ui2d                         
0000274d  __aeabi_uidiv                        
0000274d  __aeabi_uidivmod                     
ffffffff  __binit__                            
000022e1  __cmpdf2                             
000022e1  __eqdf2                              
0000296d  __floatunsidf                        
0000226d  __gedf2                              
0000226d  __gtdf2                              
000022e1  __ledf2                              
000022e1  __ltdf2                              
UNDEFED   __mpu_init                           
000022e1  __nedf2                              
20207e00  __stack                              
20200000  __start___llvm_prf_bits              
20200000  __start___llvm_prf_cnts              
20200000  __stop___llvm_prf_bits               
20200000  __stop___llvm_prf_cnts               
000028d5  _c_int00_noargs                      
UNDEFED   _system_post_cinit                   
00002d2b  _system_pre_init                     
00002d19  abort                                
0000140c  asc2_1206                            
00000e1c  asc2_1608                            
000000c0  asc2_2412                            
ffffffff  binit                                
00002a61  delay_ms                             
00000000  interruptVectors                     
00002009  main                                 
00002991  memccpy                              
000027c9  sprintf                              


GLOBAL SYMBOLS: SORTED BY Symbol Address 

address   name                                 
-------   ----                                 
00000000  __TI_ATRegion0_region_sz             
00000000  __TI_ATRegion0_src_addr              
00000000  __TI_ATRegion0_trg_addr              
00000000  __TI_ATRegion1_region_sz             
00000000  __TI_ATRegion1_src_addr              
00000000  __TI_ATRegion1_trg_addr              
00000000  __TI_ATRegion2_region_sz             
00000000  __TI_ATRegion2_src_addr              
00000000  __TI_ATRegion2_trg_addr              
00000000  __TI_static_base__                   
00000000  interruptVectors                     
000000c0  asc2_2412                            
00000200  __STACK_SIZE                         
00000e1c  asc2_1608                            
0000140c  asc2_1206                            
000018d9  __TI_printfi_minimal                 
00001b5d  OLED_ShowChar                        
00001cb5  OLED_Init                            
00001dad  SYSCFG_DL_SYSCTL_SYSPLL_init         
00001e95  DL_SYSCTL_configSYSPLL               
00001f71  OLED_ShowString                      
00002009  main                                 
00002095  OLED_Refresh                         
00002111  OLED_WR_Byte                         
00002185  SYSCFG_DL_GPIO_init                  
000021f9  SYSCFG_DL_SYSCTL_init                
0000226d  __gedf2                              
0000226d  __gtdf2                              
000022e1  __cmpdf2                             
000022e1  __eqdf2                              
000022e1  __ledf2                              
000022e1  __ltdf2                              
000022e1  __nedf2                              
00002349  DL_SYSCTL_setHFCLKSourceHFXTParams   
000023ad  OLED_ClearPoint                      
00002411  __aeabi_dcmpeq                       
00002425  __aeabi_dcmplt                       
00002439  __aeabi_dcmple                       
0000244d  __aeabi_dcmpge                       
00002461  __aeabi_dcmpgt                       
00002473  __aeabi_idiv0                        
00002475  OLED_Clear                           
000024d5  SYSCFG_DL_OLED_init                  
00002535  DL_I2C_fillControllerTXFIFO          
00002635  OLED_DisplayTurn                     
0000267d  OLED_DrawPoint                       
000026c5  DL_SYSCTL_switchMCLKfromSYSOSCtoHSCLK
00002709  SYSCFG_DL_initPower                  
0000274d  __aeabi_uidiv                        
0000274d  __aeabi_uidivmod                     
0000278d  __TI_auto_init_nobinit_nopinit       
000027c9  sprintf                              
00002801  OLED_ColorTurn                       
000028d5  _c_int00_noargs                      
00002923  DL_I2C_setClockConfig                
0000296d  __aeabi_ui2d                         
0000296d  __floatunsidf                        
00002991  memccpy                              
000029f1  DL_SYSCTL_configFCC                  
00002a61  delay_ms                             
00002c45  SYSCFG_DL_init                       
00002c59  TI_memcpy_small                      
00002c9d  __TI_zero_init                       
00002cad  __aeabi_memset                       
00002cad  __aeabi_memset4                      
00002cad  __aeabi_memset8                      
00002cc9  TI_memset_small                      
00002cf1  __aeabi_memclr                       
00002cf1  __aeabi_memclr4                      
00002cf1  __aeabi_memclr8                      
00002cfd  DL_Common_delayCycles                
00002d11  __aeabi_memcpy                       
00002d11  __aeabi_memcpy4                      
00002d11  __aeabi_memcpy8                      
00002d19  abort                                
00002d1f  ADC0_IRQHandler                      
00002d1f  ADC1_IRQHandler                      
00002d1f  AES_IRQHandler                       
00002d1f  CANFD0_IRQHandler                    
00002d1f  DAC0_IRQHandler                      
00002d1f  DMA_IRQHandler                       
00002d1f  Default_Handler                      
00002d1f  GROUP0_IRQHandler                    
00002d1f  GROUP1_IRQHandler                    
00002d1f  HardFault_Handler                    
00002d1f  I2C0_IRQHandler                      
00002d1f  I2C1_IRQHandler                      
00002d1f  NMI_Handler                          
00002d1f  PendSV_Handler                       
00002d1f  RTC_IRQHandler                       
00002d1f  SPI0_IRQHandler                      
00002d1f  SPI1_IRQHandler                      
00002d1f  SVC_Handler                          
00002d1f  SysTick_Handler                      
00002d1f  TIMA0_IRQHandler                     
00002d1f  TIMA1_IRQHandler                     
00002d1f  TIMG0_IRQHandler                     
00002d1f  TIMG12_IRQHandler                    
00002d1f  TIMG6_IRQHandler                     
00002d1f  TIMG7_IRQHandler                     
00002d1f  TIMG8_IRQHandler                     
00002d1f  UART0_IRQHandler                     
00002d1f  UART1_IRQHandler                     
00002d1f  UART2_IRQHandler                     
00002d1f  UART3_IRQHandler                     
00002d22  C$$EXIT                              
00002d23  HOSTexit                             
00002d27  Reset_Handler                        
00002d2b  _system_pre_init                     
00002d38  __TI_Handler_Table_Base              
00002d3c  __TI_CINIT_Base                      
00002d3c  __TI_Handler_Table_Limit             
00002d44  __TI_CINIT_Limit                     
00002d44  __TI_CINIT_Warm                      
20200000  OLED_GRAM                            
20200000  __start___llvm_prf_bits              
20200000  __start___llvm_prf_cnts              
20200000  __stop___llvm_prf_bits               
20200000  __stop___llvm_prf_cnts               
20207e00  __stack                              
20208000  __STACK_END                          
ffffffff  __TI_pprof_out_hndl                  
ffffffff  __TI_prof_data_size                  
ffffffff  __TI_prof_data_start                 
ffffffff  __binit__                            
ffffffff  binit                                
UNDEFED   __mpu_init                           
UNDEFED   _system_post_cinit                   

[128 symbols]
