******************************************************************************
            TI ARM Clang Linker PC v4.0.4                      
******************************************************************************
>> Linked Mon Jul 27 20:13:33 2026

OUTPUT FILE NAME:   <11_PID_CAR.out>
ENTRY POINT SYMBOL: "_c_int00_noargs"  address: 00007bdd


MEMORY CONFIGURATION

         name            origin    length      used     unused   attr    fill
----------------------  --------  ---------  --------  --------  ----  --------
  FLASH                 00000000   00020000  0000ad28  000152d8  R  X
  SRAM                  20200000   00008000  00001451  00006baf  RW X
  BCR_CONFIG            41c00000   000000ff  00000000  000000ff  R   
  BSL_CONFIG            41c00100   00000080  00000000  00000080  R   


SEGMENT ALLOCATION MAP

run origin  load origin   length   init length attrs members
----------  ----------- ---------- ----------- ----- -------
00000000    00000000    0000ad28   0000ad28    r-x
  00000000    00000000    000000c0   000000c0    r-- .intvecs
  000000c0    000000c0    000084b0   000084b0    r-x .text
  00008570    00008570    00002710   00002710    r-- .rodata
  0000ac80    0000ac80    000000a8   000000a8    r-- .cinit
20200000    20200000    00001251   00000000    rw-
  20200000    20200000    00000800   00000000    rw- .sysmem
  20200800    20200800    000007a8   00000000    rw- .bss
  20200fa8    20200fa8    000002a9   00000000    rw- .data
20207e00    20207e00    00000200   00000000    rw-
  20207e00    20207e00    00000200   00000000    rw- .stack


SECTION ALLOCATION MAP

 output                                  attributes/
section   page    origin      length       input sections
--------  ----  ----------  ----------   ----------------
.intvecs   0    00000000    000000c0     
                  00000000    000000c0     startup_mspm0g350x_ticlang.o (.intvecs)

.text      0    000000c0    000084b0     
                  000000c0    000009d0     libc.a : _printfi.c.obj (.text:__TI_printfi)
                  00000a90    00000364            : e_asin.c.obj (.text.asin)
                  00000df4    000002f8            : s_atan.c.obj (.text.atan)
                  000010ec    00000278     inv_mpu_dmp_motion_driver.o (.text.dmp_enable_feature)
                  00001364    00000238     inv_mpu_dmp_motion_driver.o (.text.dmp_set_tap_thresh)
                  0000159c    0000022c     inv_mpu.o (.text.mpu_reset_fifo)
                  000017c8    00000220     libc.a : _printfi.c.obj (.text._pconv_a)
                  000019e8    00000214     inv_mpu.o (.text.mpu_init)
                  00001bfc    0000020c     ti_msp_dl_config.o (.text.SYSCFG_DL_GPIO_init)
                  00001e08    000001f8     mpu_port.o (.text.DMP_Read_Data)
                  00002000    000001f4     inv_mpu_dmp_motion_driver.o (.text.dmp_read_fifo)
                  000021f4    000001e4     main.o (.text.main)
                  000023d8    000001dc     libc.a : _printfi.c.obj (.text._pconv_g)
                  000025b4    000001a0     inv_mpu.o (.text.mpu_set_bypass)
                  00002754    0000019c     motor.o (.text.DC_MOTOR_PID)
                  000028f0    00000192     libclang_rt.builtins.a : adddf3.S.obj (.text.adddf3_subdf3)
                  00002a82    00000002                            : aeabi_div0.c.obj (.text.__aeabi_idiv0)
                  00002a84    00000190     mpu_port.o (.text.MPU_Read_Len)
                  00002c14    00000188     libc.a : e_atan2.c.obj (.text.atan2)
                  00002d9c    00000178     inv_mpu_dmp_motion_driver.o (.text.dmp_set_orientation)
                  00002f14    00000170     libc.a : e_sqrt.c.obj (.text.sqrt)
                  00003084    00000158     oled.o (.text.OLED_ShowChar)
                  000031dc    00000158     motor.o (.text.calculate_speed)
                  00003334    0000013c     libc.a : _printfi.c.obj (.text.fcvt)
                  00003470    00000130     inv_mpu.o (.text.mpu_set_sensors)
                  000035a0    00000124     inv_mpu.o (.text.mpu_load_firmware)
                  000036c4    00000120     libc.a : _printfi.c.obj (.text._pconv_e)
                  000037e4    0000011c     mpu_port.o (.text.MPU_Write_Len)
                  00003900    00000114     libc.a : memory.c.obj (.text.aligned_alloc)
                  00003a14    00000110     inv_mpu.o (.text.mpu_lp_accel_mode)
                  00003b24    0000010c     libclang_rt.builtins.a : divdf3.S.obj (.text.__divdf3)
                  00003c30    00000108     pid.o (.text.line_pid_update)
                  00003d38    00000108     inv_mpu.o (.text.mpu_read_fifo_stream)
                  00003e40    00000104     driverlib.a : dl_timer.o (.text.DL_Timer_initFourCCPWMMode)
                  00003f44    00000100     motor.o (.text.motor_set_direction)
                  00004044    000000fc     driverlib.a : dl_timer.o (.text.DL_Timer_initTimerMode)
                  00004140    000000f8     oled.o (.text.OLED_Init)
                  00004238    000000f8     oled.o (.text.OLED_WR_Byte)
                  00004330    000000f8     libc.a : fputs.c.obj (.text.fputs)
                  00004428    000000ec     inv_mpu.o (.text.mpu_set_sample_rate)
                  00004514    000000e8     ti_msp_dl_config.o (.text.SYSCFG_DL_SYSCTL_SYSPLL_init)
                  000045fc    000000e8     libc.a : memory.c.obj (.text.free)
                  000046e4    000000e4     libclang_rt.builtins.a : muldf3.S.obj (.text.__muldf3)
                  000047c8    000000e4     inv_mpu.o (.text.mpu_set_accel_fsr)
                  000048ac    000000e0     libc.a : setvbuf.c.obj (.text.setvbuf)
                  0000498c    000000dc     driverlib.a : dl_sysctl_mspm0g1x0x_g3x0x.o (.text.DL_SYSCTL_configSYSPLL)
                  00004a68    000000d8     libc.a : s_scalbn.c.obj (.text.scalbn)
                  00004b40    000000d8     libclang_rt.builtins.a : addsf3.S.obj (.text)
                  00004c18    000000d4     inv_mpu.o (.text.set_int_enable)
                  00004cec    000000d0     inv_mpu.o (.text.mpu_set_lpf)
                  00004dbc    000000c4     inv_mpu.o (.text.mpu_set_gyro_fsr)
                  00004e80    000000bc     inv_mpu.o (.text.mpu_configure_fifo)
                  00004f3c    000000b8     inv_mpu.o (.text.mpu_set_dmp_state)
                  00004ff4    000000b4     huidu.o (.text.huidu_get_value)
                  000050a8    000000ac     inv_mpu.o (.text.mpu_read_mem)
                  00005154    000000ac     inv_mpu.o (.text.mpu_write_mem)
                  00005200    000000a2     libclang_rt.builtins.a : udivmoddi4.S.obj (.text)
                  000052a2    00000002                            : aeabi_div0.c.obj (.text.__aeabi_ldiv0)
                  000052a4    000000a0     mpu_port.o (.text.DMP_Init)
                  00005344    000000a0     ti_msp_dl_config.o (.text.SYSCFG_DL_initPower)
                  000053e4    000000a0     motor.o (.text.motor_init)
                  00005484    0000009c     libc.a : fputc.c.obj (.text.fputc)
                  00005520    0000009c     pid.o (.text.line_pid_calculate)
                  000055bc    0000009c     inv_mpu.o (.text.mpu_set_int_latched)
                  00005658    00000098     oled.o (.text.OLED_ShowString)
                  000056f0    00000098     inv_mpu_dmp_motion_driver.o (.text.dmp_set_fifo_rate)
                  00005788    00000098     pid.o (.text.line_handle_lost)
                  00005820    00000096     mpu_port.o (.text.inv_row_2_scale)
                  000058b6    00000002     libc.a : _lock.c.obj (.text._nop)
                  000058b8    0000008c     ti_msp_dl_config.o (.text.SYSCFG_DL_PWMAB_init)
                  00005944    0000008c     libclang_rt.builtins.a : mulsf3.S.obj (.text.__mulsf3)
                  000059d0    0000008c     inv_mpu_dmp_motion_driver.o (.text.decode_gesture)
                  00005a5c    00000004     startup_mspm0g350x_ticlang.o (.text.Default_Handler)
                  00005a60    00000088     libc.a : strcmp-armv6m.S.obj (.text:strcmp)
                  00005ae8    00000084     ti_msp_dl_config.o (.text.__NVIC_SetPriority)
                  00005b6c    00000082     libclang_rt.builtins.a : divsf3.S.obj (.text.__divsf3)
                  00005bee    00000002     --HOLE-- [fill = 0]
                  00005bf0    0000007c     oled.o (.text.OLED_Refresh)
                  00005c6c    0000007c     libc.a : fclose.c.obj (.text.__TI_closefile)
                  00005ce8    0000007c            : copy_decompress_lzss.c.obj (.text:decompress:lzss)
                  00005d64    00000074     ti_msp_dl_config.o (.text.SYSCFG_DL_SYSCTL_init)
                  00005dd8    00000074     libclang_rt.builtins.a : comparedf2.c.obj (.text.__gedf2)
                  00005e4c    00000004     libsysbm.a : hostexit.c.obj (.text.HOSTexit)
                  00005e50    00000074     libclang_rt.builtins.a : truncdfsf2.S.obj (.text.__truncdfsf2)
                  00005ec4    00000074     inv_mpu.o (.text.mpu_get_accel_fsr)
                  00005f38    0000006c     libsysbm.a : hostlseek.c.obj (.text.HOSTlseek)
                  00005fa4    0000006c                : hostrename.c.obj (.text.HOSTrename)
                  00006010    0000006c     oled.o (.text.OLED_I2C_WaitForIdle)
                  0000607c    0000006c     ti_msp_dl_config.o (.text.SYSCFG_DL_SERVO_init)
                  000060e8    0000006c     libc.a : fseek.c.obj (.text.fseeko)
                  00006154    0000006c            : getdevice.c.obj (.text.getdevice)
                  000061c0    0000006c     pid.o (.text.line_calculate_base_speed)
                  0000622c    0000006c     pid.o (.text.line_calculate_error)
                  00006298    00000068     libclang_rt.builtins.a : comparedf2.c.obj (.text.__ledf2)
                  00006300    00000066     libc.a : _printfi.c.obj (.text._mcpy)
                  00006366    00000066     inv_mpu_dmp_motion_driver.o (.text.dmp_set_tap_axes)
                  000063cc    00000064     driverlib.a : dl_sysctl_mspm0g1x0x_g3x0x.o (.text.DL_SYSCTL_setHFCLKSourceHFXTParams)
                  00006430    00000064     oled.o (.text.OLED_ClearPoint)
                  00006494    00000064     libc.a : _io_perm.c.obj (.text.__TI_wrt_ok)
                  000064f8    00000064            : memory.c.obj (.text.split)
                  0000655c    00000062     libclang_rt.builtins.a : aeabi_dcmp.S.obj (.text.__aeabi_dcmp)
                  000065be    00000002     --HOLE-- [fill = 0]
                  000065c0    00000062                            : aeabi_fcmp.S.obj (.text.__aeabi_fcmp)
                  00006622    00000002     --HOLE-- [fill = 0]
                  00006624    00000060     libsysbm.a : hostopen.c.obj (.text.HOSTopen)
                  00006684    00000060     oled.o (.text.OLED_Clear)
                  000066e4    00000060     ti_msp_dl_config.o (.text.SYSCFG_DL_MPU6050_init)
                  00006744    00000060     ti_msp_dl_config.o (.text.SYSCFG_DL_OLED_init)
                  000067a4    00000060     inv_mpu_dmp_motion_driver.o (.text.dmp_enable_gyro_cal)
                  00006804    0000005e     driverlib.a : dl_i2c.o (.text.DL_I2C_fillControllerTXFIFO)
                  00006862    00000002     --HOLE-- [fill = 0]
                  00006864    0000005c     libc.a : s_frexp.c.obj (.text.frexp)
                  000068c0    0000005c            : printf.c.obj (.text.printf)
                  0000691c    00000058     libsysbm.a : hostread.c.obj (.text.HOSTread)
                  00006974    00000058                : hostwrite.c.obj (.text.HOSTwrite)
                  000069cc    00000058     libc.a : _ltoa.c.obj (.text.__TI_ltoa)
                  00006a24    00000058            : _printfi.c.obj (.text._pconv_f)
                  00006a7c    00000056     libclang_rt.builtins.a : aeabi_idivmod.S.obj (.text.__aeabi_idivmod)
                  00006ad2    00000052     libc.a : fflush.c.obj (.text.__TI_doflush)
                  00006b24    00000052            : _printfi.c.obj (.text._ecpy)
                  00006b76    00000002     --HOLE-- [fill = 0]
                  00006b78    00000050     ti_msp_dl_config.o (.text.DL_GPIO_initPeripheralInputFunctionFeatures)
                  00006bc8    00000050     mpu_port.o (.text.DL_I2C_startControllerTransfer)
                  00006c18    00000050     oled.o (.text.DL_I2C_startControllerTransfer)
                  00006c68    00000050     ti_msp_dl_config.o (.text.SysTick_Config)
                  00006cb8    00000050     libsysbm.a : close.c.obj (.text.close)
                  00006d08    00000050     pid.o (.text.line_pid_init)
                  00006d58    0000004c     ti_msp_dl_config.o (.text.DL_GPIO_initDigitalInputFeatures)
                  00006da4    0000004c     ti_msp_dl_config.o (.text.DL_UART_setBaudRateDivisor)
                  00006df0    0000004c     pid.o (.text.line_handle_finish)
                  00006e3c    0000004c     motor.o (.text.motor_set_duty)
                  00006e88    0000004a     libclang_rt.builtins.a : fixdfsi.S.obj (.text.__fixdfsi)
                  00006ed2    00000002     --HOLE-- [fill = 0]
                  00006ed4    00000048     driverlib.a : dl_uart.o (.text.DL_UART_init)
                  00006f1c    00000048     libsysbm.a : hostclose.c.obj (.text.HOSTclose)
                  00006f64    00000048                : hostunlink.c.obj (.text.HOSTunlink)
                  00006fac    00000048     oled.o (.text.OLED_DisplayTurn)
                  00006ff4    00000048     oled.o (.text.OLED_DrawPoint)
                  0000703c    00000048     ti_msp_dl_config.o (.text.SYSCFG_DL_DEBUG_init)
                  00007084    00000048     inv_mpu_dmp_motion_driver.o (.text.dmp_enable_6x_lp_quat)
                  000070cc    00000048     inv_mpu_dmp_motion_driver.o (.text.dmp_enable_lp_quat)
                  00007114    00000048     pid.o (.text.line_get_black_count)
                  0000715c    00000044     driverlib.a : dl_sysctl_mspm0g1x0x_g3x0x.o (.text.DL_SYSCTL_switchMCLKfromSYSOSCtoHSCLK)
                  000071a0    00000044     key.o (.text.GROUP1_IRQHandler)
                  000071e4    00000044     ti_msp_dl_config.o (.text.SYSCFG_DL_init)
                  00007228    00000044     inv_mpu_dmp_motion_driver.o (.text.dmp_set_shake_reject_thresh)
                  0000726c    00000044     inv_mpu_dmp_motion_driver.o (.text.dmp_set_tap_count)
                  000072b0    00000040     libclang_rt.builtins.a : aeabi_uidivmod.S.obj (.text.__aeabi_uidivmod)
                  000072f0    00000040                            : extendsfdf2.S.obj (.text.__extendsfdf2)
                  00007330    00000040     libc.a : atoi.c.obj (.text.atoi)
                  00007370    0000003e     mpu_port.o (.text.inv_orientation_matrix_to_scalar)
                  000073ae    0000003e     pid.o (.text.line_limit_float)
                  000073ec    0000003c     ti_msp_dl_config.o (.text.DL_Timer_setCounterControl)
                  00007428    0000003c     motor.o (.text.TIMA0_IRQHandler)
                  00007464    0000003c     libclang_rt.builtins.a : floatsisf.S.obj (.text.__floatsisf)
                  000074a0    0000003c                            : comparesf2.S.obj (.text.__gtsf2)
                  000074dc    0000003c     libc.a : autoinit.c.obj (.text:__TI_auto_init_nobinit_nopinit)
                  00007518    0000003a     libclang_rt.builtins.a : comparesf2.S.obj (.text.__eqsf2)
                  00007552    00000002     --HOLE-- [fill = 0]
                  00007554    0000003a                            : muldsi3.S.obj (.text.__muldsi3)
                  0000758e    00000002     --HOLE-- [fill = 0]
                  00007590    00000038     oled.o (.text.OLED_I2C_SetFault)
                  000075c8    00000038     libclang_rt.builtins.a : fixsfsi.S.obj (.text.__fixsfsi)
                  00007600    00000038     pid.o (.text.line_set_target_speed)
                  00007638    00000038     libc.a : sprintf.c.obj (.text.sprintf)
                  00007670    00000034     oled.o (.text.OLED_ColorTurn)
                  000076a4    00000034     ti_msp_dl_config.o (.text.SYSCFG_DL_MOTOR_PID_init)
                  000076d8    00000034     libc.a : fopen.c.obj (.text.__TI_cleanup)
                  0000770c    00000034     libsysbm.a : trgmsg.c.obj (.text.__TI_readmsg)
                  00007740    00000034                : trgmsg.c.obj (.text.__TI_writemsg)
                  00007774    00000034     libc.a : exit.c.obj (.text.exit)
                  000077a8    00000034            : getdevice.c.obj (.text.finddevice)
                  000077dc    00000034     huidu.o (.text.huidu_get_gpio_state)
                  00007810    00000032     libclang_rt.builtins.a : fixunssfsi.S.obj (.text.__fixunssfsi)
                  00007842    00000032     inv_mpu_dmp_motion_driver.o (.text.dmp_set_shake_reject_time)
                  00007874    00000032     inv_mpu_dmp_motion_driver.o (.text.dmp_set_shake_reject_timeout)
                  000078a6    00000002     --HOLE-- [fill = 0]
                  000078a8    00000030     driverlib.a : dl_uart.o (.text.DL_UART_transmitDataBlocking)
                  000078d8    00000030     libc.a : _printfi.c.obj (.text._fcpy)
                  00007908    00000030     inv_mpu_dmp_motion_driver.o (.text.dmp_set_tap_time)
                  00007938    00000030     inv_mpu_dmp_motion_driver.o (.text.dmp_set_tap_time_multi)
                  00007968    00000030     motor.o (.text.limit_duty)
                  00007998    0000002c     main.o (.text.__NVIC_EnableIRQ)
                  000079c4    0000002c     motor.o (.text.__NVIC_EnableIRQ)
                  000079f0    0000002c     libclang_rt.builtins.a : floatsidf.S.obj (.text.__floatsidf)
                  00007a1c    0000002c     libsysbm.a : unlink.c.obj (.text.unlink)
                  00007a48    0000002a     uart.o (.text.UART_send_string)
                  00007a72    00000028     mpu_port.o (.text.DL_Common_updateReg)
                  00007a9a    00000028     oled.o (.text.DL_Common_updateReg)
                  00007ac2    00000028     ti_msp_dl_config.o (.text.DL_Common_updateReg)
                  00007aea    00000002     --HOLE-- [fill = 0]
                  00007aec    00000028     ti_msp_dl_config.o (.text.DL_I2C_setControllerRXFIFOThreshold)
                  00007b14    00000028     ti_msp_dl_config.o (.text.DL_I2C_setControllerTXFIFOThreshold)
                  00007b3c    00000028     libclang_rt.builtins.a : floatunsisf.S.obj (.text.__floatunsisf)
                  00007b64    00000028     libc.a : memory.c.obj (.text.free_list_insert)
                  00007b8c    00000028     libsysbm.a : lseek.c.obj (.text.lseek)
                  00007bb4    00000028                : write.c.obj (.text.write)
                  00007bdc    00000028     libc.a : boot_cortex_m.c.obj (.text:_c_int00_noargs)
                  00007c04    00000026     ti_msp_dl_config.o (.text.DL_I2C_setAnalogGlitchFilterPulseWidth)
                  00007c2a    00000026     driverlib.a : dl_i2c.o (.text.DL_I2C_setClockConfig)
                  00007c50    00000024     ti_msp_dl_config.o (.text.DL_I2C_setDigitalGlitchFilterPulseWidth)
                  00007c74    00000024     libclang_rt.builtins.a : floatunsidf.S.obj (.text.__floatunsidf)
                  00007c98    00000024                            : muldi3.S.obj (.text.__muldi3)
                  00007cbc    00000022     libc.a : memccpy.c.obj (.text.memccpy)
                  00007cde    00000002     --HOLE-- [fill = 0]
                  00007ce0    00000020     ti_msp_dl_config.o (.text.DL_GPIO_initPeripheralInputFunction)
                  00007d00    00000020     ti_msp_dl_config.o (.text.DL_SYSCTL_setFlashWaitState)
                  00007d20    00000020     libc.a : memcmp.c.obj (.text.memcmp)
                  00007d40    00000020     mpu_port.o (.text.mget_ms)
                  00007d60    0000001e     ti_msp_dl_config.o (.text.DL_UART_setOversampling)
                  00007d7e    00000002     --HOLE-- [fill = 0]
                  00007d80    0000001e     libclang_rt.builtins.a : ashldi3.S.obj (.text.__ashldi3)
                  00007d9e    00000002     --HOLE-- [fill = 0]
                  00007da0    0000001c     ti_msp_dl_config.o (.text.DL_GPIO_clearInterruptStatus)
                  00007dbc    0000001c     ti_msp_dl_config.o (.text.DL_GPIO_enableHiZ)
                  00007dd8    0000001c     ti_msp_dl_config.o (.text.DL_GPIO_enableInterrupt)
                  00007df4    0000001c     ti_msp_dl_config.o (.text.DL_GPIO_initPeripheralOutputFunction)
                  00007e10    0000001c     mpu_port.o (.text.DL_I2C_isControllerRXFIFOEmpty)
                  00007e2c    0000001c     mpu_port.o (.text.DL_I2C_isControllerTXFIFOFull)
                  00007e48    0000001c     driverlib.a : dl_sysctl_mspm0g1x0x_g3x0x.o (.text.DL_SYSCTL_configFCC)
                  00007e64    0000001c     ti_msp_dl_config.o (.text.DL_SYSCTL_setFCCPeriods)
                  00007e80    0000001c     ti_msp_dl_config.o (.text.DL_SYSCTL_setSYSOSCFreq)
                  00007e9c    0000001c     ti_msp_dl_config.o (.text.DL_SYSCTL_setULPCLKDivider)
                  00007eb8    0000001c     ti_msp_dl_config.o (.text.DL_Timer_enableInterrupt)
                  00007ed4    0000001c     driverlib.a : dl_timer.o (.text.DL_Timer_setCaptCompUpdateMethod)
                  00007ef0    0000001c                 : dl_timer.o (.text.DL_Timer_setClockConfig)
                  00007f0c    0000001c     ti_msp_dl_config.o (.text.DL_UART_enableInterrupt)
                  00007f28    0000001c     uart.o (.text.UART_send_char)
                  00007f44    0000001c     delay.o (.text.delay_ms)
                  00007f60    0000001c     inv_mpu_dmp_motion_driver.o (.text.dmp_load_motion_driver_firmware)
                  00007f7c    0000001c     libc.a : memory.c.obj (.text.free_list_remove)
                  00007f98    00000018     ti_msp_dl_config.o (.text.DL_GPIO_enableOutput)
                  00007fb0    00000018     ti_msp_dl_config.o (.text.DL_GPIO_enablePower)
                  00007fc8    00000018     ti_msp_dl_config.o (.text.DL_GPIO_initDigitalOutput)
                  00007fe0    00000018     ti_msp_dl_config.o (.text.DL_GPIO_initPeripheralAnalogFunction)
                  00007ff8    00000018     ti_msp_dl_config.o (.text.DL_GPIO_reset)
                  00008010    00000018     motor.o (.text.DL_GPIO_setPins)
                  00008028    00000018     ti_msp_dl_config.o (.text.DL_GPIO_setUpperPinsPolarity)
                  00008040    00000018     ti_msp_dl_config.o (.text.DL_I2C_enableAnalogGlitchFilter)
                  00008058    00000018     ti_msp_dl_config.o (.text.DL_I2C_enableController)
                  00008070    00000018     ti_msp_dl_config.o (.text.DL_I2C_enableControllerClockStretching)
                  00008088    00000018     ti_msp_dl_config.o (.text.DL_I2C_enablePower)
                  000080a0    00000018     ti_msp_dl_config.o (.text.DL_I2C_reset)
                  000080b8    00000018     ti_msp_dl_config.o (.text.DL_I2C_setTimerPeriod)
                  000080d0    00000018     ti_msp_dl_config.o (.text.DL_SYSCTL_setBORThreshold)
                  000080e8    00000018     ti_msp_dl_config.o (.text.DL_Timer_enablePower)
                  00008100    00000018     ti_msp_dl_config.o (.text.DL_Timer_reset)
                  00008118    00000018     driverlib.a : dl_timer.o (.text.DL_Timer_setCaptureCompareOutCtl)
                  00008130    00000018     main.o (.text.DL_Timer_startCounter)
                  00008148    00000018     motor.o (.text.DL_Timer_startCounter)
                  00008160    00000018     ti_msp_dl_config.o (.text.DL_UART_enablePower)
                  00008178    00000018     ti_msp_dl_config.o (.text.DL_UART_reset)
                  00008190    00000018     libc.a : sprintf.c.obj (.text._outs)
                  000081a8    00000016     huidu.o (.text.DL_GPIO_readPins)
                  000081be    00000016     mpu_port.o (.text.DL_I2C_transmitControllerData)
                  000081d4    00000016     ti_msp_dl_config.o (.text.DL_UART_enable)
                  000081ea    00000014     motor.o (.text.DL_GPIO_clearPins)
                  000081fe    00000014     ti_msp_dl_config.o (.text.DL_GPIO_clearPins)
                  00008212    00000002     --HOLE-- [fill = 0]
                  00008214    00000014     mpu_port.o (.text.DL_I2C_getControllerStatus)
                  00008228    00000014     oled.o (.text.DL_I2C_getControllerStatus)
                  0000823c    00000014     mpu_port.o (.text.DL_I2C_receiveControllerData)
                  00008250    00000014     oled.o (.text.DL_I2C_resetControllerTransfer)
                  00008264    00000014     ti_msp_dl_config.o (.text.DL_I2C_resetControllerTransfer)
                  00008278    00000014     ti_msp_dl_config.o (.text.DL_SYSCTL_disableSYSPLL)
                  0000828c    00000014     ti_msp_dl_config.o (.text.DL_SYSCTL_enableSYSPLL)
                  000082a0    00000014     ti_msp_dl_config.o (.text.DL_Timer_enableClock)
                  000082b4    00000014     ti_msp_dl_config.o (.text.DL_Timer_setCCPDirection)
                  000082c8    00000014     libclang_rt.builtins.a : aeabi_uldivmod.S.obj (.text.__aeabi_uldivmod)
                  000082dc    00000014     libc.a : _printfi.c.obj (.text.strchr)
                  000082f0    00000012     key.o (.text.DL_GPIO_getPendingInterrupt)
                  00008302    00000012     motor.o (.text.DL_Timer_getPendingInterrupt)
                  00008314    00000012     driverlib.a : dl_uart.o (.text.DL_UART_setClockConfig)
                  00008326    00000012     libc.a : memcpy16.S.obj (.text:TI_memcpy_small)
                  00008338    00000012            : copy_decompress_none.c.obj (.text:decompress:none)
                  0000834a    00000002     --HOLE-- [fill = 0]
                  0000834c    00000010     ti_msp_dl_config.o (.text.DL_SYSCTL_disableHFXT)
                  0000835c    00000010     ti_msp_dl_config.o (.text.DL_SYSCTL_isFCCDone)
                  0000836c    00000010     ti_msp_dl_config.o (.text.DL_SYSCTL_startFCC)
                  0000837c    00000010     driverlib.a : dl_timer.o (.text.DL_Timer_setCaptureCompareValue)
                  0000838c    00000010     ti_msp_dl_config.o (.text.SYSCFG_DL_SYSTICK_init)
                  0000839c    00000010     main.o (.text.SysTick_Handler)
                  000083ac    00000010     libc.a : wcslen.c.obj (.text.wcslen)
                  000083bc    00000010            : copy_zero_init.c.obj (.text:decompress:ZI)
                  000083cc    0000000e            : memory.c.obj (.text.OUTLINED_FUNCTION_0)
                  000083da    00000002     --HOLE-- [fill = 0]
                  000083dc    0000000e     libclang_rt.builtins.a : aeabi_memset.S.obj (.text.__aeabi_memset)
                  000083ea    0000000e     libsysbm.a : hostrename.c.obj (.text.strcpy)
                  000083f8    0000000e     libc.a : _printfi.c.obj (.text.strlen)
                  00008406    0000000e     libsysbm.a : hostrename.c.obj (.text.strlen)
                  00008414    0000000e     libc.a : memset16.S.obj (.text:TI_memset_small)
                  00008422    00000002     --HOLE-- [fill = 0]
                  00008424    0000000c     ti_msp_dl_config.o (.text.DL_SYSCTL_getClockStatus)
                  00008430    0000000c     ti_msp_dl_config.o (.text.DL_SYSCTL_readFCC)
                  0000843c    0000000c     libclang_rt.builtins.a : aeabi_memset.S.obj (.text.__aeabi_memclr)
                  00008448    0000000c     pid.o (.text.line_pid_get_error)
                  00008454    0000000c     pid.o (.text.line_pid_get_state)
                  00008460    0000000c     libc.a : memory.c.obj (.text.malloc)
                  0000846c    0000000a     driverlib.a : dl_common.o (.text.DL_Common_delayCycles)
                  00008476    0000000a     libc.a : _printfi.c.obj (.text.OUTLINED_FUNCTION_0)
                  00008480    00000010     libclang_rt.builtins.a : adddf3.S.obj (.tramp.__aeabi_dsub.1)
                  00008490    0000000a     libc.a : e_asin.c.obj (.text.OUTLINED_FUNCTION_0)
                  0000849a    00000002     --HOLE-- [fill = 0]
                  0000849c    00000010     libclang_rt.builtins.a : muldf3.S.obj (.tramp.__aeabi_dmul.1)
                  000084ac    0000000a     libc.a : s_atan.c.obj (.text.OUTLINED_FUNCTION_0)
                  000084b6    0000000a            : _printfi.c.obj (.text.OUTLINED_FUNCTION_1)
                  000084c0    0000000a            : e_asin.c.obj (.text.OUTLINED_FUNCTION_1)
                  000084ca    0000000a            : e_asin.c.obj (.text.OUTLINED_FUNCTION_3)
                  000084d4    00000010     libclang_rt.builtins.a : divdf3.S.obj (.tramp.__aeabi_ddiv.1)
                  000084e4    0000000a     libc.a : sprintf.c.obj (.text._outc)
                  000084ee    00000008            : s_atan.c.obj (.text.OUTLINED_FUNCTION_2)
                  000084f6    00000002     --HOLE-- [fill = 0]
                  000084f8    00000008            : aeabi_portable.c.obj (.text.__aeabi_errno_addr)
                  00008500    00000008     libclang_rt.builtins.a : aeabi_memcpy.S.obj (.text.__aeabi_memcpy)
                  00008508    00000008     libc.a : printf.c.obj (.text._outc)
                  00008510    00000008            : printf.c.obj (.text._outs)
                  00008518    00000008            : fseek.c.obj (.text.fseek)
                  00008520    00000008     libsysbm.a : remove.c.obj (.text.remove)
                  00008528    00000006     libc.a : s_atan.c.obj (.text.OUTLINED_FUNCTION_1)
                  0000852e    00000002     --HOLE-- [fill = 0]
                  00008530    00000010     libclang_rt.builtins.a : adddf3.S.obj (.tramp.__aeabi_dadd.1)
                  00008540    00000006     libc.a : e_asin.c.obj (.text.OUTLINED_FUNCTION_2)
                  00008546    00000006            : exit.c.obj (.text:abort)
                  0000854c    00000004            : e_asin.c.obj (.text.OUTLINED_FUNCTION_4)
                  00008550    00000004     startup_mspm0g350x_ticlang.o (.text.Reset_Handler)
                  00008554    00000010     libc.a : boot_cortex_m.c.obj (.tramp._c_int00_noargs.1)
                  00008564    00000004            : pre_init.c.obj (.text._system_pre_init)
                  00008568    00000008     --HOLE-- [fill = 0]

.cinit     0    0000ac80    000000a8     
                  0000ac80    00000084     (.cinit..data.load) [load image, compression = lzss]
                  0000ad04    0000000c     (__TI_handler_table)
                  0000ad10    00000008     (.cinit..bss.load) [load image, compression = zero_init]
                  0000ad18    00000010     (__TI_cinit_table)

.rodata    0    00008570    00002710     
                  00008570    00000d5c     oled.o (.rodata.asc2_2412)
                  000092cc    00000bf6     inv_mpu_dmp_motion_driver.o (.rodata.dmp_memory)
                  00009ec2    000005f0     oled.o (.rodata.asc2_1608)
                  0000a4b2    00000474     oled.o (.rodata.asc2_1206)
                  0000a926    0000000a     ti_msp_dl_config.o (.rodata.gDEBUGConfig)
                  0000a930    00000101     libc.a : aeabi_ctype.S.obj (.rodata:__aeabi_ctype_table_)
                  0000aa31    0000004d     inv_mpu.o (.rodata.str1.12529722238060830964.1)
                  0000aa7e    00000045     main.o (.rodata.str1.8154729771448623357.1)
                  0000aac3    00000003     ti_msp_dl_config.o (.rodata.gMOTOR_PIDClockConfig)
                  0000aac6    00000002     ti_msp_dl_config.o (.rodata.gDEBUGClockConfig)
                  0000aac8    00000040     libc.a : s_atan.c.obj (.rodata.cst32)
                  0000ab08    00000028     ti_msp_dl_config.o (.rodata.gSYSPLLConfig)
                  0000ab30    00000028     inv_mpu.o (.rodata.test)
                  0000ab58    00000026     inv_mpu.o (.rodata.str1.6385159555456066691.1)
                  0000ab7e    00000002     ti_msp_dl_config.o (.rodata.gMPU6050ClockConfig)
                  0000ab80    00000020     pid.o (.rodata.line_sensor_weight)
                  0000aba0    00000020     main.o (.rodata.str1.15159059442110792349.1)
                  0000abc0    0000001e     inv_mpu.o (.rodata.str1.1389070378196157055.1)
                  0000abde    0000001b     inv_mpu.o (.rodata.reg)
                  0000abf9    00000003     ti_msp_dl_config.o (.rodata.gPWMABClockConfig)
                  0000abfc    00000014     ti_msp_dl_config.o (.rodata.gMOTOR_PIDTimerConfig)
                  0000ac10    00000011     libc.a : _printfi.c.obj (.rodata.str1.10348868589481759720.1)
                  0000ac21    00000011            : _printfi.c.obj (.rodata.str1.15363888844622738466.1)
                  0000ac32    0000000e     main.o (.rodata.str1.17100691992556644108.1)
                  0000ac40    0000000e     main.o (.rodata.str1.18227636981041470289.1)
                  0000ac4e    0000000e     main.o (.rodata.str1.2846389346932560359.1)
                  0000ac5c    0000000c     inv_mpu.o (.rodata.hw)
                  0000ac68    00000008     ti_msp_dl_config.o (.rodata.gPWMABConfig)
                  0000ac70    00000008     ti_msp_dl_config.o (.rodata.gSERVOConfig)
                  0000ac78    00000003     ti_msp_dl_config.o (.rodata.gSERVOClockConfig)
                  0000ac7b    00000002     ti_msp_dl_config.o (.rodata.gOLEDClockConfig)
                  0000ac7d    00000003     --HOLE-- [fill = 0]

.init_array 
*          0    00000000    00000000     UNINITIALIZED

.binit     0    00000000    00000000     

.sysmem    0    20200000    00000800     UNINITIALIZED
                  20200000    00000010     libc.a : memory.c.obj (.sysmem)
                  20200010    000007f0     --HOLE--

.bss       0    20200800    000007a8     UNINITIALIZED
                  20200800    00000480     (.common:OLED_GRAM)
                  20200c80    00000120     libsysbm.a : trgmsg.c.obj (.bss:_CIOBUF_)
                  20200da0    000000bc     (.common:gMOTOR_PIDBackup)
                  20200e5c    000000a0     libc.a : defs.c.obj (.bss.__TI_tmpnams)
                  20200efc    000000a0     (.common:gSERVOBackup)
                  20200f9c    00000008     libsysbm.a : hostopen.c.obj (.bss.parmbuf)
                  20200fa4    00000004     libc.a : memory.c.obj (.bss.sys_free)

.data      0    20200fa8    000002a9     UNINITIALIZED
                  20200fa8    000000f0     libc.a : defs.c.obj (.data._ftable)
                  20201098    00000078     libsysbm.a : host_device.c.obj (.data._device)
                  20201110    00000050                : host_device.c.obj (.data._stream)
                  20201160    0000002c     inv_mpu.o (.data.st)
                  2020118c    00000014     motor.o (.data.speed_count_1)
                  202011a0    00000014     motor.o (.data.speed_count_2)
                  202011b4    00000010     inv_mpu_dmp_motion_driver.o (.data.dmp)
                  202011c4    00000009     mpu_port.o (.data.gyro_orientation)
                  202011cd    00000001     oled.o (.data.g_oledI2cFault)
                  202011ce    00000002     pid.o (.data.line_lost_count)
                  202011d0    00000008     libc.a : exit.c.obj (.data..L_MergedGlobals)
                  202011d8    00000008     huidu.o (.data.huidu_value)
                  202011e0    00000004     motor.o (.data.PWM_1_duty)
                  202011e4    00000004     motor.o (.data.PWM_2_duty)
                  202011e8    00000004     libc.a : defs.c.obj (.data.__TI_ft_end)
                  202011ec    00000004            : aeabi_portable.c.obj (.data.__aeabi_errno)
                  202011f0    00000004            : _lock.c.obj (.data._lock)
                  202011f4    00000004            : _lock.c.obj (.data._unlock)
                  202011f8    00000004     key.o (.data.counter_1_A)
                  202011fc    00000004     key.o (.data.counter_2_A)
                  20201200    00000004     motor.o (.data.current_error_1)
                  20201204    00000004     motor.o (.data.current_error_2)
                  20201208    00000004     oled.o (.data.g_oledI2cLastStatus)
                  2020120c    00000004     motor.o (.data.ki)
                  20201210    00000004     motor.o (.data.kp)
                  20201214    00000004     motor.o (.data.last_error_1)
                  20201218    00000004     motor.o (.data.last_error_2)
                  2020121c    00000004     pid.o (.data.line_current_error)
                  20201220    00000004     pid.o (.data.line_error_sum)
                  20201224    00000004     pid.o (.data.line_last_error)
                  20201228    00000004     pid.o (.data.line_last_valid_error)
                  2020122c    00000004     motor.o (.data.speed_1)
                  20201230    00000004     motor.o (.data.speed_2)
                  20201234    00000004     motor.o (.data.speed_count_sum_1)
                  20201238    00000004     motor.o (.data.speed_count_sum_2)
                  2020123c    00000004     mpu_port.o (.data.sys_tick_ms)
                  20201240    00000004     motor.o (.data.target_speed_1)
                  20201244    00000004     motor.o (.data.target_speed_2)
                  20201248    00000001     oled.o (.data.g_oledI2cFaultReason)
                  20201249    00000001     oled.o (.data.g_oledI2cLastData)
                  2020124a    00000001     oled.o (.data.g_oledI2cLastMode)
                  2020124b    00000001     pid.o (.data.line_finish_count)
                  2020124c    00000001     pid.o (.data.line_pid_initialized)
                  2020124d    00000001     pid.o (.data.line_state)
                  2020124e    00000001     motor.o (.data.speed_count_index_1)
                  2020124f    00000001     motor.o (.data.speed_count_index_2)
                  20201250    00000001     libc.a : memory.c.obj (.data.memory_is_initialized)

.stack     0    20207e00    00000200     UNINITIALIZED
                  20207e00    00000004     libc.a : boot_cortex_m.c.obj (.stack)
                  20207e04    000001fc     --HOLE--

__llvm_prf_cnts 
*          0    20200000    00000000     UNINITIALIZED

__llvm_prf_bits 
*          0    20200000    00000000     UNINITIALIZED

MODULE SUMMARY

       Module                         code    ro data   rw data
       ------                         ----    -------   -------
    .\
       ti_msp_dl_config.o             3346    101       348    
       main.o                         568     143       0      
       startup_mspm0g350x_ticlang.o   8       192       0      
    +--+------------------------------+-------+---------+---------+
       Total:                         3922    436       348    
                                                               
    .\user_driver\
       oled.o                         1832    6080      1160   
       motor.o                        1486    0         98     
       pid.o                          1158    32        21     
       huidu.o                        254     0         8      
       key.o                          86      0         8      
       uart.o                         70      0         0      
       delay.o                        28      0         0      
    +--+------------------------------+-------+---------+---------+
       Total:                         4914    6112      1295   
                                                               
    .\user_driver\mpu6050\
       inv_mpu_dmp_motion_driver.o    3070    3062      16     
       inv_mpu.o                      4704    224       44     
       mpu_port.o                     1830    0         13     
    +--+------------------------------+-------+---------+---------+
       Total:                         9604    3286      73     
                                                               
    G:/electronic/ti/ccs2050/mspm0_sdk_2_11_00_07/source/ti/driverlib/lib/ticlang/m0p/mspm0g1x0x_g3x0x/driverlib.a
       dl_timer.o                     608     0         0      
       dl_sysctl_mspm0g1x0x_g3x0x.o   416     0         0      
       dl_uart.o                      138     0         0      
       dl_i2c.o                       132     0         0      
       dl_common.o                    10      0         0      
    +--+------------------------------+-------+---------+---------+
       Total:                         1304    0         0      
                                                               
    G:\electronic\ti\ccs2050\ccs\tools\compiler\ti-cgt-armllvm_4.0.4.LTS\lib\armv6m-ti-none-eabi/c/libc.a
       _printfi.c.obj                 4510    34        0      
       e_asin.c.obj                   908     0         0      
       s_atan.c.obj                   784     64        0      
       memory.c.obj                   702     0         5      
       defs.c.obj                     0       0         404    
       e_atan2.c.obj                  392     0         0      
       e_sqrt.c.obj                   368     0         0      
       aeabi_ctype.S.obj              0       257       0      
       fputs.c.obj                    248     0         0      
       setvbuf.c.obj                  224     0         0      
       s_scalbn.c.obj                 216     0         0      
       getdevice.c.obj                160     0         0      
       fputc.c.obj                    156     0         0      
       strcmp-armv6m.S.obj            136     0         0      
       copy_decompress_lzss.c.obj     124     0         0      
       fclose.c.obj                   124     0         0      
       fseek.c.obj                    116     0         0      
       printf.c.obj                   108     0         0      
       _io_perm.c.obj                 100     0         0      
       s_frexp.c.obj                  92      0         0      
       sprintf.c.obj                  90      0         0      
       _ltoa.c.obj                    88      0         0      
       fflush.c.obj                   82      0         0      
       exit.c.obj                     58      0         8      
       atoi.c.obj                     64      0         0      
       autoinit.c.obj                 60      0         0      
       boot_cortex_m.c.obj            56      0         0      
       fopen.c.obj                    52      0         0      
       memccpy.c.obj                  34      0         0      
       memcmp.c.obj                   32      0         0      
       copy_decompress_none.c.obj     18      0         0      
       memcpy16.S.obj                 18      0         0      
       copy_zero_init.c.obj           16      0         0      
       wcslen.c.obj                   16      0         0      
       memset16.S.obj                 14      0         0      
       aeabi_portable.c.obj           8       0         4      
       _lock.c.obj                    2       0         8      
       pre_init.c.obj                 4       0         0      
    +--+------------------------------+-------+---------+---------+
       Total:                         10180   355       429    
                                                               
    G:\electronic\ti\ccs2050\ccs\tools\compiler\ti-cgt-armllvm_4.0.4.LTS\lib\armv6m-ti-none-eabi/c/libsysbm.a
       trgmsg.c.obj                   104     0         288    
       host_device.c.obj              0       0         200    
       hostrename.c.obj               136     0         0      
       hostlseek.c.obj                108     0         0      
       hostopen.c.obj                 96      0         8      
       hostread.c.obj                 88      0         0      
       hostwrite.c.obj                88      0         0      
       close.c.obj                    80      0         0      
       hostclose.c.obj                72      0         0      
       hostunlink.c.obj               72      0         0      
       unlink.c.obj                   44      0         0      
       lseek.c.obj                    40      0         0      
       write.c.obj                    40      0         0      
       remove.c.obj                   8       0         0      
       hostexit.c.obj                 4       0         0      
    +--+------------------------------+-------+---------+---------+
       Total:                         980     0         496    
                                                               
    G:\electronic\ti\ccs2050\ccs\tools\compiler\ti-cgt-armllvm_4.0.4.LTS\lib\armv6m-ti-none-eabi/libclang_rt.builtins.a
       adddf3.S.obj                   434     0         0      
       divdf3.S.obj                   284     0         0      
       muldf3.S.obj                   244     0         0      
       comparedf2.c.obj               220     0         0      
       addsf3.S.obj                   216     0         0      
       udivmoddi4.S.obj               162     0         0      
       mulsf3.S.obj                   140     0         0      
       divsf3.S.obj                   130     0         0      
       comparesf2.S.obj               118     0         0      
       truncdfsf2.S.obj               116     0         0      
       aeabi_dcmp.S.obj               98      0         0      
       aeabi_fcmp.S.obj               98      0         0      
       aeabi_idivmod.S.obj            86      0         0      
       fixdfsi.S.obj                  74      0         0      
       aeabi_uidivmod.S.obj           64      0         0      
       extendsfdf2.S.obj              64      0         0      
       floatsisf.S.obj                60      0         0      
       muldsi3.S.obj                  58      0         0      
       fixsfsi.S.obj                  56      0         0      
       fixunssfsi.S.obj               50      0         0      
       floatsidf.S.obj                44      0         0      
       floatunsisf.S.obj              40      0         0      
       floatunsidf.S.obj              36      0         0      
       muldi3.S.obj                   36      0         0      
       ashldi3.S.obj                  30      0         0      
       aeabi_memset.S.obj             26      0         0      
       aeabi_uldivmod.S.obj           20      0         0      
       aeabi_memcpy.S.obj             8       0         0      
       aeabi_div0.c.obj               4       0         0      
    +--+------------------------------+-------+---------+---------+
       Total:                         3016    0         0      
                                                               
       Heap:                          0       0         2048   
       Stack:                         0       0         512    
       Linker Generated:              0       168       0      
    +--+------------------------------+-------+---------+---------+
       Grand Total:                   33920   10357     5201   


LINKER GENERATED COPY TABLES

__TI_cinit_table @ 0000ad18 records: 2, size/record: 8, table size: 16
	.data: load addr=0000ac80, load size=00000084 bytes, run addr=20200fa8, run size=000002a9 bytes, compression=lzss
	.bss: load addr=0000ad10, load size=00000008 bytes, run addr=20200800, run size=000007a8 bytes, compression=zero_init


LINKER GENERATED HANDLER TABLE

__TI_handler_table @ 0000ad04 records: 3, size/record: 4, table size: 12
	index: 0, handler: __TI_decompress_lzss
	index: 1, handler: __TI_decompress_none
	index: 2, handler: __TI_zero_init


FAR CALL TRAMPOLINES

callee name               trampoline name
   callee addr  tramp addr   call addr  call info
--------------  -----------  ---------  ----------------
__aeabi_dsub              $Tramp$TT$L$PI$$__aeabi_dsub
   000028f1     00008480     0000847e   libc.a : _printfi.c.obj (.text.OUTLINED_FUNCTION_0)
__aeabi_dmul              $Tramp$TT$L$PI$$__aeabi_dmul
   000046e5     0000849c     00008498   libc.a : e_asin.c.obj (.text.OUTLINED_FUNCTION_0)
                             000084b4          : s_atan.c.obj (.text.OUTLINED_FUNCTION_0)
                             000084c8          : e_asin.c.obj (.text.OUTLINED_FUNCTION_1)
                             000084f4          : s_atan.c.obj (.text.OUTLINED_FUNCTION_2)
                             00008544          : e_asin.c.obj (.text.OUTLINED_FUNCTION_2)
__aeabi_ddiv              $Tramp$TT$L$PI$$__aeabi_ddiv
   00003b25     000084d4     000084d2   libc.a : e_asin.c.obj (.text.OUTLINED_FUNCTION_3)
__aeabi_dadd              $Tramp$TT$L$PI$$__aeabi_dadd
   000028fb     00008530     0000852c   libc.a : s_atan.c.obj (.text.OUTLINED_FUNCTION_1)
                             0000854e          : e_asin.c.obj (.text.OUTLINED_FUNCTION_4)
_c_int00_noargs           $Tramp$TT$L$PI$$_c_int00_noargs
   00007bdd     00008554     00008550   startup_mspm0g350x_ticlang.o (.text.Reset_Handler)

[5 trampolines]
[10 trampoline calls]


GLOBAL SYMBOLS: SORTED ALPHABETICALLY BY Name 

address   name                                 
-------   ----                                 
00005a5d  ADC0_IRQHandler                      
00005a5d  ADC1_IRQHandler                      
00005a5d  AES_IRQHandler                       
00005e4c  C$$EXIT                              
0000776d  C$$IO$$                              
00005a5d  CANFD0_IRQHandler                    
00005a5d  DAC0_IRQHandler                      
00002755  DC_MOTOR_PID                         
0000846d  DL_Common_delayCycles                
00006805  DL_I2C_fillControllerTXFIFO          
00007c2b  DL_I2C_setClockConfig                
00007e49  DL_SYSCTL_configFCC                  
0000498d  DL_SYSCTL_configSYSPLL               
000063cd  DL_SYSCTL_setHFCLKSourceHFXTParams   
0000715d  DL_SYSCTL_switchMCLKfromSYSOSCtoHSCLK
00003e41  DL_Timer_initFourCCPWMMode           
00004045  DL_Timer_initTimerMode               
00007ed5  DL_Timer_setCaptCompUpdateMethod     
00008119  DL_Timer_setCaptureCompareOutCtl     
0000837d  DL_Timer_setCaptureCompareValue      
00007ef1  DL_Timer_setClockConfig              
00006ed5  DL_UART_init                         
00008315  DL_UART_setClockConfig               
000078a9  DL_UART_transmitDataBlocking         
00005a5d  DMA_IRQHandler                       
000052a5  DMP_Init                             
00001e09  DMP_Read_Data                        
00005a5d  Default_Handler                      
00005a5d  GROUP0_IRQHandler                    
000071a1  GROUP1_IRQHandler                    
00006f1d  HOSTclose                            
00005e4d  HOSTexit                             
00005f39  HOSTlseek                            
00006625  HOSTopen                             
0000691d  HOSTread                             
00005fa5  HOSTrename                           
00006f65  HOSTunlink                           
00006975  HOSTwrite                            
00005a5d  HardFault_Handler                    
00005a5d  I2C0_IRQHandler                      
00005a5d  I2C1_IRQHandler                      
00002a85  MPU_Read_Len                         
000037e5  MPU_Write_Len                        
00005a5d  NMI_Handler                          
00006685  OLED_Clear                           
00006431  OLED_ClearPoint                      
00007671  OLED_ColorTurn                       
00006fad  OLED_DisplayTurn                     
00006ff5  OLED_DrawPoint                       
20200800  OLED_GRAM                            
00004141  OLED_Init                            
00005bf1  OLED_Refresh                         
00003085  OLED_ShowChar                        
00005659  OLED_ShowString                      
00004239  OLED_WR_Byte                         
202011e0  PWM_1_duty                           
202011e4  PWM_2_duty                           
00005a5d  PendSV_Handler                       
00005a5d  RTC_IRQHandler                       
00008551  Reset_Handler                        
00005a5d  SPI0_IRQHandler                      
00005a5d  SPI1_IRQHandler                      
00005a5d  SVC_Handler                          
0000703d  SYSCFG_DL_DEBUG_init                 
00001bfd  SYSCFG_DL_GPIO_init                  
000076a5  SYSCFG_DL_MOTOR_PID_init             
000066e5  SYSCFG_DL_MPU6050_init               
00006745  SYSCFG_DL_OLED_init                  
000058b9  SYSCFG_DL_PWMAB_init                 
0000607d  SYSCFG_DL_SERVO_init                 
00004515  SYSCFG_DL_SYSCTL_SYSPLL_init         
00005d65  SYSCFG_DL_SYSCTL_init                
0000838d  SYSCFG_DL_SYSTICK_init               
000071e5  SYSCFG_DL_init                       
00005345  SYSCFG_DL_initPower                  
0000839d  SysTick_Handler                      
00007429  TIMA0_IRQHandler                     
00005a5d  TIMA1_IRQHandler                     
00005a5d  TIMG0_IRQHandler                     
00005a5d  TIMG12_IRQHandler                    
00005a5d  TIMG6_IRQHandler                     
00005a5d  TIMG7_IRQHandler                     
00005a5d  TIMG8_IRQHandler                     
00008327  TI_memcpy_small                      
00008415  TI_memset_small                      
00005a5d  UART0_IRQHandler                     
00005a5d  UART1_IRQHandler                     
00005a5d  UART2_IRQHandler                     
00005a5d  UART3_IRQHandler                     
00007f29  UART_send_char                       
00007a49  UART_send_string                     
20200c80  _CIOBUF_                             
20200c80  __CIOBUF_                            
20208000  __STACK_END                          
00000200  __STACK_SIZE                         
00000800  __SYSMEM_SIZE                        
00000000  __TI_ATRegion0_region_sz             
00000000  __TI_ATRegion0_src_addr              
00000000  __TI_ATRegion0_trg_addr              
00000000  __TI_ATRegion1_region_sz             
00000000  __TI_ATRegion1_src_addr              
00000000  __TI_ATRegion1_trg_addr              
00000000  __TI_ATRegion2_region_sz             
00000000  __TI_ATRegion2_src_addr              
00000000  __TI_ATRegion2_trg_addr              
0000ad18  __TI_CINIT_Base                      
0000ad28  __TI_CINIT_Limit                     
0000ad28  __TI_CINIT_Warm                      
0000ad04  __TI_Handler_Table_Base              
0000ad10  __TI_Handler_Table_Limit             
000074dd  __TI_auto_init_nobinit_nopinit       
000076d9  __TI_cleanup                         
202011d0  __TI_cleanup_ptr                     
00005c6d  __TI_closefile                       
00005ce9  __TI_decompress_lzss                 
00008339  __TI_decompress_none                 
00006ad3  __TI_doflush                         
202011d4  __TI_dtors_ptr                       
202011e8  __TI_ft_end                          
000069cd  __TI_ltoa                            
ffffffff  __TI_pprof_out_hndl                  
000000c1  __TI_printfi                         
ffffffff  __TI_prof_data_size                  
ffffffff  __TI_prof_data_start                 
0000770d  __TI_readmsg                         
00000000  __TI_static_base__                   
20200e5c  __TI_tmpnams                         
00007741  __TI_writemsg                        
00006495  __TI_wrt_ok                          
000083bd  __TI_zero_init                       
000028fb  __adddf3                             
00004b4b  __addsf3                             
0000a930  __aeabi_ctype_table_                 
0000a930  __aeabi_ctype_table_C                
00005e51  __aeabi_d2f                          
00006e89  __aeabi_d2iz                         
000028fb  __aeabi_dadd                         
0000655d  __aeabi_dcmpeq                       
00006599  __aeabi_dcmpge                       
000065ad  __aeabi_dcmpgt                       
00006585  __aeabi_dcmple                       
00006571  __aeabi_dcmplt                       
00003b25  __aeabi_ddiv                         
000046e5  __aeabi_dmul                         
000028f1  __aeabi_dsub                         
202011ec  __aeabi_errno                        
000084f9  __aeabi_errno_addr                   
000072f1  __aeabi_f2d                          
000075c9  __aeabi_f2iz                         
00007811  __aeabi_f2uiz                        
00004b4b  __aeabi_fadd                         
000065c1  __aeabi_fcmpeq                       
000065fd  __aeabi_fcmpge                       
00006611  __aeabi_fcmpgt                       
000065e9  __aeabi_fcmple                       
000065d5  __aeabi_fcmplt                       
00005b6d  __aeabi_fdiv                         
00005945  __aeabi_fmul                         
00004b41  __aeabi_fsub                         
000079f1  __aeabi_i2d                          
00007465  __aeabi_i2f                          
00006a7d  __aeabi_idiv                         
00002a83  __aeabi_idiv0                        
00006a7d  __aeabi_idivmod                      
000052a3  __aeabi_ldiv0                        
00007d81  __aeabi_llsl                         
00007c99  __aeabi_lmul                         
0000843d  __aeabi_memclr                       
0000843d  __aeabi_memclr4                      
0000843d  __aeabi_memclr8                      
00008501  __aeabi_memcpy                       
00008501  __aeabi_memcpy4                      
00008501  __aeabi_memcpy8                      
000083dd  __aeabi_memset                       
000083dd  __aeabi_memset4                      
000083dd  __aeabi_memset8                      
00007c75  __aeabi_ui2d                         
00007b3d  __aeabi_ui2f                         
000072b1  __aeabi_uidiv                        
000072b1  __aeabi_uidivmod                     
000082c9  __aeabi_uldivmod                     
00007d81  __ashldi3                            
ffffffff  __binit__                            
00006299  __cmpdf2                             
00007519  __cmpsf2                             
00003b25  __divdf3                             
00005b6d  __divsf3                             
00006299  __eqdf2                              
00007519  __eqsf2                              
000072f1  __extendsfdf2                        
00006e89  __fixdfsi                            
000075c9  __fixsfsi                            
00007811  __fixunssfsi                         
000079f1  __floatsidf                          
00007465  __floatsisf                          
00007c75  __floatunsidf                        
00007b3d  __floatunsisf                        
00005dd9  __gedf2                              
000074a1  __gesf2                              
00005dd9  __gtdf2                              
000074a1  __gtsf2                              
00006299  __ledf2                              
00007519  __lesf2                              
00006299  __ltdf2                              
00007519  __ltsf2                              
UNDEFED   __mpu_init                           
000046e5  __muldf3                             
00007c99  __muldi3                             
00007555  __muldsi3                            
00005945  __mulsf3                             
00006299  __nedf2                              
00007519  __nesf2                              
20207e00  __stack                              
20200000  __start___llvm_prf_bits              
20200000  __start___llvm_prf_cnts              
20200000  __stop___llvm_prf_bits               
20200000  __stop___llvm_prf_cnts               
000028f1  __subdf3                             
00004b41  __subsf3                             
00005e51  __truncdfsf2                         
00005201  __udivmoddi4                         
00007bdd  _c_int00_noargs                      
20201098  _device                              
20200fa8  _ftable                              
202011f0  _lock                                
000058b7  _nop                                 
20201110  _stream                              
20200000  _sys_memory                          
UNDEFED   _system_post_cinit                   
00008565  _system_pre_init                     
202011f4  _unlock                              
00008547  abort                                
00003901  aligned_alloc                        
0000a4b2  asc2_1206                            
00009ec2  asc2_1608                            
00008570  asc2_2412                            
00000a91  asin                                 
00000a91  asinl                                
00000df5  atan                                 
00002c15  atan2                                
00002c15  atan2l                               
00000df5  atanl                                
00007331  atoi                                 
ffffffff  binit                                
000031dd  calculate_speed                      
00006cb9  close                                
202011f8  counter_1_A                          
202011fc  counter_2_A                          
20201200  current_error_1                      
20201204  current_error_2                      
00007f45  delay_ms                             
00007085  dmp_enable_6x_lp_quat                
000010ed  dmp_enable_feature                   
000067a5  dmp_enable_gyro_cal                  
000070cd  dmp_enable_lp_quat                   
00007f61  dmp_load_motion_driver_firmware      
00002001  dmp_read_fifo                        
000056f1  dmp_set_fifo_rate                    
00002d9d  dmp_set_orientation                  
00007229  dmp_set_shake_reject_thresh          
00007843  dmp_set_shake_reject_time            
00007875  dmp_set_shake_reject_timeout         
00006367  dmp_set_tap_axes                     
0000726d  dmp_set_tap_count                    
00001365  dmp_set_tap_thresh                   
00007909  dmp_set_tap_time                     
00007939  dmp_set_tap_time_multi               
00007775  exit                                 
000077a9  finddevice                           
00005485  fputc                                
00004331  fputs                                
000045fd  free                                 
00006865  frexp                                
00006865  frexpl                               
00008519  fseek                                
000060e9  fseeko                               
20200da0  gMOTOR_PIDBackup                     
20200efc  gSERVOBackup                         
202011cd  g_oledI2cFault                       
20201248  g_oledI2cFaultReason                 
20201249  g_oledI2cLastData                    
2020124a  g_oledI2cLastMode                    
20201208  g_oledI2cLastStatus                  
00006155  getdevice                            
00004ff5  huidu_get_value                      
202011d8  huidu_value                          
0000ac5c  hw                                   
00000000  interruptVectors                     
00007371  inv_orientation_matrix_to_scalar     
00005821  inv_row_2_scale                      
2020120c  ki                                   
20201210  kp                                   
20201214  last_error_1                         
20201218  last_error_2                         
00004a69  ldexp                                
00004a69  ldexpl                               
00007969  limit_duty                           
00008449  line_pid_get_error                   
00008455  line_pid_get_state                   
00006d09  line_pid_init                        
00003c31  line_pid_update                      
00007b8d  lseek                                
000021f5  main                                 
00008461  malloc                               
00003901  memalign                             
00007cbd  memccpy                              
00007d21  memcmp                               
00007d41  mget_ms                              
000053e5  motor_init                           
00003f45  motor_set_direction                  
00006e3d  motor_set_duty                       
00004e81  mpu_configure_fifo                   
00005ec5  mpu_get_accel_fsr                    
000019e9  mpu_init                             
000035a1  mpu_load_firmware                    
00003a15  mpu_lp_accel_mode                    
00003d39  mpu_read_fifo_stream                 
000050a9  mpu_read_mem                         
0000159d  mpu_reset_fifo                       
000047c9  mpu_set_accel_fsr                    
000025b5  mpu_set_bypass                       
00004f3d  mpu_set_dmp_state                    
00004dbd  mpu_set_gyro_fsr                     
000055bd  mpu_set_int_latched                  
00004ced  mpu_set_lpf                          
00004429  mpu_set_sample_rate                  
00003471  mpu_set_sensors                      
00005155  mpu_write_mem                        
20200f9c  parmbuf                              
000068c1  printf                               
0000abde  reg                                  
00008521  remove                               
00004a69  scalbn                               
00004a69  scalbnl                              
000048ad  setvbuf                              
2020122c  speed_1                              
20201230  speed_2                              
00007639  sprintf                              
00002f15  sqrt                                 
00002f15  sqrtl                                
00005a61  strcmp                               
2020123c  sys_tick_ms                          
20201240  target_speed_1                       
20201244  target_speed_2                       
0000ab30  test                                 
00007a1d  unlink                               
000083ad  wcslen                               
00007bb5  write                                


GLOBAL SYMBOLS: SORTED BY Symbol Address 

address   name                                 
-------   ----                                 
00000000  __TI_ATRegion0_region_sz             
00000000  __TI_ATRegion0_src_addr              
00000000  __TI_ATRegion0_trg_addr              
00000000  __TI_ATRegion1_region_sz             
00000000  __TI_ATRegion1_src_addr              
00000000  __TI_ATRegion1_trg_addr              
00000000  __TI_ATRegion2_region_sz             
00000000  __TI_ATRegion2_src_addr              
00000000  __TI_ATRegion2_trg_addr              
00000000  __TI_static_base__                   
00000000  interruptVectors                     
000000c1  __TI_printfi                         
00000200  __STACK_SIZE                         
00000800  __SYSMEM_SIZE                        
00000a91  asin                                 
00000a91  asinl                                
00000df5  atan                                 
00000df5  atanl                                
000010ed  dmp_enable_feature                   
00001365  dmp_set_tap_thresh                   
0000159d  mpu_reset_fifo                       
000019e9  mpu_init                             
00001bfd  SYSCFG_DL_GPIO_init                  
00001e09  DMP_Read_Data                        
00002001  dmp_read_fifo                        
000021f5  main                                 
000025b5  mpu_set_bypass                       
00002755  DC_MOTOR_PID                         
000028f1  __aeabi_dsub                         
000028f1  __subdf3                             
000028fb  __adddf3                             
000028fb  __aeabi_dadd                         
00002a83  __aeabi_idiv0                        
00002a85  MPU_Read_Len                         
00002c15  atan2                                
00002c15  atan2l                               
00002d9d  dmp_set_orientation                  
00002f15  sqrt                                 
00002f15  sqrtl                                
00003085  OLED_ShowChar                        
000031dd  calculate_speed                      
00003471  mpu_set_sensors                      
000035a1  mpu_load_firmware                    
000037e5  MPU_Write_Len                        
00003901  aligned_alloc                        
00003901  memalign                             
00003a15  mpu_lp_accel_mode                    
00003b25  __aeabi_ddiv                         
00003b25  __divdf3                             
00003c31  line_pid_update                      
00003d39  mpu_read_fifo_stream                 
00003e41  DL_Timer_initFourCCPWMMode           
00003f45  motor_set_direction                  
00004045  DL_Timer_initTimerMode               
00004141  OLED_Init                            
00004239  OLED_WR_Byte                         
00004331  fputs                                
00004429  mpu_set_sample_rate                  
00004515  SYSCFG_DL_SYSCTL_SYSPLL_init         
000045fd  free                                 
000046e5  __aeabi_dmul                         
000046e5  __muldf3                             
000047c9  mpu_set_accel_fsr                    
000048ad  setvbuf                              
0000498d  DL_SYSCTL_configSYSPLL               
00004a69  ldexp                                
00004a69  ldexpl                               
00004a69  scalbn                               
00004a69  scalbnl                              
00004b41  __aeabi_fsub                         
00004b41  __subsf3                             
00004b4b  __addsf3                             
00004b4b  __aeabi_fadd                         
00004ced  mpu_set_lpf                          
00004dbd  mpu_set_gyro_fsr                     
00004e81  mpu_configure_fifo                   
00004f3d  mpu_set_dmp_state                    
00004ff5  huidu_get_value                      
000050a9  mpu_read_mem                         
00005155  mpu_write_mem                        
00005201  __udivmoddi4                         
000052a3  __aeabi_ldiv0                        
000052a5  DMP_Init                             
00005345  SYSCFG_DL_initPower                  
000053e5  motor_init                           
00005485  fputc                                
000055bd  mpu_set_int_latched                  
00005659  OLED_ShowString                      
000056f1  dmp_set_fifo_rate                    
00005821  inv_row_2_scale                      
000058b7  _nop                                 
000058b9  SYSCFG_DL_PWMAB_init                 
00005945  __aeabi_fmul                         
00005945  __mulsf3                             
00005a5d  ADC0_IRQHandler                      
00005a5d  ADC1_IRQHandler                      
00005a5d  AES_IRQHandler                       
00005a5d  CANFD0_IRQHandler                    
00005a5d  DAC0_IRQHandler                      
00005a5d  DMA_IRQHandler                       
00005a5d  Default_Handler                      
00005a5d  GROUP0_IRQHandler                    
00005a5d  HardFault_Handler                    
00005a5d  I2C0_IRQHandler                      
00005a5d  I2C1_IRQHandler                      
00005a5d  NMI_Handler                          
00005a5d  PendSV_Handler                       
00005a5d  RTC_IRQHandler                       
00005a5d  SPI0_IRQHandler                      
00005a5d  SPI1_IRQHandler                      
00005a5d  SVC_Handler                          
00005a5d  TIMA1_IRQHandler                     
00005a5d  TIMG0_IRQHandler                     
00005a5d  TIMG12_IRQHandler                    
00005a5d  TIMG6_IRQHandler                     
00005a5d  TIMG7_IRQHandler                     
00005a5d  TIMG8_IRQHandler                     
00005a5d  UART0_IRQHandler                     
00005a5d  UART1_IRQHandler                     
00005a5d  UART2_IRQHandler                     
00005a5d  UART3_IRQHandler                     
00005a61  strcmp                               
00005b6d  __aeabi_fdiv                         
00005b6d  __divsf3                             
00005bf1  OLED_Refresh                         
00005c6d  __TI_closefile                       
00005ce9  __TI_decompress_lzss                 
00005d65  SYSCFG_DL_SYSCTL_init                
00005dd9  __gedf2                              
00005dd9  __gtdf2                              
00005e4c  C$$EXIT                              
00005e4d  HOSTexit                             
00005e51  __aeabi_d2f                          
00005e51  __truncdfsf2                         
00005ec5  mpu_get_accel_fsr                    
00005f39  HOSTlseek                            
00005fa5  HOSTrename                           
0000607d  SYSCFG_DL_SERVO_init                 
000060e9  fseeko                               
00006155  getdevice                            
00006299  __cmpdf2                             
00006299  __eqdf2                              
00006299  __ledf2                              
00006299  __ltdf2                              
00006299  __nedf2                              
00006367  dmp_set_tap_axes                     
000063cd  DL_SYSCTL_setHFCLKSourceHFXTParams   
00006431  OLED_ClearPoint                      
00006495  __TI_wrt_ok                          
0000655d  __aeabi_dcmpeq                       
00006571  __aeabi_dcmplt                       
00006585  __aeabi_dcmple                       
00006599  __aeabi_dcmpge                       
000065ad  __aeabi_dcmpgt                       
000065c1  __aeabi_fcmpeq                       
000065d5  __aeabi_fcmplt                       
000065e9  __aeabi_fcmple                       
000065fd  __aeabi_fcmpge                       
00006611  __aeabi_fcmpgt                       
00006625  HOSTopen                             
00006685  OLED_Clear                           
000066e5  SYSCFG_DL_MPU6050_init               
00006745  SYSCFG_DL_OLED_init                  
000067a5  dmp_enable_gyro_cal                  
00006805  DL_I2C_fillControllerTXFIFO          
00006865  frexp                                
00006865  frexpl                               
000068c1  printf                               
0000691d  HOSTread                             
00006975  HOSTwrite                            
000069cd  __TI_ltoa                            
00006a7d  __aeabi_idiv                         
00006a7d  __aeabi_idivmod                      
00006ad3  __TI_doflush                         
00006cb9  close                                
00006d09  line_pid_init                        
00006e3d  motor_set_duty                       
00006e89  __aeabi_d2iz                         
00006e89  __fixdfsi                            
00006ed5  DL_UART_init                         
00006f1d  HOSTclose                            
00006f65  HOSTunlink                           
00006fad  OLED_DisplayTurn                     
00006ff5  OLED_DrawPoint                       
0000703d  SYSCFG_DL_DEBUG_init                 
00007085  dmp_enable_6x_lp_quat                
000070cd  dmp_enable_lp_quat                   
0000715d  DL_SYSCTL_switchMCLKfromSYSOSCtoHSCLK
000071a1  GROUP1_IRQHandler                    
000071e5  SYSCFG_DL_init                       
00007229  dmp_set_shake_reject_thresh          
0000726d  dmp_set_tap_count                    
000072b1  __aeabi_uidiv                        
000072b1  __aeabi_uidivmod                     
000072f1  __aeabi_f2d                          
000072f1  __extendsfdf2                        
00007331  atoi                                 
00007371  inv_orientation_matrix_to_scalar     
00007429  TIMA0_IRQHandler                     
00007465  __aeabi_i2f                          
00007465  __floatsisf                          
000074a1  __gesf2                              
000074a1  __gtsf2                              
000074dd  __TI_auto_init_nobinit_nopinit       
00007519  __cmpsf2                             
00007519  __eqsf2                              
00007519  __lesf2                              
00007519  __ltsf2                              
00007519  __nesf2                              
00007555  __muldsi3                            
000075c9  __aeabi_f2iz                         
000075c9  __fixsfsi                            
00007639  sprintf                              
00007671  OLED_ColorTurn                       
000076a5  SYSCFG_DL_MOTOR_PID_init             
000076d9  __TI_cleanup                         
0000770d  __TI_readmsg                         
00007741  __TI_writemsg                        
0000776d  C$$IO$$                              
00007775  exit                                 
000077a9  finddevice                           
00007811  __aeabi_f2uiz                        
00007811  __fixunssfsi                         
00007843  dmp_set_shake_reject_time            
00007875  dmp_set_shake_reject_timeout         
000078a9  DL_UART_transmitDataBlocking         
00007909  dmp_set_tap_time                     
00007939  dmp_set_tap_time_multi               
00007969  limit_duty                           
000079f1  __aeabi_i2d                          
000079f1  __floatsidf                          
00007a1d  unlink                               
00007a49  UART_send_string                     
00007b3d  __aeabi_ui2f                         
00007b3d  __floatunsisf                        
00007b8d  lseek                                
00007bb5  write                                
00007bdd  _c_int00_noargs                      
00007c2b  DL_I2C_setClockConfig                
00007c75  __aeabi_ui2d                         
00007c75  __floatunsidf                        
00007c99  __aeabi_lmul                         
00007c99  __muldi3                             
00007cbd  memccpy                              
00007d21  memcmp                               
00007d41  mget_ms                              
00007d81  __aeabi_llsl                         
00007d81  __ashldi3                            
00007e49  DL_SYSCTL_configFCC                  
00007ed5  DL_Timer_setCaptCompUpdateMethod     
00007ef1  DL_Timer_setClockConfig              
00007f29  UART_send_char                       
00007f45  delay_ms                             
00007f61  dmp_load_motion_driver_firmware      
00008119  DL_Timer_setCaptureCompareOutCtl     
000082c9  __aeabi_uldivmod                     
00008315  DL_UART_setClockConfig               
00008327  TI_memcpy_small                      
00008339  __TI_decompress_none                 
0000837d  DL_Timer_setCaptureCompareValue      
0000838d  SYSCFG_DL_SYSTICK_init               
0000839d  SysTick_Handler                      
000083ad  wcslen                               
000083bd  __TI_zero_init                       
000083dd  __aeabi_memset                       
000083dd  __aeabi_memset4                      
000083dd  __aeabi_memset8                      
00008415  TI_memset_small                      
0000843d  __aeabi_memclr                       
0000843d  __aeabi_memclr4                      
0000843d  __aeabi_memclr8                      
00008449  line_pid_get_error                   
00008455  line_pid_get_state                   
00008461  malloc                               
0000846d  DL_Common_delayCycles                
000084f9  __aeabi_errno_addr                   
00008501  __aeabi_memcpy                       
00008501  __aeabi_memcpy4                      
00008501  __aeabi_memcpy8                      
00008519  fseek                                
00008521  remove                               
00008547  abort                                
00008551  Reset_Handler                        
00008565  _system_pre_init                     
00008570  asc2_2412                            
00009ec2  asc2_1608                            
0000a4b2  asc2_1206                            
0000a930  __aeabi_ctype_table_                 
0000a930  __aeabi_ctype_table_C                
0000ab30  test                                 
0000abde  reg                                  
0000ac5c  hw                                   
0000ad04  __TI_Handler_Table_Base              
0000ad10  __TI_Handler_Table_Limit             
0000ad18  __TI_CINIT_Base                      
0000ad28  __TI_CINIT_Limit                     
0000ad28  __TI_CINIT_Warm                      
20200000  __start___llvm_prf_bits              
20200000  __start___llvm_prf_cnts              
20200000  __stop___llvm_prf_bits               
20200000  __stop___llvm_prf_cnts               
20200000  _sys_memory                          
20200800  OLED_GRAM                            
20200c80  _CIOBUF_                             
20200c80  __CIOBUF_                            
20200da0  gMOTOR_PIDBackup                     
20200e5c  __TI_tmpnams                         
20200efc  gSERVOBackup                         
20200f9c  parmbuf                              
20200fa8  _ftable                              
20201098  _device                              
20201110  _stream                              
202011cd  g_oledI2cFault                       
202011d0  __TI_cleanup_ptr                     
202011d4  __TI_dtors_ptr                       
202011d8  huidu_value                          
202011e0  PWM_1_duty                           
202011e4  PWM_2_duty                           
202011e8  __TI_ft_end                          
202011ec  __aeabi_errno                        
202011f0  _lock                                
202011f4  _unlock                              
202011f8  counter_1_A                          
202011fc  counter_2_A                          
20201200  current_error_1                      
20201204  current_error_2                      
20201208  g_oledI2cLastStatus                  
2020120c  ki                                   
20201210  kp                                   
20201214  last_error_1                         
20201218  last_error_2                         
2020122c  speed_1                              
20201230  speed_2                              
2020123c  sys_tick_ms                          
20201240  target_speed_1                       
20201244  target_speed_2                       
20201248  g_oledI2cFaultReason                 
20201249  g_oledI2cLastData                    
2020124a  g_oledI2cLastMode                    
20207e00  __stack                              
20208000  __STACK_END                          
ffffffff  __TI_pprof_out_hndl                  
ffffffff  __TI_prof_data_size                  
ffffffff  __TI_prof_data_start                 
ffffffff  __binit__                            
ffffffff  binit                                
UNDEFED   __mpu_init                           
UNDEFED   _system_post_cinit                   

[348 symbols]
