******************************************************************************
            TI ARM Clang Linker PC v4.0.4                      
******************************************************************************
>> Linked Thu Jul 23 22:35:07 2026

OUTPUT FILE NAME:   <03_DEBUG_BLOCK.out>
ENTRY POINT SYMBOL: "_c_int00_noinit_noargs"  address: 00000631


MEMORY CONFIGURATION

         name            origin    length      used     unused   attr    fill
----------------------  --------  ---------  --------  --------  ----  --------
  FLASH                 00000000   00020000  00000878  0001f788  R  X
  SRAM                  20200000   00008000  00000200  00007e00  RW X
  BCR_CONFIG            41c00000   000000ff  00000000  000000ff  R   
  BSL_CONFIG            41c00100   00000080  00000000  00000080  R   


SEGMENT ALLOCATION MAP

run origin  load origin   length   init length attrs members
----------  ----------- ---------- ----------- ----- -------
00000000    00000000    00000878   00000878    r-x
  00000000    00000000    000000c0   000000c0    r-- .intvecs
  000000c0    000000c0    00000790   00000790    r-x .text
  00000850    00000850    00000028   00000028    r-- .rodata
20207e00    20207e00    00000200   00000000    rw-
  20207e00    20207e00    00000200   00000000    rw- .stack


SECTION ALLOCATION MAP

 output                                  attributes/
section   page    origin      length       input sections
--------  ----  ----------  ----------   ----------------
.intvecs   0    00000000    000000c0     
                  00000000    000000c0     startup_mspm0g350x_ticlang.o (.intvecs)

.text      0    000000c0    00000790     
                  000000c0    000000e8     ti_msp_dl_config.o (.text.SYSCFG_DL_SYSCTL_SYSPLL_init)
                  000001a8    000000dc     driverlib.a : dl_sysctl_mspm0g1x0x_g3x0x.o (.text.DL_SYSCTL_configSYSPLL)
                  00000284    00000074     ti_msp_dl_config.o (.text.SYSCFG_DL_SYSCTL_init)
                  000002f8    00000074     libclang_rt.builtins.a : comparedf2.c.obj (.text.__gedf2)
                  0000036c    00000068                            : comparedf2.c.obj (.text.__ledf2)
                  000003d4    00000064     driverlib.a : dl_sysctl_mspm0g1x0x_g3x0x.o (.text.DL_SYSCTL_setHFCLKSourceHFXTParams)
                  00000438    00000062     libclang_rt.builtins.a : aeabi_dcmp.S.obj (.text.__aeabi_dcmp)
                  0000049a    00000002                            : aeabi_div0.c.obj (.text.__aeabi_idiv0)
                  0000049c    00000044     driverlib.a : dl_sysctl_mspm0g1x0x_g3x0x.o (.text.DL_SYSCTL_switchMCLKfromSYSOSCtoHSCLK)
                  000004e0    00000040     libclang_rt.builtins.a : aeabi_uidivmod.S.obj (.text.__aeabi_uidivmod)
                  00000520    0000003c     empty.o (.text.main)
                  0000055c    00000034     ti_msp_dl_config.o (.text.SYSCFG_DL_GPIO_init)
                  00000590    00000034     ti_msp_dl_config.o (.text.SYSCFG_DL_initPower)
                  000005c4    00000028     ti_msp_dl_config.o (.text.DL_Common_updateReg)
                  000005ec    00000024     libclang_rt.builtins.a : floatunsidf.S.obj (.text.__floatunsidf)
                  00000610    00000020     ti_msp_dl_config.o (.text.DL_SYSCTL_setFlashWaitState)
                  00000630    00000020     libc.a : boot_cortex_m.c.obj (.text:_c_int00_noinit_noargs)
                  00000650    0000001c     driverlib.a : dl_sysctl_mspm0g1x0x_g3x0x.o (.text.DL_SYSCTL_configFCC)
                  0000066c    0000001c     ti_msp_dl_config.o (.text.DL_SYSCTL_setFCCPeriods)
                  00000688    0000001c     ti_msp_dl_config.o (.text.DL_SYSCTL_setSYSOSCFreq)
                  000006a4    0000001c     ti_msp_dl_config.o (.text.DL_SYSCTL_setULPCLKDivider)
                  000006c0    0000001c     delay.o (.text.delay_ms)
                  000006dc    00000018     ti_msp_dl_config.o (.text.DL_GPIO_enableOutput)
                  000006f4    00000018     ti_msp_dl_config.o (.text.DL_GPIO_enablePower)
                  0000070c    00000018     ti_msp_dl_config.o (.text.DL_GPIO_initDigitalOutput)
                  00000724    00000018     ti_msp_dl_config.o (.text.DL_GPIO_initPeripheralAnalogFunction)
                  0000073c    00000018     ti_msp_dl_config.o (.text.DL_GPIO_reset)
                  00000754    00000018     empty.o (.text.DL_GPIO_setPins)
                  0000076c    00000018     ti_msp_dl_config.o (.text.DL_SYSCTL_setBORThreshold)
                  00000784    00000014     empty.o (.text.DL_GPIO_clearPins)
                  00000798    00000014     ti_msp_dl_config.o (.text.DL_GPIO_clearPins)
                  000007ac    00000014     ti_msp_dl_config.o (.text.DL_SYSCTL_disableSYSPLL)
                  000007c0    00000014     ti_msp_dl_config.o (.text.DL_SYSCTL_enableSYSPLL)
                  000007d4    00000010     ti_msp_dl_config.o (.text.DL_SYSCTL_disableHFXT)
                  000007e4    00000010     ti_msp_dl_config.o (.text.DL_SYSCTL_isFCCDone)
                  000007f4    00000010     ti_msp_dl_config.o (.text.DL_SYSCTL_startFCC)
                  00000804    00000010     ti_msp_dl_config.o (.text.SYSCFG_DL_init)
                  00000814    0000000c     ti_msp_dl_config.o (.text.DL_SYSCTL_getClockStatus)
                  00000820    0000000c     ti_msp_dl_config.o (.text.DL_SYSCTL_readFCC)
                  0000082c    0000000a     driverlib.a : dl_common.o (.text.DL_Common_delayCycles)
                  00000836    00000006     libc.a : exit.c.obj (.text:abort)
                  0000083c    00000004     startup_mspm0g350x_ticlang.o (.text.Default_Handler)
                  00000840    00000004     libsysbm.a : hostexit.c.obj (.text.HOSTexit)
                  00000844    00000004     startup_mspm0g350x_ticlang.o (.text.Reset_Handler)
                  00000848    00000004     libc.a : pre_init.c.obj (.text._system_pre_init)
                  0000084c    00000004     --HOLE-- [fill = 0]

.cinit     0    00000000    00000000     

.rodata    0    00000850    00000028     
                  00000850    00000028     ti_msp_dl_config.o (.rodata.gSYSPLLConfig)

.init_array 
*          0    00000000    00000000     UNINITIALIZED

.binit     0    00000000    00000000     

.stack     0    20207e00    00000200     UNINITIALIZED
                  20207e00    00000004     libc.a : boot_cortex_m.c.obj (.stack)
                  20207e04    000001fc     --HOLE--

__llvm_prf_cnts 
*          0    20200000    00000000     UNINITIALIZED

__llvm_prf_bits 
*          0    20200000    00000000     UNINITIALIZED

MODULE SUMMARY

       Module                         code   ro data   rw data
       ------                         ----   -------   -------
    .\
       ti_msp_dl_config.o             900    40        0      
       startup_mspm0g350x_ticlang.o   8      192       0      
       empty.o                        104    0         0      
       delay.o                        28     0         0      
    +--+------------------------------+------+---------+---------+
       Total:                         1040   232       0      
                                                              
    G:/electronic/ti/ccs2050/mspm0_sdk_2_11_00_07/source/ti/driverlib/lib/ticlang/m0p/mspm0g1x0x_g3x0x/driverlib.a
       dl_sysctl_mspm0g1x0x_g3x0x.o   416    0         0      
       dl_common.o                    10     0         0      
    +--+------------------------------+------+---------+---------+
       Total:                         426    0         0      
                                                              
    G:\electronic\ti\ccs2050\ccs\tools\compiler\ti-cgt-armllvm_4.0.4.LTS\lib\armv6m-ti-none-eabi/c/libc.a
       boot_cortex_m.c.obj            32     0         0      
       exit.c.obj                     6      0         0      
       pre_init.c.obj                 4      0         0      
    +--+------------------------------+------+---------+---------+
       Total:                         42     0         0      
                                                              
    G:\electronic\ti\ccs2050\ccs\tools\compiler\ti-cgt-armllvm_4.0.4.LTS\lib\armv6m-ti-none-eabi/c/libsysbm.a
       hostexit.c.obj                 4      0         0      
    +--+------------------------------+------+---------+---------+
       Total:                         4      0         0      
                                                              
    G:\electronic\ti\ccs2050\ccs\tools\compiler\ti-cgt-armllvm_4.0.4.LTS\lib\armv6m-ti-none-eabi/libclang_rt.builtins.a
       comparedf2.c.obj               220    0         0      
       aeabi_dcmp.S.obj               98     0         0      
       aeabi_uidivmod.S.obj           64     0         0      
       floatunsidf.S.obj              36     0         0      
       aeabi_div0.c.obj               2      0         0      
    +--+------------------------------+------+---------+---------+
       Total:                         420    0         0      
                                                              
       Stack:                         0      0         512    
    +--+------------------------------+------+---------+---------+
       Grand Total:                   1932   232       512    


GLOBAL SYMBOLS: SORTED ALPHABETICALLY BY Name 

address   name                                 
-------   ----                                 
0000083d  ADC0_IRQHandler                      
0000083d  ADC1_IRQHandler                      
0000083d  AES_IRQHandler                       
00000840  C$$EXIT                              
0000083d  CANFD0_IRQHandler                    
0000083d  DAC0_IRQHandler                      
0000082d  DL_Common_delayCycles                
00000651  DL_SYSCTL_configFCC                  
000001a9  DL_SYSCTL_configSYSPLL               
000003d5  DL_SYSCTL_setHFCLKSourceHFXTParams   
0000049d  DL_SYSCTL_switchMCLKfromSYSOSCtoHSCLK
0000083d  DMA_IRQHandler                       
0000083d  Default_Handler                      
0000083d  GROUP0_IRQHandler                    
0000083d  GROUP1_IRQHandler                    
00000841  HOSTexit                             
0000083d  HardFault_Handler                    
0000083d  I2C0_IRQHandler                      
0000083d  I2C1_IRQHandler                      
0000083d  NMI_Handler                          
0000083d  PendSV_Handler                       
0000083d  RTC_IRQHandler                       
00000845  Reset_Handler                        
0000083d  SPI0_IRQHandler                      
0000083d  SPI1_IRQHandler                      
0000083d  SVC_Handler                          
0000055d  SYSCFG_DL_GPIO_init                  
000000c1  SYSCFG_DL_SYSCTL_SYSPLL_init         
00000285  SYSCFG_DL_SYSCTL_init                
00000805  SYSCFG_DL_init                       
00000591  SYSCFG_DL_initPower                  
0000083d  SysTick_Handler                      
0000083d  TIMA0_IRQHandler                     
0000083d  TIMA1_IRQHandler                     
0000083d  TIMG0_IRQHandler                     
0000083d  TIMG12_IRQHandler                    
0000083d  TIMG6_IRQHandler                     
0000083d  TIMG7_IRQHandler                     
0000083d  TIMG8_IRQHandler                     
0000083d  UART0_IRQHandler                     
0000083d  UART1_IRQHandler                     
0000083d  UART2_IRQHandler                     
0000083d  UART3_IRQHandler                     
20208000  __STACK_END                          
00000200  __STACK_SIZE                         
00000000  __TI_ATRegion0_region_sz             
00000000  __TI_ATRegion0_src_addr              
00000000  __TI_ATRegion0_trg_addr              
00000000  __TI_ATRegion1_region_sz             
00000000  __TI_ATRegion1_src_addr              
00000000  __TI_ATRegion1_trg_addr              
00000000  __TI_ATRegion2_region_sz             
00000000  __TI_ATRegion2_src_addr              
00000000  __TI_ATRegion2_trg_addr              
00000000  __TI_CINIT_Base                      
00000000  __TI_CINIT_Limit                     
00000000  __TI_CINIT_Warm                      
ffffffff  __TI_pprof_out_hndl                  
ffffffff  __TI_prof_data_size                  
ffffffff  __TI_prof_data_start                 
00000000  __TI_static_base__                   
00000439  __aeabi_dcmpeq                       
00000475  __aeabi_dcmpge                       
00000489  __aeabi_dcmpgt                       
00000461  __aeabi_dcmple                       
0000044d  __aeabi_dcmplt                       
0000049b  __aeabi_idiv0                        
000005ed  __aeabi_ui2d                         
000004e1  __aeabi_uidiv                        
000004e1  __aeabi_uidivmod                     
ffffffff  __binit__                            
0000036d  __cmpdf2                             
0000036d  __eqdf2                              
000005ed  __floatunsidf                        
000002f9  __gedf2                              
000002f9  __gtdf2                              
0000036d  __ledf2                              
0000036d  __ltdf2                              
UNDEFED   __mpu_init                           
0000036d  __nedf2                              
20207e00  __stack                              
20200000  __start___llvm_prf_bits              
20200000  __start___llvm_prf_cnts              
20200000  __stop___llvm_prf_bits               
20200000  __stop___llvm_prf_cnts               
00000631  _c_int00_noinit_noargs               
00000849  _system_pre_init                     
00000837  abort                                
ffffffff  binit                                
000006c1  delay_ms                             
00000000  interruptVectors                     
00000521  main                                 


GLOBAL SYMBOLS: SORTED BY Symbol Address 

address   name                                 
-------   ----                                 
00000000  __TI_ATRegion0_region_sz             
00000000  __TI_ATRegion0_src_addr              
00000000  __TI_ATRegion0_trg_addr              
00000000  __TI_ATRegion1_region_sz             
00000000  __TI_ATRegion1_src_addr              
00000000  __TI_ATRegion1_trg_addr              
00000000  __TI_ATRegion2_region_sz             
00000000  __TI_ATRegion2_src_addr              
00000000  __TI_ATRegion2_trg_addr              
00000000  __TI_CINIT_Base                      
00000000  __TI_CINIT_Limit                     
00000000  __TI_CINIT_Warm                      
00000000  __TI_static_base__                   
00000000  interruptVectors                     
000000c1  SYSCFG_DL_SYSCTL_SYSPLL_init         
000001a9  DL_SYSCTL_configSYSPLL               
00000200  __STACK_SIZE                         
00000285  SYSCFG_DL_SYSCTL_init                
000002f9  __gedf2                              
000002f9  __gtdf2                              
0000036d  __cmpdf2                             
0000036d  __eqdf2                              
0000036d  __ledf2                              
0000036d  __ltdf2                              
0000036d  __nedf2                              
000003d5  DL_SYSCTL_setHFCLKSourceHFXTParams   
00000439  __aeabi_dcmpeq                       
0000044d  __aeabi_dcmplt                       
00000461  __aeabi_dcmple                       
00000475  __aeabi_dcmpge                       
00000489  __aeabi_dcmpgt                       
0000049b  __aeabi_idiv0                        
0000049d  DL_SYSCTL_switchMCLKfromSYSOSCtoHSCLK
000004e1  __aeabi_uidiv                        
000004e1  __aeabi_uidivmod                     
00000521  main                                 
0000055d  SYSCFG_DL_GPIO_init                  
00000591  SYSCFG_DL_initPower                  
000005ed  __aeabi_ui2d                         
000005ed  __floatunsidf                        
00000631  _c_int00_noinit_noargs               
00000651  DL_SYSCTL_configFCC                  
000006c1  delay_ms                             
00000805  SYSCFG_DL_init                       
0000082d  DL_Common_delayCycles                
00000837  abort                                
0000083d  ADC0_IRQHandler                      
0000083d  ADC1_IRQHandler                      
0000083d  AES_IRQHandler                       
0000083d  CANFD0_IRQHandler                    
0000083d  DAC0_IRQHandler                      
0000083d  DMA_IRQHandler                       
0000083d  Default_Handler                      
0000083d  GROUP0_IRQHandler                    
0000083d  GROUP1_IRQHandler                    
0000083d  HardFault_Handler                    
0000083d  I2C0_IRQHandler                      
0000083d  I2C1_IRQHandler                      
0000083d  NMI_Handler                          
0000083d  PendSV_Handler                       
0000083d  RTC_IRQHandler                       
0000083d  SPI0_IRQHandler                      
0000083d  SPI1_IRQHandler                      
0000083d  SVC_Handler                          
0000083d  SysTick_Handler                      
0000083d  TIMA0_IRQHandler                     
0000083d  TIMA1_IRQHandler                     
0000083d  TIMG0_IRQHandler                     
0000083d  TIMG12_IRQHandler                    
0000083d  TIMG6_IRQHandler                     
0000083d  TIMG7_IRQHandler                     
0000083d  TIMG8_IRQHandler                     
0000083d  UART0_IRQHandler                     
0000083d  UART1_IRQHandler                     
0000083d  UART2_IRQHandler                     
0000083d  UART3_IRQHandler                     
00000840  C$$EXIT                              
00000841  HOSTexit                             
00000845  Reset_Handler                        
00000849  _system_pre_init                     
20200000  __start___llvm_prf_bits              
20200000  __start___llvm_prf_cnts              
20200000  __stop___llvm_prf_bits               
20200000  __stop___llvm_prf_cnts               
20207e00  __stack                              
20208000  __STACK_END                          
ffffffff  __TI_pprof_out_hndl                  
ffffffff  __TI_prof_data_size                  
ffffffff  __TI_prof_data_start                 
ffffffff  __binit__                            
ffffffff  binit                                
UNDEFED   __mpu_init                           

[92 symbols]
