******************************************************************************
            TI ARM Clang Linker PC v4.0.4                      
******************************************************************************
>> Linked Fri Jul 24 21:08:10 2026

OUTPUT FILE NAME:   <07_PWM.out>
ENTRY POINT SYMBOL: "_c_int00_noargs"  address: 00002ad5


MEMORY CONFIGURATION

         name            origin    length      used     unused   attr    fill
----------------------  --------  ---------  --------  --------  ----  --------
  FLASH                 00000000   00020000  000030f0  0001cf10  R  X
  SRAM                  20200000   00008000  00000724  000078dc  RW X
  BCR_CONFIG            41c00000   000000ff  00000000  000000ff  R   
  BSL_CONFIG            41c00100   00000080  00000000  00000080  R   


SEGMENT ALLOCATION MAP

run origin  load origin   length   init length attrs members
----------  ----------- ---------- ----------- ----- -------
00000000    00000000    000030f0   000030f0    r-x
  00000000    00000000    000000c0   000000c0    r-- .intvecs
  000000c0    000000c0    00001828   00001828    r-- .rodata
  000018e8    000018e8    000017d8   000017d8    r-x .text
  000030c0    000030c0    00000030   00000030    r-- .cinit
20200000    20200000    00000524   00000000    rw-
  20200000    20200000    00000520   00000000    rw- .bss
  20200520    20200520    00000004   00000000    rw- .data
20207e00    20207e00    00000200   00000000    rw-
  20207e00    20207e00    00000200   00000000    rw- .stack


SECTION ALLOCATION MAP

 output                                  attributes/
section   page    origin      length       input sections
--------  ----  ----------  ----------   ----------------
.intvecs   0    00000000    000000c0     
                  00000000    000000c0     startup_mspm0g350x_ticlang.o (.intvecs)

.text      0    000018e8    000017d8     
                  000018e8    00000158     oled.o (.text.OLED_ShowChar)
                  00001a40    00000104     driverlib.a : dl_timer.o (.text.DL_Timer_initFourCCPWMMode)
                  00001b44    000000f8     oled.o (.text.OLED_Init)
                  00001c3c    000000e8     ti_msp_dl_config.o (.text.SYSCFG_DL_SYSCTL_SYSPLL_init)
                  00001d24    000000dc     driverlib.a : dl_sysctl_mspm0g1x0x_g3x0x.o (.text.DL_SYSCTL_configSYSPLL)
                  00001e00    000000dc     ti_msp_dl_config.o (.text.SYSCFG_DL_GPIO_init)
                  00001edc    000000a4     main.o (.text.main)
                  00001f80    00000098     oled.o (.text.OLED_ShowString)
                  00002018    0000007c     oled.o (.text.OLED_Refresh)
                  00002094    0000007c     libc.a : copy_decompress_lzss.c.obj (.text:decompress:lzss)
                  00002110    00000074     oled.o (.text.OLED_WR_Byte)
                  00002184    00000074     ti_msp_dl_config.o (.text.SYSCFG_DL_SYSCTL_init)
                  000021f8    00000074     libclang_rt.builtins.a : comparedf2.c.obj (.text.__gedf2)
                  0000226c    0000006c     ti_msp_dl_config.o (.text.SYSCFG_DL_SERVO_init)
                  000022d8    00000068     ti_msp_dl_config.o (.text.SYSCFG_DL_initPower)
                  00002340    00000068     libclang_rt.builtins.a : comparedf2.c.obj (.text.__ledf2)
                  000023a8    00000064     driverlib.a : dl_sysctl_mspm0g1x0x_g3x0x.o (.text.DL_SYSCTL_setHFCLKSourceHFXTParams)
                  0000240c    00000064     oled.o (.text.OLED_ClearPoint)
                  00002470    00000062     libclang_rt.builtins.a : aeabi_dcmp.S.obj (.text.__aeabi_dcmp)
                  000024d2    00000002                            : aeabi_div0.c.obj (.text.__aeabi_idiv0)
                  000024d4    00000060     oled.o (.text.OLED_Clear)
                  00002534    00000060     ti_msp_dl_config.o (.text.SYSCFG_DL_OLED_init)
                  00002594    0000005e     driverlib.a : dl_i2c.o (.text.DL_I2C_fillControllerTXFIFO)
                  000025f2    00000002     --HOLE-- [fill = 0]
                  000025f4    00000050     ti_msp_dl_config.o (.text.DL_GPIO_initPeripheralInputFunctionFeatures)
                  00002644    00000050     oled.o (.text.DL_I2C_startControllerTransfer)
                  00002694    0000004c     ti_msp_dl_config.o (.text.DL_GPIO_initDigitalInputFeatures)
                  000026e0    0000004c     ti_msp_dl_config.o (.text.DL_UART_setBaudRateDivisor)
                  0000272c    00000048     driverlib.a : dl_uart.o (.text.DL_UART_init)
                  00002774    00000048     oled.o (.text.OLED_DisplayTurn)
                  000027bc    00000048     oled.o (.text.OLED_DrawPoint)
                  00002804    00000048     ti_msp_dl_config.o (.text.SYSCFG_DL_PRINT_init)
                  0000284c    00000044     driverlib.a : dl_sysctl_mspm0g1x0x_g3x0x.o (.text.DL_SYSCTL_switchMCLKfromSYSOSCtoHSCLK)
                  00002890    00000040     libclang_rt.builtins.a : aeabi_uidivmod.S.obj (.text.__aeabi_uidivmod)
                  000028d0    0000003c     ti_msp_dl_config.o (.text.DL_Timer_setCounterControl)
                  0000290c    0000003c     libc.a : autoinit.c.obj (.text:__TI_auto_init_nobinit_nopinit)
                  00002948    00000034     oled.o (.text.OLED_ColorTurn)
                  0000297c    00000034     uart.o (.text.UART0_IRQHandler)
                  000029b0    00000030     driverlib.a : dl_uart.o (.text.DL_UART_transmitDataBlocking)
                  000029e0    0000002c     main.o (.text.__NVIC_EnableIRQ)
                  00002a0c    00000028     oled.o (.text.DL_Common_updateReg)
                  00002a34    00000028     ti_msp_dl_config.o (.text.DL_Common_updateReg)
                  00002a5c    00000028     ti_msp_dl_config.o (.text.DL_I2C_setControllerRXFIFOThreshold)
                  00002a84    00000028     ti_msp_dl_config.o (.text.DL_I2C_setControllerTXFIFOThreshold)
                  00002aac    00000028     ti_msp_dl_config.o (.text.SYSCFG_DL_init)
                  00002ad4    00000028     libc.a : boot_cortex_m.c.obj (.text:_c_int00_noargs)
                  00002afc    00000026     ti_msp_dl_config.o (.text.DL_I2C_setAnalogGlitchFilterPulseWidth)
                  00002b22    00000026     driverlib.a : dl_i2c.o (.text.DL_I2C_setClockConfig)
                  00002b48    00000024     ti_msp_dl_config.o (.text.DL_I2C_setDigitalGlitchFilterPulseWidth)
                  00002b6c    00000024     libclang_rt.builtins.a : floatunsidf.S.obj (.text.__floatunsidf)
                  00002b90    00000020     ti_msp_dl_config.o (.text.DL_GPIO_initPeripheralInputFunction)
                  00002bb0    00000020     ti_msp_dl_config.o (.text.DL_SYSCTL_setFlashWaitState)
                  00002bd0    0000001e     ti_msp_dl_config.o (.text.DL_UART_setOversampling)
                  00002bee    00000002     --HOLE-- [fill = 0]
                  00002bf0    0000001c     ti_msp_dl_config.o (.text.DL_GPIO_clearInterruptStatus)
                  00002c0c    0000001c     ti_msp_dl_config.o (.text.DL_GPIO_enableHiZ)
                  00002c28    0000001c     ti_msp_dl_config.o (.text.DL_GPIO_enableInterrupt)
                  00002c44    0000001c     ti_msp_dl_config.o (.text.DL_GPIO_initPeripheralOutputFunction)
                  00002c60    0000001c     ti_msp_dl_config.o (.text.DL_GPIO_setLowerPinsPolarity)
                  00002c7c    0000001c     driverlib.a : dl_sysctl_mspm0g1x0x_g3x0x.o (.text.DL_SYSCTL_configFCC)
                  00002c98    0000001c     ti_msp_dl_config.o (.text.DL_SYSCTL_setFCCPeriods)
                  00002cb4    0000001c     ti_msp_dl_config.o (.text.DL_SYSCTL_setSYSOSCFreq)
                  00002cd0    0000001c     ti_msp_dl_config.o (.text.DL_SYSCTL_setULPCLKDivider)
                  00002cec    0000001c     driverlib.a : dl_timer.o (.text.DL_Timer_setCaptCompUpdateMethod)
                  00002d08    0000001c                 : dl_timer.o (.text.DL_Timer_setClockConfig)
                  00002d24    0000001c     ti_msp_dl_config.o (.text.DL_UART_enableInterrupt)
                  00002d40    0000001c     uart.o (.text.UART_send_char)
                  00002d5c    0000001c     delay.o (.text.delay_ms)
                  00002d78    00000018     ti_msp_dl_config.o (.text.DL_GPIO_enableOutput)
                  00002d90    00000018     ti_msp_dl_config.o (.text.DL_GPIO_enablePower)
                  00002da8    00000018     ti_msp_dl_config.o (.text.DL_GPIO_initDigitalOutput)
                  00002dc0    00000018     ti_msp_dl_config.o (.text.DL_GPIO_initPeripheralAnalogFunction)
                  00002dd8    00000018     ti_msp_dl_config.o (.text.DL_GPIO_reset)
                  00002df0    00000018     ti_msp_dl_config.o (.text.DL_I2C_enableAnalogGlitchFilter)
                  00002e08    00000018     ti_msp_dl_config.o (.text.DL_I2C_enableController)
                  00002e20    00000018     ti_msp_dl_config.o (.text.DL_I2C_enableControllerClockStretching)
                  00002e38    00000018     ti_msp_dl_config.o (.text.DL_I2C_enablePower)
                  00002e50    00000018     ti_msp_dl_config.o (.text.DL_I2C_reset)
                  00002e68    00000018     ti_msp_dl_config.o (.text.DL_I2C_setTimerPeriod)
                  00002e80    00000018     ti_msp_dl_config.o (.text.DL_SYSCTL_setBORThreshold)
                  00002e98    00000018     ti_msp_dl_config.o (.text.DL_Timer_enablePower)
                  00002eb0    00000018     ti_msp_dl_config.o (.text.DL_Timer_reset)
                  00002ec8    00000018     driverlib.a : dl_timer.o (.text.DL_Timer_setCaptureCompareOutCtl)
                  00002ee0    00000018     ti_msp_dl_config.o (.text.DL_UART_enablePower)
                  00002ef8    00000018     ti_msp_dl_config.o (.text.DL_UART_reset)
                  00002f10    00000016     ti_msp_dl_config.o (.text.DL_UART_enable)
                  00002f26    00000014     ti_msp_dl_config.o (.text.DL_GPIO_clearPins)
                  00002f3a    00000002     --HOLE-- [fill = 0]
                  00002f3c    00000014     oled.o (.text.DL_I2C_getControllerStatus)
                  00002f50    00000014     ti_msp_dl_config.o (.text.DL_I2C_resetControllerTransfer)
                  00002f64    00000014     ti_msp_dl_config.o (.text.DL_SYSCTL_disableSYSPLL)
                  00002f78    00000014     ti_msp_dl_config.o (.text.DL_SYSCTL_enableSYSPLL)
                  00002f8c    00000014     ti_msp_dl_config.o (.text.DL_Timer_enableClock)
                  00002fa0    00000014     ti_msp_dl_config.o (.text.DL_Timer_setCCPDirection)
                  00002fb4    00000014     uart.o (.text.DL_UART_receiveData)
                  00002fc8    00000012     uart.o (.text.DL_UART_getPendingInterrupt)
                  00002fda    00000012     driverlib.a : dl_uart.o (.text.DL_UART_setClockConfig)
                  00002fec    00000012     libc.a : memcpy16.S.obj (.text:TI_memcpy_small)
                  00002ffe    00000012            : copy_decompress_none.c.obj (.text:decompress:none)
                  00003010    00000010     ti_msp_dl_config.o (.text.DL_SYSCTL_disableHFXT)
                  00003020    00000010     ti_msp_dl_config.o (.text.DL_SYSCTL_isFCCDone)
                  00003030    00000010     ti_msp_dl_config.o (.text.DL_SYSCTL_startFCC)
                  00003040    00000010     driverlib.a : dl_timer.o (.text.DL_Timer_setCaptureCompareValue)
                  00003050    00000010     libc.a : copy_zero_init.c.obj (.text:decompress:ZI)
                  00003060    0000000e            : memset16.S.obj (.text:TI_memset_small)
                  0000306e    00000002     --HOLE-- [fill = 0]
                  00003070    0000000c     ti_msp_dl_config.o (.text.DL_SYSCTL_getClockStatus)
                  0000307c    0000000c     ti_msp_dl_config.o (.text.DL_SYSCTL_readFCC)
                  00003088    0000000c     libclang_rt.builtins.a : aeabi_memset.S.obj (.text.__aeabi_memclr)
                  00003094    0000000a     driverlib.a : dl_common.o (.text.DL_Common_delayCycles)
                  0000309e    00000002     --HOLE-- [fill = 0]
                  000030a0    00000008     libclang_rt.builtins.a : aeabi_memcpy.S.obj (.text.__aeabi_memcpy)
                  000030a8    00000006     libc.a : exit.c.obj (.text:abort)
                  000030ae    00000004     startup_mspm0g350x_ticlang.o (.text.Default_Handler)
                  000030b2    00000004     libsysbm.a : hostexit.c.obj (.text.HOSTexit)
                  000030b6    00000004     startup_mspm0g350x_ticlang.o (.text.Reset_Handler)
                  000030ba    00000004     libc.a : pre_init.c.obj (.text._system_pre_init)
                  000030be    00000002     --HOLE-- [fill = 0]

.cinit     0    000030c0    00000030     
                  000030c0    0000000c     (__TI_handler_table)
                  000030cc    00000008     (.cinit..bss.load) [load image, compression = zero_init]
                  000030d4    00000007     (.cinit..data.load) [load image, compression = lzss]
                  000030db    00000001     --HOLE-- [fill = 0]
                  000030dc    00000010     (__TI_cinit_table)
                  000030ec    00000004     --HOLE-- [fill = 0]

.rodata    0    000000c0    00001828     
                  000000c0    00000d5c     oled.o (.rodata.asc2_2412)
                  00000e1c    000005f0     oled.o (.rodata.asc2_1608)
                  0000140c    00000474     oled.o (.rodata.asc2_1206)
                  00001880    00000028     ti_msp_dl_config.o (.rodata.gSYSPLLConfig)
                  000018a8    0000000b     main.o (.rodata.str1.15159059442110792349.1)
                  000018b3    0000000b     main.o (.rodata.str1.17100691992556644108.1)
                  000018be    0000000b     main.o (.rodata.str1.8154729771448623357.1)
                  000018c9    00000001     --HOLE-- [fill = 0]
                  000018ca    0000000a     ti_msp_dl_config.o (.rodata.gPRINTConfig)
                  000018d4    00000008     ti_msp_dl_config.o (.rodata.gSERVOConfig)
                  000018dc    00000003     ti_msp_dl_config.o (.rodata.gSERVOClockConfig)
                  000018df    00000002     ti_msp_dl_config.o (.rodata.gOLEDClockConfig)
                  000018e1    00000002     ti_msp_dl_config.o (.rodata.gPRINTClockConfig)
                  000018e3    00000005     --HOLE-- [fill = 0]

.init_array 
*          0    00000000    00000000     UNINITIALIZED

.binit     0    00000000    00000000     

.bss       0    20200000    00000520     UNINITIALIZED
                  20200000    00000480     (.common:OLED_GRAM)
                  20200480    000000a0     (.common:gSERVOBackup)

.data      0    20200520    00000004     UNINITIALIZED
                  20200520    00000004     main.o (.data.status)

.stack     0    20207e00    00000200     UNINITIALIZED
                  20207e00    00000004     libc.a : boot_cortex_m.c.obj (.stack)
                  20207e04    000001fc     --HOLE--

__llvm_prf_cnts 
*          0    20200000    00000000     UNINITIALIZED

__llvm_prf_bits 
*          0    20200000    00000000     UNINITIALIZED

MODULE SUMMARY

       Module                         code   ro data   rw data
       ------                         ----   -------   -------
    .\
       oled.o                         1516   6080      1152   
       ti_msp_dl_config.o             2418   65        160    
       main.o                         208    33        4      
       startup_mspm0g350x_ticlang.o   8      192       0      
       uart.o                         118    0         0      
       delay.o                        28     0         0      
    +--+------------------------------+------+---------+---------+
       Total:                         4296   6370      1316   
                                                              
    G:/electronic/ti/ccs2050/mspm0_sdk_2_11_00_07/source/ti/driverlib/lib/ticlang/m0p/mspm0g1x0x_g3x0x/driverlib.a
       dl_sysctl_mspm0g1x0x_g3x0x.o   416    0         0      
       dl_timer.o                     356    0         0      
       dl_uart.o                      138    0         0      
       dl_i2c.o                       132    0         0      
       dl_common.o                    10     0         0      
    +--+------------------------------+------+---------+---------+
       Total:                         1052   0         0      
                                                              
    G:\electronic\ti\ccs2050\ccs\tools\compiler\ti-cgt-armllvm_4.0.4.LTS\lib\armv6m-ti-none-eabi/c/libc.a
       copy_decompress_lzss.c.obj     124    0         0      
       autoinit.c.obj                 60     0         0      
       boot_cortex_m.c.obj            40     0         0      
       copy_decompress_none.c.obj     18     0         0      
       memcpy16.S.obj                 18     0         0      
       copy_zero_init.c.obj           16     0         0      
       memset16.S.obj                 14     0         0      
       exit.c.obj                     6      0         0      
       pre_init.c.obj                 4      0         0      
    +--+------------------------------+------+---------+---------+
       Total:                         300    0         0      
                                                              
    G:\electronic\ti\ccs2050\ccs\tools\compiler\ti-cgt-armllvm_4.0.4.LTS\lib\armv6m-ti-none-eabi/c/libsysbm.a
       hostexit.c.obj                 4      0         0      
    +--+------------------------------+------+---------+---------+
       Total:                         4      0         0      
                                                              
    G:\electronic\ti\ccs2050\ccs\tools\compiler\ti-cgt-armllvm_4.0.4.LTS\lib\armv6m-ti-none-eabi/libclang_rt.builtins.a
       comparedf2.c.obj               220    0         0      
       aeabi_dcmp.S.obj               98     0         0      
       aeabi_uidivmod.S.obj           64     0         0      
       floatunsidf.S.obj              36     0         0      
       aeabi_memset.S.obj             12     0         0      
       aeabi_memcpy.S.obj             8      0         0      
       aeabi_div0.c.obj               2      0         0      
    +--+------------------------------+------+---------+---------+
       Total:                         440    0         0      
                                                              
       Stack:                         0      0         512    
       Linker Generated:              0      43        0      
    +--+------------------------------+------+---------+---------+
       Grand Total:                   6092   6413      1828   


LINKER GENERATED COPY TABLES

__TI_cinit_table @ 000030dc records: 2, size/record: 8, table size: 16
	.bss: load addr=000030cc, load size=00000008 bytes, run addr=20200000, run size=00000520 bytes, compression=zero_init
	.data: load addr=000030d4, load size=00000007 bytes, run addr=20200520, run size=00000004 bytes, compression=lzss


LINKER GENERATED HANDLER TABLE

__TI_handler_table @ 000030c0 records: 3, size/record: 4, table size: 12
	index: 0, handler: __TI_decompress_lzss
	index: 1, handler: __TI_decompress_none
	index: 2, handler: __TI_zero_init


GLOBAL SYMBOLS: SORTED ALPHABETICALLY BY Name 

address   name                                 
-------   ----                                 
000030af  ADC0_IRQHandler                      
000030af  ADC1_IRQHandler                      
000030af  AES_IRQHandler                       
000030b2  C$$EXIT                              
000030af  CANFD0_IRQHandler                    
000030af  DAC0_IRQHandler                      
00003095  DL_Common_delayCycles                
00002595  DL_I2C_fillControllerTXFIFO          
00002b23  DL_I2C_setClockConfig                
00002c7d  DL_SYSCTL_configFCC                  
00001d25  DL_SYSCTL_configSYSPLL               
000023a9  DL_SYSCTL_setHFCLKSourceHFXTParams   
0000284d  DL_SYSCTL_switchMCLKfromSYSOSCtoHSCLK
00001a41  DL_Timer_initFourCCPWMMode           
00002ced  DL_Timer_setCaptCompUpdateMethod     
00002ec9  DL_Timer_setCaptureCompareOutCtl     
00003041  DL_Timer_setCaptureCompareValue      
00002d09  DL_Timer_setClockConfig              
0000272d  DL_UART_init                         
00002fdb  DL_UART_setClockConfig               
000029b1  DL_UART_transmitDataBlocking         
000030af  DMA_IRQHandler                       
000030af  Default_Handler                      
000030af  GROUP0_IRQHandler                    
000030af  GROUP1_IRQHandler                    
000030b3  HOSTexit                             
000030af  HardFault_Handler                    
000030af  I2C0_IRQHandler                      
000030af  I2C1_IRQHandler                      
000030af  NMI_Handler                          
000024d5  OLED_Clear                           
0000240d  OLED_ClearPoint                      
00002949  OLED_ColorTurn                       
00002775  OLED_DisplayTurn                     
000027bd  OLED_DrawPoint                       
20200000  OLED_GRAM                            
00001b45  OLED_Init                            
00002019  OLED_Refresh                         
000018e9  OLED_ShowChar                        
00001f81  OLED_ShowString                      
00002111  OLED_WR_Byte                         
000030af  PendSV_Handler                       
000030af  RTC_IRQHandler                       
000030b7  Reset_Handler                        
000030af  SPI0_IRQHandler                      
000030af  SPI1_IRQHandler                      
000030af  SVC_Handler                          
00001e01  SYSCFG_DL_GPIO_init                  
00002535  SYSCFG_DL_OLED_init                  
00002805  SYSCFG_DL_PRINT_init                 
0000226d  SYSCFG_DL_SERVO_init                 
00001c3d  SYSCFG_DL_SYSCTL_SYSPLL_init         
00002185  SYSCFG_DL_SYSCTL_init                
00002aad  SYSCFG_DL_init                       
000022d9  SYSCFG_DL_initPower                  
000030af  SysTick_Handler                      
000030af  TIMA0_IRQHandler                     
000030af  TIMA1_IRQHandler                     
000030af  TIMG0_IRQHandler                     
000030af  TIMG12_IRQHandler                    
000030af  TIMG6_IRQHandler                     
000030af  TIMG7_IRQHandler                     
000030af  TIMG8_IRQHandler                     
00002fed  TI_memcpy_small                      
00003061  TI_memset_small                      
0000297d  UART0_IRQHandler                     
000030af  UART1_IRQHandler                     
000030af  UART2_IRQHandler                     
000030af  UART3_IRQHandler                     
00002d41  UART_send_char                       
20208000  __STACK_END                          
00000200  __STACK_SIZE                         
00000000  __TI_ATRegion0_region_sz             
00000000  __TI_ATRegion0_src_addr              
00000000  __TI_ATRegion0_trg_addr              
00000000  __TI_ATRegion1_region_sz             
00000000  __TI_ATRegion1_src_addr              
00000000  __TI_ATRegion1_trg_addr              
00000000  __TI_ATRegion2_region_sz             
00000000  __TI_ATRegion2_src_addr              
00000000  __TI_ATRegion2_trg_addr              
000030dc  __TI_CINIT_Base                      
000030ec  __TI_CINIT_Limit                     
000030ec  __TI_CINIT_Warm                      
000030c0  __TI_Handler_Table_Base              
000030cc  __TI_Handler_Table_Limit             
0000290d  __TI_auto_init_nobinit_nopinit       
00002095  __TI_decompress_lzss                 
00002fff  __TI_decompress_none                 
ffffffff  __TI_pprof_out_hndl                  
ffffffff  __TI_prof_data_size                  
ffffffff  __TI_prof_data_start                 
00000000  __TI_static_base__                   
00003051  __TI_zero_init                       
00002471  __aeabi_dcmpeq                       
000024ad  __aeabi_dcmpge                       
000024c1  __aeabi_dcmpgt                       
00002499  __aeabi_dcmple                       
00002485  __aeabi_dcmplt                       
000024d3  __aeabi_idiv0                        
00003089  __aeabi_memclr                       
00003089  __aeabi_memclr4                      
00003089  __aeabi_memclr8                      
000030a1  __aeabi_memcpy                       
000030a1  __aeabi_memcpy4                      
000030a1  __aeabi_memcpy8                      
00002b6d  __aeabi_ui2d                         
00002891  __aeabi_uidiv                        
00002891  __aeabi_uidivmod                     
ffffffff  __binit__                            
00002341  __cmpdf2                             
00002341  __eqdf2                              
00002b6d  __floatunsidf                        
000021f9  __gedf2                              
000021f9  __gtdf2                              
00002341  __ledf2                              
00002341  __ltdf2                              
UNDEFED   __mpu_init                           
00002341  __nedf2                              
20207e00  __stack                              
20200000  __start___llvm_prf_bits              
20200000  __start___llvm_prf_cnts              
20200000  __stop___llvm_prf_bits               
20200000  __stop___llvm_prf_cnts               
00002ad5  _c_int00_noargs                      
UNDEFED   _system_post_cinit                   
000030bb  _system_pre_init                     
000030a9  abort                                
0000140c  asc2_1206                            
00000e1c  asc2_1608                            
000000c0  asc2_2412                            
ffffffff  binit                                
00002d5d  delay_ms                             
20200480  gSERVOBackup                         
00000000  interruptVectors                     
00001edd  main                                 
20200520  status                               


GLOBAL SYMBOLS: SORTED BY Symbol Address 

address   name                                 
-------   ----                                 
00000000  __TI_ATRegion0_region_sz             
00000000  __TI_ATRegion0_src_addr              
00000000  __TI_ATRegion0_trg_addr              
00000000  __TI_ATRegion1_region_sz             
00000000  __TI_ATRegion1_src_addr              
00000000  __TI_ATRegion1_trg_addr              
00000000  __TI_ATRegion2_region_sz             
00000000  __TI_ATRegion2_src_addr              
00000000  __TI_ATRegion2_trg_addr              
00000000  __TI_static_base__                   
00000000  interruptVectors                     
000000c0  asc2_2412                            
00000200  __STACK_SIZE                         
00000e1c  asc2_1608                            
0000140c  asc2_1206                            
000018e9  OLED_ShowChar                        
00001a41  DL_Timer_initFourCCPWMMode           
00001b45  OLED_Init                            
00001c3d  SYSCFG_DL_SYSCTL_SYSPLL_init         
00001d25  DL_SYSCTL_configSYSPLL               
00001e01  SYSCFG_DL_GPIO_init                  
00001edd  main                                 
00001f81  OLED_ShowString                      
00002019  OLED_Refresh                         
00002095  __TI_decompress_lzss                 
00002111  OLED_WR_Byte                         
00002185  SYSCFG_DL_SYSCTL_init                
000021f9  __gedf2                              
000021f9  __gtdf2                              
0000226d  SYSCFG_DL_SERVO_init                 
000022d9  SYSCFG_DL_initPower                  
00002341  __cmpdf2                             
00002341  __eqdf2                              
00002341  __ledf2                              
00002341  __ltdf2                              
00002341  __nedf2                              
000023a9  DL_SYSCTL_setHFCLKSourceHFXTParams   
0000240d  OLED_ClearPoint                      
00002471  __aeabi_dcmpeq                       
00002485  __aeabi_dcmplt                       
00002499  __aeabi_dcmple                       
000024ad  __aeabi_dcmpge                       
000024c1  __aeabi_dcmpgt                       
000024d3  __aeabi_idiv0                        
000024d5  OLED_Clear                           
00002535  SYSCFG_DL_OLED_init                  
00002595  DL_I2C_fillControllerTXFIFO          
0000272d  DL_UART_init                         
00002775  OLED_DisplayTurn                     
000027bd  OLED_DrawPoint                       
00002805  SYSCFG_DL_PRINT_init                 
0000284d  DL_SYSCTL_switchMCLKfromSYSOSCtoHSCLK
00002891  __aeabi_uidiv                        
00002891  __aeabi_uidivmod                     
0000290d  __TI_auto_init_nobinit_nopinit       
00002949  OLED_ColorTurn                       
0000297d  UART0_IRQHandler                     
000029b1  DL_UART_transmitDataBlocking         
00002aad  SYSCFG_DL_init                       
00002ad5  _c_int00_noargs                      
00002b23  DL_I2C_setClockConfig                
00002b6d  __aeabi_ui2d                         
00002b6d  __floatunsidf                        
00002c7d  DL_SYSCTL_configFCC                  
00002ced  DL_Timer_setCaptCompUpdateMethod     
00002d09  DL_Timer_setClockConfig              
00002d41  UART_send_char                       
00002d5d  delay_ms                             
00002ec9  DL_Timer_setCaptureCompareOutCtl     
00002fdb  DL_UART_setClockConfig               
00002fed  TI_memcpy_small                      
00002fff  __TI_decompress_none                 
00003041  DL_Timer_setCaptureCompareValue      
00003051  __TI_zero_init                       
00003061  TI_memset_small                      
00003089  __aeabi_memclr                       
00003089  __aeabi_memclr4                      
00003089  __aeabi_memclr8                      
00003095  DL_Common_delayCycles                
000030a1  __aeabi_memcpy                       
000030a1  __aeabi_memcpy4                      
000030a1  __aeabi_memcpy8                      
000030a9  abort                                
000030af  ADC0_IRQHandler                      
000030af  ADC1_IRQHandler                      
000030af  AES_IRQHandler                       
000030af  CANFD0_IRQHandler                    
000030af  DAC0_IRQHandler                      
000030af  DMA_IRQHandler                       
000030af  Default_Handler                      
000030af  GROUP0_IRQHandler                    
000030af  GROUP1_IRQHandler                    
000030af  HardFault_Handler                    
000030af  I2C0_IRQHandler                      
000030af  I2C1_IRQHandler                      
000030af  NMI_Handler                          
000030af  PendSV_Handler                       
000030af  RTC_IRQHandler                       
000030af  SPI0_IRQHandler                      
000030af  SPI1_IRQHandler                      
000030af  SVC_Handler                          
000030af  SysTick_Handler                      
000030af  TIMA0_IRQHandler                     
000030af  TIMA1_IRQHandler                     
000030af  TIMG0_IRQHandler                     
000030af  TIMG12_IRQHandler                    
000030af  TIMG6_IRQHandler                     
000030af  TIMG7_IRQHandler                     
000030af  TIMG8_IRQHandler                     
000030af  UART1_IRQHandler                     
000030af  UART2_IRQHandler                     
000030af  UART3_IRQHandler                     
000030b2  C$$EXIT                              
000030b3  HOSTexit                             
000030b7  Reset_Handler                        
000030bb  _system_pre_init                     
000030c0  __TI_Handler_Table_Base              
000030cc  __TI_Handler_Table_Limit             
000030dc  __TI_CINIT_Base                      
000030ec  __TI_CINIT_Limit                     
000030ec  __TI_CINIT_Warm                      
20200000  OLED_GRAM                            
20200000  __start___llvm_prf_bits              
20200000  __start___llvm_prf_cnts              
20200000  __stop___llvm_prf_bits               
20200000  __stop___llvm_prf_cnts               
20200480  gSERVOBackup                         
20200520  status                               
20207e00  __stack                              
20208000  __STACK_END                          
ffffffff  __TI_pprof_out_hndl                  
ffffffff  __TI_prof_data_size                  
ffffffff  __TI_prof_data_start                 
ffffffff  __binit__                            
ffffffff  binit                                
UNDEFED   __mpu_init                           
UNDEFED   _system_post_cinit                   

[137 symbols]
