******************************************************************************
            TI ARM Clang Linker PC v4.0.4                      
******************************************************************************
>> Linked Fri Jul 24 22:59:53 2026

OUTPUT FILE NAME:   <08_DC_MOTOR_PID1.out>
ENTRY POINT SYMBOL: "_c_int00_noargs"  address: 000011a5


MEMORY CONFIGURATION

         name            origin    length      used     unused   attr    fill
----------------------  --------  ---------  --------  --------  ----  --------
  FLASH                 00000000   00020000  00001840  0001e7c0  R  X
  SRAM                  20200000   00008000  00000720  000078e0  RW X
  BCR_CONFIG            41c00000   000000ff  00000000  000000ff  R   
  BSL_CONFIG            41c00100   00000080  00000000  00000080  R   


SEGMENT ALLOCATION MAP

run origin  load origin   length   init length attrs members
----------  ----------- ---------- ----------- ----- -------
00000000    00000000    00001840   00001840    r-x
  00000000    00000000    000000c0   000000c0    r-- .intvecs
  000000c0    000000c0    00001718   00001718    r-x .text
  000017d8    000017d8    00000050   00000050    r-- .rodata
  00001828    00001828    00000018   00000018    r-- .cinit
20200000    20200000    00000520   00000000    rw-
  20200000    20200000    00000520   00000000    rw- .bss
20207e00    20207e00    00000200   00000000    rw-
  20207e00    20207e00    00000200   00000000    rw- .stack


SECTION ALLOCATION MAP

 output                                  attributes/
section   page    origin      length       input sections
--------  ----  ----------  ----------   ----------------
.intvecs   0    00000000    000000c0     
                  00000000    000000c0     startup_mspm0g350x_ticlang.o (.intvecs)

.text      0    000000c0    00001718     
                  000000c0    00000148     ti_msp_dl_config.o (.text.SYSCFG_DL_GPIO_init)
                  00000208    00000104     driverlib.a : dl_timer.o (.text.DL_Timer_initFourCCPWMMode)
                  0000030c    000000f8     oled.o (.text.OLED_Init)
                  00000404    000000e8     ti_msp_dl_config.o (.text.SYSCFG_DL_SYSCTL_SYSPLL_init)
                  000004ec    000000dc     driverlib.a : dl_sysctl_mspm0g1x0x_g3x0x.o (.text.DL_SYSCTL_configSYSPLL)
                  000005c8    000000a0     motor.o (.text.motor_set_direction)
                  00000668    0000007c     oled.o (.text.OLED_Refresh)
                  000006e4    0000007c     ti_msp_dl_config.o (.text.SYSCFG_DL_initPower)
                  00000760    00000078     main.o (.text.main)
                  000007d8    00000074     oled.o (.text.OLED_WR_Byte)
                  0000084c    00000074     ti_msp_dl_config.o (.text.SYSCFG_DL_SYSCTL_init)
                  000008c0    00000074     libclang_rt.builtins.a : comparedf2.c.obj (.text.__gedf2)
                  00000934    0000006c     ti_msp_dl_config.o (.text.SYSCFG_DL_SERVO_init)
                  000009a0    00000068     libclang_rt.builtins.a : comparedf2.c.obj (.text.__ledf2)
                  00000a08    00000068     motor.o (.text.motor_init)
                  00000a70    00000064     driverlib.a : dl_sysctl_mspm0g1x0x_g3x0x.o (.text.DL_SYSCTL_setHFCLKSourceHFXTParams)
                  00000ad4    00000064     ti_msp_dl_config.o (.text.SYSCFG_DL_PWMA_init)
                  00000b38    00000062     libclang_rt.builtins.a : aeabi_dcmp.S.obj (.text.__aeabi_dcmp)
                  00000b9a    00000002                            : aeabi_div0.c.obj (.text.__aeabi_idiv0)
                  00000b9c    00000060     oled.o (.text.OLED_Clear)
                  00000bfc    00000060     ti_msp_dl_config.o (.text.SYSCFG_DL_OLED_init)
                  00000c5c    0000005e     driverlib.a : dl_i2c.o (.text.DL_I2C_fillControllerTXFIFO)
                  00000cba    00000002     --HOLE-- [fill = 0]
                  00000cbc    00000050     ti_msp_dl_config.o (.text.DL_GPIO_initPeripheralInputFunctionFeatures)
                  00000d0c    00000050     oled.o (.text.DL_I2C_startControllerTransfer)
                  00000d5c    0000004c     ti_msp_dl_config.o (.text.DL_GPIO_initDigitalInputFeatures)
                  00000da8    0000004c     ti_msp_dl_config.o (.text.DL_UART_setBaudRateDivisor)
                  00000df4    0000004c     motor.o (.text.motor_set_duty)
                  00000e40    00000048     driverlib.a : dl_uart.o (.text.DL_UART_init)
                  00000e88    00000048     oled.o (.text.OLED_DisplayTurn)
                  00000ed0    00000048     ti_msp_dl_config.o (.text.SYSCFG_DL_PRINT_init)
                  00000f18    00000044     driverlib.a : dl_sysctl_mspm0g1x0x_g3x0x.o (.text.DL_SYSCTL_switchMCLKfromSYSOSCtoHSCLK)
                  00000f5c    00000040     libclang_rt.builtins.a : aeabi_uidivmod.S.obj (.text.__aeabi_uidivmod)
                  00000f9c    0000003c     ti_msp_dl_config.o (.text.DL_Timer_setCounterControl)
                  00000fd8    0000003c     libc.a : autoinit.c.obj (.text:__TI_auto_init_nobinit_nopinit)
                  00001014    00000034     oled.o (.text.OLED_ColorTurn)
                  00001048    00000034     uart.o (.text.UART0_IRQHandler)
                  0000107c    00000030     driverlib.a : dl_uart.o (.text.DL_UART_transmitDataBlocking)
                  000010ac    0000002c     ti_msp_dl_config.o (.text.SYSCFG_DL_init)
                  000010d8    0000002c     main.o (.text.__NVIC_EnableIRQ)
                  00001104    00000028     oled.o (.text.DL_Common_updateReg)
                  0000112c    00000028     ti_msp_dl_config.o (.text.DL_Common_updateReg)
                  00001154    00000028     ti_msp_dl_config.o (.text.DL_I2C_setControllerRXFIFOThreshold)
                  0000117c    00000028     ti_msp_dl_config.o (.text.DL_I2C_setControllerTXFIFOThreshold)
                  000011a4    00000028     libc.a : boot_cortex_m.c.obj (.text:_c_int00_noargs)
                  000011cc    00000026     ti_msp_dl_config.o (.text.DL_I2C_setAnalogGlitchFilterPulseWidth)
                  000011f2    00000026     driverlib.a : dl_i2c.o (.text.DL_I2C_setClockConfig)
                  00001218    00000024     ti_msp_dl_config.o (.text.DL_I2C_setDigitalGlitchFilterPulseWidth)
                  0000123c    00000024     libclang_rt.builtins.a : floatunsidf.S.obj (.text.__floatunsidf)
                  00001260    00000020     ti_msp_dl_config.o (.text.DL_GPIO_initPeripheralInputFunction)
                  00001280    00000020     ti_msp_dl_config.o (.text.DL_SYSCTL_setFlashWaitState)
                  000012a0    0000001e     ti_msp_dl_config.o (.text.DL_UART_setOversampling)
                  000012be    00000002     --HOLE-- [fill = 0]
                  000012c0    0000001c     ti_msp_dl_config.o (.text.DL_GPIO_clearInterruptStatus)
                  000012dc    0000001c     ti_msp_dl_config.o (.text.DL_GPIO_enableHiZ)
                  000012f8    0000001c     ti_msp_dl_config.o (.text.DL_GPIO_enableInterrupt)
                  00001314    0000001c     ti_msp_dl_config.o (.text.DL_GPIO_initPeripheralOutputFunction)
                  00001330    0000001c     ti_msp_dl_config.o (.text.DL_GPIO_setLowerPinsPolarity)
                  0000134c    0000001c     driverlib.a : dl_sysctl_mspm0g1x0x_g3x0x.o (.text.DL_SYSCTL_configFCC)
                  00001368    0000001c     ti_msp_dl_config.o (.text.DL_SYSCTL_setFCCPeriods)
                  00001384    0000001c     ti_msp_dl_config.o (.text.DL_SYSCTL_setSYSOSCFreq)
                  000013a0    0000001c     ti_msp_dl_config.o (.text.DL_SYSCTL_setULPCLKDivider)
                  000013bc    0000001c     driverlib.a : dl_timer.o (.text.DL_Timer_setCaptCompUpdateMethod)
                  000013d8    0000001c                 : dl_timer.o (.text.DL_Timer_setClockConfig)
                  000013f4    0000001c     ti_msp_dl_config.o (.text.DL_UART_enableInterrupt)
                  00001410    0000001c     uart.o (.text.UART_send_char)
                  0000142c    0000001c     delay.o (.text.delay_ms)
                  00001448    00000018     ti_msp_dl_config.o (.text.DL_GPIO_enableOutput)
                  00001460    00000018     ti_msp_dl_config.o (.text.DL_GPIO_enablePower)
                  00001478    00000018     ti_msp_dl_config.o (.text.DL_GPIO_initDigitalOutput)
                  00001490    00000018     ti_msp_dl_config.o (.text.DL_GPIO_initPeripheralAnalogFunction)
                  000014a8    00000018     ti_msp_dl_config.o (.text.DL_GPIO_reset)
                  000014c0    00000018     motor.o (.text.DL_GPIO_setPins)
                  000014d8    00000018     ti_msp_dl_config.o (.text.DL_GPIO_setUpperPinsPolarity)
                  000014f0    00000018     ti_msp_dl_config.o (.text.DL_I2C_enableAnalogGlitchFilter)
                  00001508    00000018     ti_msp_dl_config.o (.text.DL_I2C_enableController)
                  00001520    00000018     ti_msp_dl_config.o (.text.DL_I2C_enableControllerClockStretching)
                  00001538    00000018     ti_msp_dl_config.o (.text.DL_I2C_enablePower)
                  00001550    00000018     ti_msp_dl_config.o (.text.DL_I2C_reset)
                  00001568    00000018     ti_msp_dl_config.o (.text.DL_I2C_setTimerPeriod)
                  00001580    00000018     ti_msp_dl_config.o (.text.DL_SYSCTL_setBORThreshold)
                  00001598    00000018     ti_msp_dl_config.o (.text.DL_Timer_enablePower)
                  000015b0    00000018     ti_msp_dl_config.o (.text.DL_Timer_reset)
                  000015c8    00000018     driverlib.a : dl_timer.o (.text.DL_Timer_setCaptureCompareOutCtl)
                  000015e0    00000018     main.o (.text.DL_Timer_startCounter)
                  000015f8    00000018     motor.o (.text.DL_Timer_startCounter)
                  00001610    00000018     ti_msp_dl_config.o (.text.DL_UART_enablePower)
                  00001628    00000018     ti_msp_dl_config.o (.text.DL_UART_reset)
                  00001640    00000016     ti_msp_dl_config.o (.text.DL_UART_enable)
                  00001656    00000014     motor.o (.text.DL_GPIO_clearPins)
                  0000166a    00000014     ti_msp_dl_config.o (.text.DL_GPIO_clearPins)
                  0000167e    00000002     --HOLE-- [fill = 0]
                  00001680    00000014     oled.o (.text.DL_I2C_getControllerStatus)
                  00001694    00000014     ti_msp_dl_config.o (.text.DL_I2C_resetControllerTransfer)
                  000016a8    00000014     ti_msp_dl_config.o (.text.DL_SYSCTL_disableSYSPLL)
                  000016bc    00000014     ti_msp_dl_config.o (.text.DL_SYSCTL_enableSYSPLL)
                  000016d0    00000014     ti_msp_dl_config.o (.text.DL_Timer_enableClock)
                  000016e4    00000014     ti_msp_dl_config.o (.text.DL_Timer_setCCPDirection)
                  000016f8    00000014     uart.o (.text.DL_UART_receiveData)
                  0000170c    00000012     uart.o (.text.DL_UART_getPendingInterrupt)
                  0000171e    00000012     driverlib.a : dl_uart.o (.text.DL_UART_setClockConfig)
                  00001730    00000010     ti_msp_dl_config.o (.text.DL_SYSCTL_disableHFXT)
                  00001740    00000010     ti_msp_dl_config.o (.text.DL_SYSCTL_isFCCDone)
                  00001750    00000010     ti_msp_dl_config.o (.text.DL_SYSCTL_startFCC)
                  00001760    00000010     driverlib.a : dl_timer.o (.text.DL_Timer_setCaptureCompareValue)
                  00001770    00000010     libc.a : copy_zero_init.c.obj (.text:decompress:ZI)
                  00001780    0000000e            : memset16.S.obj (.text:TI_memset_small)
                  0000178e    00000002     --HOLE-- [fill = 0]
                  00001790    0000000c     ti_msp_dl_config.o (.text.DL_SYSCTL_getClockStatus)
                  0000179c    0000000c     ti_msp_dl_config.o (.text.DL_SYSCTL_readFCC)
                  000017a8    0000000c     libclang_rt.builtins.a : aeabi_memset.S.obj (.text.__aeabi_memclr)
                  000017b4    0000000a     driverlib.a : dl_common.o (.text.DL_Common_delayCycles)
                  000017be    00000006     libc.a : exit.c.obj (.text:abort)
                  000017c4    00000004     startup_mspm0g350x_ticlang.o (.text.Default_Handler)
                  000017c8    00000004     libsysbm.a : hostexit.c.obj (.text.HOSTexit)
                  000017cc    00000004     startup_mspm0g350x_ticlang.o (.text.Reset_Handler)
                  000017d0    00000004     libc.a : pre_init.c.obj (.text._system_pre_init)
                  000017d4    00000004     --HOLE-- [fill = 0]

.cinit     0    00001828    00000018     
                  00001828    00000008     (.cinit..bss.load) [load image, compression = zero_init]
                  00001830    00000004     (__TI_handler_table)
                  00001834    00000008     (__TI_cinit_table)
                  0000183c    00000004     --HOLE-- [fill = 0]

.rodata    0    000017d8    00000050     
                  000017d8    00000028     ti_msp_dl_config.o (.rodata.gSYSPLLConfig)
                  00001800    0000000a     ti_msp_dl_config.o (.rodata.gPRINTConfig)
                  0000180a    00000002     ti_msp_dl_config.o (.rodata.gOLEDClockConfig)
                  0000180c    00000008     ti_msp_dl_config.o (.rodata.gPWMAConfig)
                  00001814    00000008     ti_msp_dl_config.o (.rodata.gSERVOConfig)
                  0000181c    00000003     ti_msp_dl_config.o (.rodata.gPWMAClockConfig)
                  0000181f    00000003     ti_msp_dl_config.o (.rodata.gSERVOClockConfig)
                  00001822    00000002     ti_msp_dl_config.o (.rodata.gPRINTClockConfig)
                  00001824    00000004     --HOLE-- [fill = 0]

.init_array 
*          0    00000000    00000000     UNINITIALIZED

.binit     0    00000000    00000000     

.bss       0    20200000    00000520     UNINITIALIZED
                  20200000    00000480     (.common:OLED_GRAM)
                  20200480    000000a0     (.common:gSERVOBackup)

.stack     0    20207e00    00000200     UNINITIALIZED
                  20207e00    00000004     libc.a : boot_cortex_m.c.obj (.stack)
                  20207e04    000001fc     --HOLE--

__llvm_prf_cnts 
*          0    20200000    00000000     UNINITIALIZED

__llvm_prf_bits 
*          0    20200000    00000000     UNINITIALIZED

MODULE SUMMARY

       Module                         code   ro data   rw data
       ------                         ----   -------   -------
    .\
       ti_msp_dl_config.o             2674   76        160    
       startup_mspm0g350x_ticlang.o   8      192       0      
       main.o                         188    0         0      
    +--+------------------------------+------+---------+---------+
       Total:                         2870   268       160    
                                                              
    .\user_driver\
       oled.o                         848    0         1152   
       motor.o                        408    0         0      
       uart.o                         118    0         0      
       delay.o                        28     0         0      
    +--+------------------------------+------+---------+---------+
       Total:                         1402   0         1152   
                                                              
    G:/electronic/ti/ccs2050/mspm0_sdk_2_11_00_07/source/ti/driverlib/lib/ticlang/m0p/mspm0g1x0x_g3x0x/driverlib.a
       dl_sysctl_mspm0g1x0x_g3x0x.o   416    0         0      
       dl_timer.o                     356    0         0      
       dl_uart.o                      138    0         0      
       dl_i2c.o                       132    0         0      
       dl_common.o                    10     0         0      
    +--+------------------------------+------+---------+---------+
       Total:                         1052   0         0      
                                                              
    G:\electronic\ti\ccs2050\ccs\tools\compiler\ti-cgt-armllvm_4.0.4.LTS\lib\armv6m-ti-none-eabi/c/libc.a
       autoinit.c.obj                 60     0         0      
       boot_cortex_m.c.obj            40     0         0      
       copy_zero_init.c.obj           16     0         0      
       memset16.S.obj                 14     0         0      
       exit.c.obj                     6      0         0      
       pre_init.c.obj                 4      0         0      
    +--+------------------------------+------+---------+---------+
       Total:                         140    0         0      
                                                              
    G:\electronic\ti\ccs2050\ccs\tools\compiler\ti-cgt-armllvm_4.0.4.LTS\lib\armv6m-ti-none-eabi/c/libsysbm.a
       hostexit.c.obj                 4      0         0      
    +--+------------------------------+------+---------+---------+
       Total:                         4      0         0      
                                                              
    G:\electronic\ti\ccs2050\ccs\tools\compiler\ti-cgt-armllvm_4.0.4.LTS\lib\armv6m-ti-none-eabi/libclang_rt.builtins.a
       comparedf2.c.obj               220    0         0      
       aeabi_dcmp.S.obj               98     0         0      
       aeabi_uidivmod.S.obj           64     0         0      
       floatunsidf.S.obj              36     0         0      
       aeabi_memset.S.obj             12     0         0      
       aeabi_div0.c.obj               2      0         0      
    +--+------------------------------+------+---------+---------+
       Total:                         432    0         0      
                                                              
       Stack:                         0      0         512    
       Linker Generated:              0      20        0      
    +--+------------------------------+------+---------+---------+
       Grand Total:                   5900   288       1824   


LINKER GENERATED COPY TABLES

__TI_cinit_table @ 00001834 records: 1, size/record: 8, table size: 8
	.bss: load addr=00001828, load size=00000008 bytes, run addr=20200000, run size=00000520 bytes, compression=zero_init


LINKER GENERATED HANDLER TABLE

__TI_handler_table @ 00001830 records: 1, size/record: 4, table size: 4
	index: 0, handler: __TI_zero_init


GLOBAL SYMBOLS: SORTED ALPHABETICALLY BY Name 

address   name                                 
-------   ----                                 
000017c5  ADC0_IRQHandler                      
000017c5  ADC1_IRQHandler                      
000017c5  AES_IRQHandler                       
000017c8  C$$EXIT                              
000017c5  CANFD0_IRQHandler                    
000017c5  DAC0_IRQHandler                      
000017b5  DL_Common_delayCycles                
00000c5d  DL_I2C_fillControllerTXFIFO          
000011f3  DL_I2C_setClockConfig                
0000134d  DL_SYSCTL_configFCC                  
000004ed  DL_SYSCTL_configSYSPLL               
00000a71  DL_SYSCTL_setHFCLKSourceHFXTParams   
00000f19  DL_SYSCTL_switchMCLKfromSYSOSCtoHSCLK
00000209  DL_Timer_initFourCCPWMMode           
000013bd  DL_Timer_setCaptCompUpdateMethod     
000015c9  DL_Timer_setCaptureCompareOutCtl     
00001761  DL_Timer_setCaptureCompareValue      
000013d9  DL_Timer_setClockConfig              
00000e41  DL_UART_init                         
0000171f  DL_UART_setClockConfig               
0000107d  DL_UART_transmitDataBlocking         
000017c5  DMA_IRQHandler                       
000017c5  Default_Handler                      
000017c5  GROUP0_IRQHandler                    
000017c5  GROUP1_IRQHandler                    
000017c9  HOSTexit                             
000017c5  HardFault_Handler                    
000017c5  I2C0_IRQHandler                      
000017c5  I2C1_IRQHandler                      
000017c5  NMI_Handler                          
00000b9d  OLED_Clear                           
00001015  OLED_ColorTurn                       
00000e89  OLED_DisplayTurn                     
20200000  OLED_GRAM                            
0000030d  OLED_Init                            
00000669  OLED_Refresh                         
000007d9  OLED_WR_Byte                         
000017c5  PendSV_Handler                       
000017c5  RTC_IRQHandler                       
000017cd  Reset_Handler                        
000017c5  SPI0_IRQHandler                      
000017c5  SPI1_IRQHandler                      
000017c5  SVC_Handler                          
000000c1  SYSCFG_DL_GPIO_init                  
00000bfd  SYSCFG_DL_OLED_init                  
00000ed1  SYSCFG_DL_PRINT_init                 
00000ad5  SYSCFG_DL_PWMA_init                  
00000935  SYSCFG_DL_SERVO_init                 
00000405  SYSCFG_DL_SYSCTL_SYSPLL_init         
0000084d  SYSCFG_DL_SYSCTL_init                
000010ad  SYSCFG_DL_init                       
000006e5  SYSCFG_DL_initPower                  
000017c5  SysTick_Handler                      
000017c5  TIMA0_IRQHandler                     
000017c5  TIMA1_IRQHandler                     
000017c5  TIMG0_IRQHandler                     
000017c5  TIMG12_IRQHandler                    
000017c5  TIMG6_IRQHandler                     
000017c5  TIMG7_IRQHandler                     
000017c5  TIMG8_IRQHandler                     
00001781  TI_memset_small                      
00001049  UART0_IRQHandler                     
000017c5  UART1_IRQHandler                     
000017c5  UART2_IRQHandler                     
000017c5  UART3_IRQHandler                     
00001411  UART_send_char                       
20208000  __STACK_END                          
00000200  __STACK_SIZE                         
00000000  __TI_ATRegion0_region_sz             
00000000  __TI_ATRegion0_src_addr              
00000000  __TI_ATRegion0_trg_addr              
00000000  __TI_ATRegion1_region_sz             
00000000  __TI_ATRegion1_src_addr              
00000000  __TI_ATRegion1_trg_addr              
00000000  __TI_ATRegion2_region_sz             
00000000  __TI_ATRegion2_src_addr              
00000000  __TI_ATRegion2_trg_addr              
00001834  __TI_CINIT_Base                      
0000183c  __TI_CINIT_Limit                     
0000183c  __TI_CINIT_Warm                      
00001830  __TI_Handler_Table_Base              
00001834  __TI_Handler_Table_Limit             
00000fd9  __TI_auto_init_nobinit_nopinit       
ffffffff  __TI_pprof_out_hndl                  
ffffffff  __TI_prof_data_size                  
ffffffff  __TI_prof_data_start                 
00000000  __TI_static_base__                   
00001771  __TI_zero_init                       
00000b39  __aeabi_dcmpeq                       
00000b75  __aeabi_dcmpge                       
00000b89  __aeabi_dcmpgt                       
00000b61  __aeabi_dcmple                       
00000b4d  __aeabi_dcmplt                       
00000b9b  __aeabi_idiv0                        
000017a9  __aeabi_memclr                       
000017a9  __aeabi_memclr4                      
000017a9  __aeabi_memclr8                      
0000123d  __aeabi_ui2d                         
00000f5d  __aeabi_uidiv                        
00000f5d  __aeabi_uidivmod                     
ffffffff  __binit__                            
000009a1  __cmpdf2                             
000009a1  __eqdf2                              
0000123d  __floatunsidf                        
000008c1  __gedf2                              
000008c1  __gtdf2                              
000009a1  __ledf2                              
000009a1  __ltdf2                              
UNDEFED   __mpu_init                           
000009a1  __nedf2                              
20207e00  __stack                              
20200000  __start___llvm_prf_bits              
20200000  __start___llvm_prf_cnts              
20200000  __stop___llvm_prf_bits               
20200000  __stop___llvm_prf_cnts               
000011a5  _c_int00_noargs                      
UNDEFED   _system_post_cinit                   
000017d1  _system_pre_init                     
000017bf  abort                                
ffffffff  binit                                
0000142d  delay_ms                             
20200480  gSERVOBackup                         
00000000  interruptVectors                     
00000761  main                                 
00000a09  motor_init                           
000005c9  motor_set_direction                  
00000df5  motor_set_duty                       


GLOBAL SYMBOLS: SORTED BY Symbol Address 

address   name                                 
-------   ----                                 
00000000  __TI_ATRegion0_region_sz             
00000000  __TI_ATRegion0_src_addr              
00000000  __TI_ATRegion0_trg_addr              
00000000  __TI_ATRegion1_region_sz             
00000000  __TI_ATRegion1_src_addr              
00000000  __TI_ATRegion1_trg_addr              
00000000  __TI_ATRegion2_region_sz             
00000000  __TI_ATRegion2_src_addr              
00000000  __TI_ATRegion2_trg_addr              
00000000  __TI_static_base__                   
00000000  interruptVectors                     
000000c1  SYSCFG_DL_GPIO_init                  
00000200  __STACK_SIZE                         
00000209  DL_Timer_initFourCCPWMMode           
0000030d  OLED_Init                            
00000405  SYSCFG_DL_SYSCTL_SYSPLL_init         
000004ed  DL_SYSCTL_configSYSPLL               
000005c9  motor_set_direction                  
00000669  OLED_Refresh                         
000006e5  SYSCFG_DL_initPower                  
00000761  main                                 
000007d9  OLED_WR_Byte                         
0000084d  SYSCFG_DL_SYSCTL_init                
000008c1  __gedf2                              
000008c1  __gtdf2                              
00000935  SYSCFG_DL_SERVO_init                 
000009a1  __cmpdf2                             
000009a1  __eqdf2                              
000009a1  __ledf2                              
000009a1  __ltdf2                              
000009a1  __nedf2                              
00000a09  motor_init                           
00000a71  DL_SYSCTL_setHFCLKSourceHFXTParams   
00000ad5  SYSCFG_DL_PWMA_init                  
00000b39  __aeabi_dcmpeq                       
00000b4d  __aeabi_dcmplt                       
00000b61  __aeabi_dcmple                       
00000b75  __aeabi_dcmpge                       
00000b89  __aeabi_dcmpgt                       
00000b9b  __aeabi_idiv0                        
00000b9d  OLED_Clear                           
00000bfd  SYSCFG_DL_OLED_init                  
00000c5d  DL_I2C_fillControllerTXFIFO          
00000df5  motor_set_duty                       
00000e41  DL_UART_init                         
00000e89  OLED_DisplayTurn                     
00000ed1  SYSCFG_DL_PRINT_init                 
00000f19  DL_SYSCTL_switchMCLKfromSYSOSCtoHSCLK
00000f5d  __aeabi_uidiv                        
00000f5d  __aeabi_uidivmod                     
00000fd9  __TI_auto_init_nobinit_nopinit       
00001015  OLED_ColorTurn                       
00001049  UART0_IRQHandler                     
0000107d  DL_UART_transmitDataBlocking         
000010ad  SYSCFG_DL_init                       
000011a5  _c_int00_noargs                      
000011f3  DL_I2C_setClockConfig                
0000123d  __aeabi_ui2d                         
0000123d  __floatunsidf                        
0000134d  DL_SYSCTL_configFCC                  
000013bd  DL_Timer_setCaptCompUpdateMethod     
000013d9  DL_Timer_setClockConfig              
00001411  UART_send_char                       
0000142d  delay_ms                             
000015c9  DL_Timer_setCaptureCompareOutCtl     
0000171f  DL_UART_setClockConfig               
00001761  DL_Timer_setCaptureCompareValue      
00001771  __TI_zero_init                       
00001781  TI_memset_small                      
000017a9  __aeabi_memclr                       
000017a9  __aeabi_memclr4                      
000017a9  __aeabi_memclr8                      
000017b5  DL_Common_delayCycles                
000017bf  abort                                
000017c5  ADC0_IRQHandler                      
000017c5  ADC1_IRQHandler                      
000017c5  AES_IRQHandler                       
000017c5  CANFD0_IRQHandler                    
000017c5  DAC0_IRQHandler                      
000017c5  DMA_IRQHandler                       
000017c5  Default_Handler                      
000017c5  GROUP0_IRQHandler                    
000017c5  GROUP1_IRQHandler                    
000017c5  HardFault_Handler                    
000017c5  I2C0_IRQHandler                      
000017c5  I2C1_IRQHandler                      
000017c5  NMI_Handler                          
000017c5  PendSV_Handler                       
000017c5  RTC_IRQHandler                       
000017c5  SPI0_IRQHandler                      
000017c5  SPI1_IRQHandler                      
000017c5  SVC_Handler                          
000017c5  SysTick_Handler                      
000017c5  TIMA0_IRQHandler                     
000017c5  TIMA1_IRQHandler                     
000017c5  TIMG0_IRQHandler                     
000017c5  TIMG12_IRQHandler                    
000017c5  TIMG6_IRQHandler                     
000017c5  TIMG7_IRQHandler                     
000017c5  TIMG8_IRQHandler                     
000017c5  UART1_IRQHandler                     
000017c5  UART2_IRQHandler                     
000017c5  UART3_IRQHandler                     
000017c8  C$$EXIT                              
000017c9  HOSTexit                             
000017cd  Reset_Handler                        
000017d1  _system_pre_init                     
00001830  __TI_Handler_Table_Base              
00001834  __TI_CINIT_Base                      
00001834  __TI_Handler_Table_Limit             
0000183c  __TI_CINIT_Limit                     
0000183c  __TI_CINIT_Warm                      
20200000  OLED_GRAM                            
20200000  __start___llvm_prf_bits              
20200000  __start___llvm_prf_cnts              
20200000  __stop___llvm_prf_bits               
20200000  __stop___llvm_prf_cnts               
20200480  gSERVOBackup                         
20207e00  __stack                              
20208000  __STACK_END                          
ffffffff  __TI_pprof_out_hndl                  
ffffffff  __TI_prof_data_size                  
ffffffff  __TI_prof_data_start                 
ffffffff  __binit__                            
ffffffff  binit                                
UNDEFED   __mpu_init                           
UNDEFED   _system_post_cinit                   

[127 symbols]
