******************************************************************************
            TI ARM Clang Linker PC v4.0.4                      
******************************************************************************
>> Linked Fri Jul 24 23:36:50 2026

OUTPUT FILE NAME:   <09_DC_MOTOR_PID2.out>
ENTRY POINT SYMBOL: "_c_int00_noargs"  address: 000016b1


MEMORY CONFIGURATION

         name            origin    length      used     unused   attr    fill
----------------------  --------  ---------  --------  --------  ----  --------
  FLASH                 00000000   00020000  00001df8  0001e208  R  X
  SRAM                  20200000   00008000  000007e4  0000781c  RW X
  BCR_CONFIG            41c00000   000000ff  00000000  000000ff  R   
  BSL_CONFIG            41c00100   00000080  00000000  00000080  R   


SEGMENT ALLOCATION MAP

run origin  load origin   length   init length attrs members
----------  ----------- ---------- ----------- ----- -------
00000000    00000000    00001df8   00001df8    r-x
  00000000    00000000    000000c0   000000c0    r-- .intvecs
  000000c0    000000c0    00001ca0   00001ca0    r-x .text
  00001d60    00001d60    00000068   00000068    r-- .rodata
  00001dc8    00001dc8    00000030   00000030    r-- .cinit
20200000    20200000    000005e4   00000000    rw-
  20200000    20200000    000005dc   00000000    rw- .bss
  202005dc    202005dc    00000008   00000000    rw- .data
20207e00    20207e00    00000200   00000000    rw-
  20207e00    20207e00    00000200   00000000    rw- .stack


SECTION ALLOCATION MAP

 output                                  attributes/
section   page    origin      length       input sections
--------  ----  ----------  ----------   ----------------
.intvecs   0    00000000    000000c0     
                  00000000    000000c0     startup_mspm0g350x_ticlang.o (.intvecs)

.text      0    000000c0    00001ca0     
                  000000c0    00000148     ti_msp_dl_config.o (.text.SYSCFG_DL_GPIO_init)
                  00000208    00000104     driverlib.a : dl_timer.o (.text.DL_Timer_initFourCCPWMMode)
                  0000030c    000000fc                 : dl_timer.o (.text.DL_Timer_initTimerMode)
                  00000408    000000f8     oled.o (.text.OLED_Init)
                  00000500    000000e8     ti_msp_dl_config.o (.text.SYSCFG_DL_SYSCTL_SYSPLL_init)
                  000005e8    000000e4     libclang_rt.builtins.a : muldf3.S.obj (.text.__muldf3)
                  000006cc    000000dc     driverlib.a : dl_sysctl_mspm0g1x0x_g3x0x.o (.text.DL_SYSCTL_configSYSPLL)
                  000007a8    000000a0     motor.o (.text.motor_set_direction)
                  00000848    0000008c     ti_msp_dl_config.o (.text.SYSCFG_DL_initPower)
                  000008d4    00000082     libclang_rt.builtins.a : divsf3.S.obj (.text.__divsf3)
                  00000956    00000002                            : aeabi_div0.c.obj (.text.__aeabi_idiv0)
                  00000958    00000080     motor.o (.text.calculate_speed)
                  000009d8    0000007c     oled.o (.text.OLED_Refresh)
                  00000a54    0000007c     main.o (.text.main)
                  00000ad0    0000007c     libc.a : copy_decompress_lzss.c.obj (.text:decompress:lzss)
                  00000b4c    00000078     motor.o (.text.motor_init)
                  00000bc4    00000074     oled.o (.text.OLED_WR_Byte)
                  00000c38    00000074     ti_msp_dl_config.o (.text.SYSCFG_DL_SYSCTL_init)
                  00000cac    00000074     libclang_rt.builtins.a : comparedf2.c.obj (.text.__gedf2)
                  00000d20    00000074                            : truncdfsf2.S.obj (.text.__truncdfsf2)
                  00000d94    0000006c     ti_msp_dl_config.o (.text.SYSCFG_DL_SERVO_init)
                  00000e00    00000068     libclang_rt.builtins.a : comparedf2.c.obj (.text.__ledf2)
                  00000e68    00000064     driverlib.a : dl_sysctl_mspm0g1x0x_g3x0x.o (.text.DL_SYSCTL_setHFCLKSourceHFXTParams)
                  00000ecc    00000064     ti_msp_dl_config.o (.text.SYSCFG_DL_PWMA_init)
                  00000f30    00000062     libclang_rt.builtins.a : aeabi_dcmp.S.obj (.text.__aeabi_dcmp)
                  00000f92    00000002     --HOLE-- [fill = 0]
                  00000f94    00000060     oled.o (.text.OLED_Clear)
                  00000ff4    00000060     ti_msp_dl_config.o (.text.SYSCFG_DL_OLED_init)
                  00001054    0000005e     driverlib.a : dl_i2c.o (.text.DL_I2C_fillControllerTXFIFO)
                  000010b2    00000002     --HOLE-- [fill = 0]
                  000010b4    00000050     ti_msp_dl_config.o (.text.DL_GPIO_initPeripheralInputFunctionFeatures)
                  00001104    00000050     oled.o (.text.DL_I2C_startControllerTransfer)
                  00001154    0000004c     ti_msp_dl_config.o (.text.DL_GPIO_initDigitalInputFeatures)
                  000011a0    0000004c     ti_msp_dl_config.o (.text.DL_UART_setBaudRateDivisor)
                  000011ec    0000004c     motor.o (.text.motor_set_duty)
                  00001238    00000048     driverlib.a : dl_uart.o (.text.DL_UART_init)
                  00001280    00000048     oled.o (.text.OLED_DisplayTurn)
                  000012c8    00000048     ti_msp_dl_config.o (.text.SYSCFG_DL_PRINT_init)
                  00001310    00000044     driverlib.a : dl_sysctl_mspm0g1x0x_g3x0x.o (.text.DL_SYSCTL_switchMCLKfromSYSOSCtoHSCLK)
                  00001354    00000040     libclang_rt.builtins.a : aeabi_uidivmod.S.obj (.text.__aeabi_uidivmod)
                  00001394    00000040                            : extendsfdf2.S.obj (.text.__extendsfdf2)
                  000013d4    0000003c     ti_msp_dl_config.o (.text.DL_Timer_setCounterControl)
                  00001410    0000003c     ti_msp_dl_config.o (.text.SYSCFG_DL_init)
                  0000144c    0000003c     libc.a : autoinit.c.obj (.text:__TI_auto_init_nobinit_nopinit)
                  00001488    0000003a     libclang_rt.builtins.a : muldsi3.S.obj (.text.__muldsi3)
                  000014c2    00000034     oled.o (.text.OLED_ColorTurn)
                  000014f6    00000002     --HOLE-- [fill = 0]
                  000014f8    00000034     ti_msp_dl_config.o (.text.SYSCFG_DL_MOTOR_PID_init)
                  0000152c    00000034     uart.o (.text.UART0_IRQHandler)
                  00001560    00000030     driverlib.a : dl_uart.o (.text.DL_UART_transmitDataBlocking)
                  00001590    0000002c     main.o (.text.__NVIC_EnableIRQ)
                  000015bc    0000002c     motor.o (.text.__NVIC_EnableIRQ)
                  000015e8    00000028     oled.o (.text.DL_Common_updateReg)
                  00001610    00000028     ti_msp_dl_config.o (.text.DL_Common_updateReg)
                  00001638    00000028     ti_msp_dl_config.o (.text.DL_I2C_setControllerRXFIFOThreshold)
                  00001660    00000028     ti_msp_dl_config.o (.text.DL_I2C_setControllerTXFIFOThreshold)
                  00001688    00000028     libclang_rt.builtins.a : floatunsisf.S.obj (.text.__floatunsisf)
                  000016b0    00000028     libc.a : boot_cortex_m.c.obj (.text:_c_int00_noargs)
                  000016d8    00000026     ti_msp_dl_config.o (.text.DL_I2C_setAnalogGlitchFilterPulseWidth)
                  000016fe    00000026     driverlib.a : dl_i2c.o (.text.DL_I2C_setClockConfig)
                  00001724    00000024     ti_msp_dl_config.o (.text.DL_I2C_setDigitalGlitchFilterPulseWidth)
                  00001748    00000024     libclang_rt.builtins.a : floatunsidf.S.obj (.text.__floatunsidf)
                  0000176c    00000020     ti_msp_dl_config.o (.text.DL_GPIO_initPeripheralInputFunction)
                  0000178c    00000020     ti_msp_dl_config.o (.text.DL_SYSCTL_setFlashWaitState)
                  000017ac    00000020     motor.o (.text.TIMA0_IRQHandler)
                  000017cc    0000001e     ti_msp_dl_config.o (.text.DL_UART_setOversampling)
                  000017ea    00000002     --HOLE-- [fill = 0]
                  000017ec    0000001c     ti_msp_dl_config.o (.text.DL_GPIO_clearInterruptStatus)
                  00001808    0000001c     ti_msp_dl_config.o (.text.DL_GPIO_enableHiZ)
                  00001824    0000001c     ti_msp_dl_config.o (.text.DL_GPIO_enableInterrupt)
                  00001840    0000001c     ti_msp_dl_config.o (.text.DL_GPIO_initPeripheralOutputFunction)
                  0000185c    0000001c     ti_msp_dl_config.o (.text.DL_GPIO_setLowerPinsPolarity)
                  00001878    0000001c     driverlib.a : dl_sysctl_mspm0g1x0x_g3x0x.o (.text.DL_SYSCTL_configFCC)
                  00001894    0000001c     ti_msp_dl_config.o (.text.DL_SYSCTL_setFCCPeriods)
                  000018b0    0000001c     ti_msp_dl_config.o (.text.DL_SYSCTL_setSYSOSCFreq)
                  000018cc    0000001c     ti_msp_dl_config.o (.text.DL_SYSCTL_setULPCLKDivider)
                  000018e8    0000001c     ti_msp_dl_config.o (.text.DL_Timer_enableInterrupt)
                  00001904    0000001c     driverlib.a : dl_timer.o (.text.DL_Timer_setCaptCompUpdateMethod)
                  00001920    0000001c                 : dl_timer.o (.text.DL_Timer_setClockConfig)
                  0000193c    0000001c     ti_msp_dl_config.o (.text.DL_UART_enableInterrupt)
                  00001958    0000001c     uart.o (.text.UART_send_char)
                  00001974    0000001c     delay.o (.text.delay_ms)
                  00001990    00000018     ti_msp_dl_config.o (.text.DL_GPIO_enableOutput)
                  000019a8    00000018     ti_msp_dl_config.o (.text.DL_GPIO_enablePower)
                  000019c0    00000018     ti_msp_dl_config.o (.text.DL_GPIO_initDigitalOutput)
                  000019d8    00000018     ti_msp_dl_config.o (.text.DL_GPIO_initPeripheralAnalogFunction)
                  000019f0    00000018     ti_msp_dl_config.o (.text.DL_GPIO_reset)
                  00001a08    00000018     motor.o (.text.DL_GPIO_setPins)
                  00001a20    00000018     ti_msp_dl_config.o (.text.DL_GPIO_setUpperPinsPolarity)
                  00001a38    00000018     ti_msp_dl_config.o (.text.DL_I2C_enableAnalogGlitchFilter)
                  00001a50    00000018     ti_msp_dl_config.o (.text.DL_I2C_enableController)
                  00001a68    00000018     ti_msp_dl_config.o (.text.DL_I2C_enableControllerClockStretching)
                  00001a80    00000018     ti_msp_dl_config.o (.text.DL_I2C_enablePower)
                  00001a98    00000018     ti_msp_dl_config.o (.text.DL_I2C_reset)
                  00001ab0    00000018     ti_msp_dl_config.o (.text.DL_I2C_setTimerPeriod)
                  00001ac8    00000018     ti_msp_dl_config.o (.text.DL_SYSCTL_setBORThreshold)
                  00001ae0    00000018     ti_msp_dl_config.o (.text.DL_Timer_enablePower)
                  00001af8    00000018     ti_msp_dl_config.o (.text.DL_Timer_reset)
                  00001b10    00000018     driverlib.a : dl_timer.o (.text.DL_Timer_setCaptureCompareOutCtl)
                  00001b28    00000018     main.o (.text.DL_Timer_startCounter)
                  00001b40    00000018     motor.o (.text.DL_Timer_startCounter)
                  00001b58    00000018     ti_msp_dl_config.o (.text.DL_UART_enablePower)
                  00001b70    00000018     ti_msp_dl_config.o (.text.DL_UART_reset)
                  00001b88    00000016     ti_msp_dl_config.o (.text.DL_UART_enable)
                  00001b9e    00000014     motor.o (.text.DL_GPIO_clearPins)
                  00001bb2    00000014     ti_msp_dl_config.o (.text.DL_GPIO_clearPins)
                  00001bc6    00000002     --HOLE-- [fill = 0]
                  00001bc8    00000014     oled.o (.text.DL_I2C_getControllerStatus)
                  00001bdc    00000014     ti_msp_dl_config.o (.text.DL_I2C_resetControllerTransfer)
                  00001bf0    00000014     ti_msp_dl_config.o (.text.DL_SYSCTL_disableSYSPLL)
                  00001c04    00000014     ti_msp_dl_config.o (.text.DL_SYSCTL_enableSYSPLL)
                  00001c18    00000014     ti_msp_dl_config.o (.text.DL_Timer_enableClock)
                  00001c2c    00000014     ti_msp_dl_config.o (.text.DL_Timer_setCCPDirection)
                  00001c40    00000014     uart.o (.text.DL_UART_receiveData)
                  00001c54    00000012     motor.o (.text.DL_Timer_getPendingInterrupt)
                  00001c66    00000012     uart.o (.text.DL_UART_getPendingInterrupt)
                  00001c78    00000012     driverlib.a : dl_uart.o (.text.DL_UART_setClockConfig)
                  00001c8a    00000012     libc.a : memcpy16.S.obj (.text:TI_memcpy_small)
                  00001c9c    00000012            : copy_decompress_none.c.obj (.text:decompress:none)
                  00001cae    00000002     --HOLE-- [fill = 0]
                  00001cb0    00000010     ti_msp_dl_config.o (.text.DL_SYSCTL_disableHFXT)
                  00001cc0    00000010     ti_msp_dl_config.o (.text.DL_SYSCTL_isFCCDone)
                  00001cd0    00000010     ti_msp_dl_config.o (.text.DL_SYSCTL_startFCC)
                  00001ce0    00000010     driverlib.a : dl_timer.o (.text.DL_Timer_setCaptureCompareValue)
                  00001cf0    00000010     libc.a : copy_zero_init.c.obj (.text:decompress:ZI)
                  00001d00    0000000e            : memset16.S.obj (.text:TI_memset_small)
                  00001d0e    00000002     --HOLE-- [fill = 0]
                  00001d10    0000000c     ti_msp_dl_config.o (.text.DL_SYSCTL_getClockStatus)
                  00001d1c    0000000c     ti_msp_dl_config.o (.text.DL_SYSCTL_readFCC)
                  00001d28    0000000c     libclang_rt.builtins.a : aeabi_memset.S.obj (.text.__aeabi_memclr)
                  00001d34    0000000a     driverlib.a : dl_common.o (.text.DL_Common_delayCycles)
                  00001d3e    00000002     --HOLE-- [fill = 0]
                  00001d40    00000008     libclang_rt.builtins.a : aeabi_memcpy.S.obj (.text.__aeabi_memcpy)
                  00001d48    00000006     libc.a : exit.c.obj (.text:abort)
                  00001d4e    00000004     startup_mspm0g350x_ticlang.o (.text.Default_Handler)
                  00001d52    00000004     libsysbm.a : hostexit.c.obj (.text.HOSTexit)
                  00001d56    00000004     startup_mspm0g350x_ticlang.o (.text.Reset_Handler)
                  00001d5a    00000004     libc.a : pre_init.c.obj (.text._system_pre_init)
                  00001d5e    00000002     --HOLE-- [fill = 0]

.cinit     0    00001dc8    00000030     
                  00001dc8    0000000c     (__TI_handler_table)
                  00001dd4    00000008     (.cinit..bss.load) [load image, compression = zero_init]
                  00001ddc    00000007     (.cinit..data.load) [load image, compression = lzss]
                  00001de3    00000001     --HOLE-- [fill = 0]
                  00001de4    00000010     (__TI_cinit_table)
                  00001df4    00000004     --HOLE-- [fill = 0]

.rodata    0    00001d60    00000068     
                  00001d60    00000028     ti_msp_dl_config.o (.rodata.gSYSPLLConfig)
                  00001d88    00000014     ti_msp_dl_config.o (.rodata.gMOTOR_PIDTimerConfig)
                  00001d9c    0000000a     ti_msp_dl_config.o (.rodata.gPRINTConfig)
                  00001da6    00000002     ti_msp_dl_config.o (.rodata.gOLEDClockConfig)
                  00001da8    00000008     ti_msp_dl_config.o (.rodata.gPWMAConfig)
                  00001db0    00000008     ti_msp_dl_config.o (.rodata.gSERVOConfig)
                  00001db8    00000003     ti_msp_dl_config.o (.rodata.gMOTOR_PIDClockConfig)
                  00001dbb    00000003     ti_msp_dl_config.o (.rodata.gPWMAClockConfig)
                  00001dbe    00000003     ti_msp_dl_config.o (.rodata.gSERVOClockConfig)
                  00001dc1    00000002     ti_msp_dl_config.o (.rodata.gPRINTClockConfig)
                  00001dc3    00000005     --HOLE-- [fill = 0]

.init_array 
*          0    00000000    00000000     UNINITIALIZED

.binit     0    00000000    00000000     

.bss       0    20200000    000005dc     UNINITIALIZED
                  20200000    00000480     (.common:OLED_GRAM)
                  20200480    000000bc     (.common:gMOTOR_PIDBackup)
                  2020053c    000000a0     (.common:gSERVOBackup)

.data      0    202005dc    00000008     UNINITIALIZED
                  202005dc    00000004     key.o (.data.counter_1_A)
                  202005e0    00000004     motor.o (.data.speed_1)

.stack     0    20207e00    00000200     UNINITIALIZED
                  20207e00    00000004     libc.a : boot_cortex_m.c.obj (.stack)
                  20207e04    000001fc     --HOLE--

__llvm_prf_cnts 
*          0    20200000    00000000     UNINITIALIZED

__llvm_prf_bits 
*          0    20200000    00000000     UNINITIALIZED

MODULE SUMMARY

       Module                         code   ro data   rw data
       ------                         ----   -------   -------
    .\
       ti_msp_dl_config.o             2786   99        348    
       startup_mspm0g350x_ticlang.o   8      192       0      
       main.o                         192    0         0      
    +--+------------------------------+------+---------+---------+
       Total:                         2986   291       348    
                                                              
    .\user_driver\
       oled.o                         848    0         1152   
       motor.o                        646    0         4      
       uart.o                         118    0         0      
       delay.o                        28     0         0      
       key.o                          0      0         4      
    +--+------------------------------+------+---------+---------+
       Total:                         1640   0         1160   
                                                              
    G:/electronic/ti/ccs2050/mspm0_sdk_2_11_00_07/source/ti/driverlib/lib/ticlang/m0p/mspm0g1x0x_g3x0x/driverlib.a
       dl_timer.o                     608    0         0      
       dl_sysctl_mspm0g1x0x_g3x0x.o   416    0         0      
       dl_uart.o                      138    0         0      
       dl_i2c.o                       132    0         0      
       dl_common.o                    10     0         0      
    +--+------------------------------+------+---------+---------+
       Total:                         1304   0         0      
                                                              
    G:\electronic\ti\ccs2050\ccs\tools\compiler\ti-cgt-armllvm_4.0.4.LTS\lib\armv6m-ti-none-eabi/c/libc.a
       copy_decompress_lzss.c.obj     124    0         0      
       autoinit.c.obj                 60     0         0      
       boot_cortex_m.c.obj            40     0         0      
       copy_decompress_none.c.obj     18     0         0      
       memcpy16.S.obj                 18     0         0      
       copy_zero_init.c.obj           16     0         0      
       memset16.S.obj                 14     0         0      
       exit.c.obj                     6      0         0      
       pre_init.c.obj                 4      0         0      
    +--+------------------------------+------+---------+---------+
       Total:                         300    0         0      
                                                              
    G:\electronic\ti\ccs2050\ccs\tools\compiler\ti-cgt-armllvm_4.0.4.LTS\lib\armv6m-ti-none-eabi/c/libsysbm.a
       hostexit.c.obj                 4      0         0      
    +--+------------------------------+------+---------+---------+
       Total:                         4      0         0      
                                                              
    G:\electronic\ti\ccs2050\ccs\tools\compiler\ti-cgt-armllvm_4.0.4.LTS\lib\armv6m-ti-none-eabi/libclang_rt.builtins.a
       muldf3.S.obj                   228    0         0      
       comparedf2.c.obj               220    0         0      
       divsf3.S.obj                   130    0         0      
       truncdfsf2.S.obj               116    0         0      
       aeabi_dcmp.S.obj               98     0         0      
       aeabi_uidivmod.S.obj           64     0         0      
       extendsfdf2.S.obj              64     0         0      
       muldsi3.S.obj                  58     0         0      
       floatunsisf.S.obj              40     0         0      
       floatunsidf.S.obj              36     0         0      
       aeabi_memset.S.obj             12     0         0      
       aeabi_memcpy.S.obj             8      0         0      
       aeabi_div0.c.obj               2      0         0      
    +--+------------------------------+------+---------+---------+
       Total:                         1076   0         0      
                                                              
       Stack:                         0      0         512    
       Linker Generated:              0      43        0      
    +--+------------------------------+------+---------+---------+
       Grand Total:                   7310   334       2020   


LINKER GENERATED COPY TABLES

__TI_cinit_table @ 00001de4 records: 2, size/record: 8, table size: 16
	.bss: load addr=00001dd4, load size=00000008 bytes, run addr=20200000, run size=000005dc bytes, compression=zero_init
	.data: load addr=00001ddc, load size=00000007 bytes, run addr=202005dc, run size=00000008 bytes, compression=lzss


LINKER GENERATED HANDLER TABLE

__TI_handler_table @ 00001dc8 records: 3, size/record: 4, table size: 12
	index: 0, handler: __TI_decompress_lzss
	index: 1, handler: __TI_decompress_none
	index: 2, handler: __TI_zero_init


GLOBAL SYMBOLS: SORTED ALPHABETICALLY BY Name 

address   name                                 
-------   ----                                 
00001d4f  ADC0_IRQHandler                      
00001d4f  ADC1_IRQHandler                      
00001d4f  AES_IRQHandler                       
00001d52  C$$EXIT                              
00001d4f  CANFD0_IRQHandler                    
00001d4f  DAC0_IRQHandler                      
00001d35  DL_Common_delayCycles                
00001055  DL_I2C_fillControllerTXFIFO          
000016ff  DL_I2C_setClockConfig                
00001879  DL_SYSCTL_configFCC                  
000006cd  DL_SYSCTL_configSYSPLL               
00000e69  DL_SYSCTL_setHFCLKSourceHFXTParams   
00001311  DL_SYSCTL_switchMCLKfromSYSOSCtoHSCLK
00000209  DL_Timer_initFourCCPWMMode           
0000030d  DL_Timer_initTimerMode               
00001905  DL_Timer_setCaptCompUpdateMethod     
00001b11  DL_Timer_setCaptureCompareOutCtl     
00001ce1  DL_Timer_setCaptureCompareValue      
00001921  DL_Timer_setClockConfig              
00001239  DL_UART_init                         
00001c79  DL_UART_setClockConfig               
00001561  DL_UART_transmitDataBlocking         
00001d4f  DMA_IRQHandler                       
00001d4f  Default_Handler                      
00001d4f  GROUP0_IRQHandler                    
00001d4f  GROUP1_IRQHandler                    
00001d53  HOSTexit                             
00001d4f  HardFault_Handler                    
00001d4f  I2C0_IRQHandler                      
00001d4f  I2C1_IRQHandler                      
00001d4f  NMI_Handler                          
00000f95  OLED_Clear                           
000014c3  OLED_ColorTurn                       
00001281  OLED_DisplayTurn                     
20200000  OLED_GRAM                            
00000409  OLED_Init                            
000009d9  OLED_Refresh                         
00000bc5  OLED_WR_Byte                         
00001d4f  PendSV_Handler                       
00001d4f  RTC_IRQHandler                       
00001d57  Reset_Handler                        
00001d4f  SPI0_IRQHandler                      
00001d4f  SPI1_IRQHandler                      
00001d4f  SVC_Handler                          
000000c1  SYSCFG_DL_GPIO_init                  
000014f9  SYSCFG_DL_MOTOR_PID_init             
00000ff5  SYSCFG_DL_OLED_init                  
000012c9  SYSCFG_DL_PRINT_init                 
00000ecd  SYSCFG_DL_PWMA_init                  
00000d95  SYSCFG_DL_SERVO_init                 
00000501  SYSCFG_DL_SYSCTL_SYSPLL_init         
00000c39  SYSCFG_DL_SYSCTL_init                
00001411  SYSCFG_DL_init                       
00000849  SYSCFG_DL_initPower                  
00001d4f  SysTick_Handler                      
000017ad  TIMA0_IRQHandler                     
00001d4f  TIMA1_IRQHandler                     
00001d4f  TIMG0_IRQHandler                     
00001d4f  TIMG12_IRQHandler                    
00001d4f  TIMG6_IRQHandler                     
00001d4f  TIMG7_IRQHandler                     
00001d4f  TIMG8_IRQHandler                     
00001c8b  TI_memcpy_small                      
00001d01  TI_memset_small                      
0000152d  UART0_IRQHandler                     
00001d4f  UART1_IRQHandler                     
00001d4f  UART2_IRQHandler                     
00001d4f  UART3_IRQHandler                     
00001959  UART_send_char                       
20208000  __STACK_END                          
00000200  __STACK_SIZE                         
00000000  __TI_ATRegion0_region_sz             
00000000  __TI_ATRegion0_src_addr              
00000000  __TI_ATRegion0_trg_addr              
00000000  __TI_ATRegion1_region_sz             
00000000  __TI_ATRegion1_src_addr              
00000000  __TI_ATRegion1_trg_addr              
00000000  __TI_ATRegion2_region_sz             
00000000  __TI_ATRegion2_src_addr              
00000000  __TI_ATRegion2_trg_addr              
00001de4  __TI_CINIT_Base                      
00001df4  __TI_CINIT_Limit                     
00001df4  __TI_CINIT_Warm                      
00001dc8  __TI_Handler_Table_Base              
00001dd4  __TI_Handler_Table_Limit             
0000144d  __TI_auto_init_nobinit_nopinit       
00000ad1  __TI_decompress_lzss                 
00001c9d  __TI_decompress_none                 
ffffffff  __TI_pprof_out_hndl                  
ffffffff  __TI_prof_data_size                  
ffffffff  __TI_prof_data_start                 
00000000  __TI_static_base__                   
00001cf1  __TI_zero_init                       
00000d21  __aeabi_d2f                          
00000f31  __aeabi_dcmpeq                       
00000f6d  __aeabi_dcmpge                       
00000f81  __aeabi_dcmpgt                       
00000f59  __aeabi_dcmple                       
00000f45  __aeabi_dcmplt                       
000005e9  __aeabi_dmul                         
00001395  __aeabi_f2d                          
000008d5  __aeabi_fdiv                         
00000957  __aeabi_idiv0                        
00001d29  __aeabi_memclr                       
00001d29  __aeabi_memclr4                      
00001d29  __aeabi_memclr8                      
00001d41  __aeabi_memcpy                       
00001d41  __aeabi_memcpy4                      
00001d41  __aeabi_memcpy8                      
00001749  __aeabi_ui2d                         
00001689  __aeabi_ui2f                         
00001355  __aeabi_uidiv                        
00001355  __aeabi_uidivmod                     
ffffffff  __binit__                            
00000e01  __cmpdf2                             
000008d5  __divsf3                             
00000e01  __eqdf2                              
00001395  __extendsfdf2                        
00001749  __floatunsidf                        
00001689  __floatunsisf                        
00000cad  __gedf2                              
00000cad  __gtdf2                              
00000e01  __ledf2                              
00000e01  __ltdf2                              
UNDEFED   __mpu_init                           
000005e9  __muldf3                             
00001489  __muldsi3                            
00000e01  __nedf2                              
20207e00  __stack                              
20200000  __start___llvm_prf_bits              
20200000  __start___llvm_prf_cnts              
20200000  __stop___llvm_prf_bits               
20200000  __stop___llvm_prf_cnts               
00000d21  __truncdfsf2                         
000016b1  _c_int00_noargs                      
UNDEFED   _system_post_cinit                   
00001d5b  _system_pre_init                     
00001d49  abort                                
ffffffff  binit                                
00000959  calculate_speed                      
202005dc  counter_1_A                          
00001975  delay_ms                             
20200480  gMOTOR_PIDBackup                     
2020053c  gSERVOBackup                         
00000000  interruptVectors                     
00000a55  main                                 
00000b4d  motor_init                           
000007a9  motor_set_direction                  
000011ed  motor_set_duty                       
202005e0  speed_1                              


GLOBAL SYMBOLS: SORTED BY Symbol Address 

address   name                                 
-------   ----                                 
00000000  __TI_ATRegion0_region_sz             
00000000  __TI_ATRegion0_src_addr              
00000000  __TI_ATRegion0_trg_addr              
00000000  __TI_ATRegion1_region_sz             
00000000  __TI_ATRegion1_src_addr              
00000000  __TI_ATRegion1_trg_addr              
00000000  __TI_ATRegion2_region_sz             
00000000  __TI_ATRegion2_src_addr              
00000000  __TI_ATRegion2_trg_addr              
00000000  __TI_static_base__                   
00000000  interruptVectors                     
000000c1  SYSCFG_DL_GPIO_init                  
00000200  __STACK_SIZE                         
00000209  DL_Timer_initFourCCPWMMode           
0000030d  DL_Timer_initTimerMode               
00000409  OLED_Init                            
00000501  SYSCFG_DL_SYSCTL_SYSPLL_init         
000005e9  __aeabi_dmul                         
000005e9  __muldf3                             
000006cd  DL_SYSCTL_configSYSPLL               
000007a9  motor_set_direction                  
00000849  SYSCFG_DL_initPower                  
000008d5  __aeabi_fdiv                         
000008d5  __divsf3                             
00000957  __aeabi_idiv0                        
00000959  calculate_speed                      
000009d9  OLED_Refresh                         
00000a55  main                                 
00000ad1  __TI_decompress_lzss                 
00000b4d  motor_init                           
00000bc5  OLED_WR_Byte                         
00000c39  SYSCFG_DL_SYSCTL_init                
00000cad  __gedf2                              
00000cad  __gtdf2                              
00000d21  __aeabi_d2f                          
00000d21  __truncdfsf2                         
00000d95  SYSCFG_DL_SERVO_init                 
00000e01  __cmpdf2                             
00000e01  __eqdf2                              
00000e01  __ledf2                              
00000e01  __ltdf2                              
00000e01  __nedf2                              
00000e69  DL_SYSCTL_setHFCLKSourceHFXTParams   
00000ecd  SYSCFG_DL_PWMA_init                  
00000f31  __aeabi_dcmpeq                       
00000f45  __aeabi_dcmplt                       
00000f59  __aeabi_dcmple                       
00000f6d  __aeabi_dcmpge                       
00000f81  __aeabi_dcmpgt                       
00000f95  OLED_Clear                           
00000ff5  SYSCFG_DL_OLED_init                  
00001055  DL_I2C_fillControllerTXFIFO          
000011ed  motor_set_duty                       
00001239  DL_UART_init                         
00001281  OLED_DisplayTurn                     
000012c9  SYSCFG_DL_PRINT_init                 
00001311  DL_SYSCTL_switchMCLKfromSYSOSCtoHSCLK
00001355  __aeabi_uidiv                        
00001355  __aeabi_uidivmod                     
00001395  __aeabi_f2d                          
00001395  __extendsfdf2                        
00001411  SYSCFG_DL_init                       
0000144d  __TI_auto_init_nobinit_nopinit       
00001489  __muldsi3                            
000014c3  OLED_ColorTurn                       
000014f9  SYSCFG_DL_MOTOR_PID_init             
0000152d  UART0_IRQHandler                     
00001561  DL_UART_transmitDataBlocking         
00001689  __aeabi_ui2f                         
00001689  __floatunsisf                        
000016b1  _c_int00_noargs                      
000016ff  DL_I2C_setClockConfig                
00001749  __aeabi_ui2d                         
00001749  __floatunsidf                        
000017ad  TIMA0_IRQHandler                     
00001879  DL_SYSCTL_configFCC                  
00001905  DL_Timer_setCaptCompUpdateMethod     
00001921  DL_Timer_setClockConfig              
00001959  UART_send_char                       
00001975  delay_ms                             
00001b11  DL_Timer_setCaptureCompareOutCtl     
00001c79  DL_UART_setClockConfig               
00001c8b  TI_memcpy_small                      
00001c9d  __TI_decompress_none                 
00001ce1  DL_Timer_setCaptureCompareValue      
00001cf1  __TI_zero_init                       
00001d01  TI_memset_small                      
00001d29  __aeabi_memclr                       
00001d29  __aeabi_memclr4                      
00001d29  __aeabi_memclr8                      
00001d35  DL_Common_delayCycles                
00001d41  __aeabi_memcpy                       
00001d41  __aeabi_memcpy4                      
00001d41  __aeabi_memcpy8                      
00001d49  abort                                
00001d4f  ADC0_IRQHandler                      
00001d4f  ADC1_IRQHandler                      
00001d4f  AES_IRQHandler                       
00001d4f  CANFD0_IRQHandler                    
00001d4f  DAC0_IRQHandler                      
00001d4f  DMA_IRQHandler                       
00001d4f  Default_Handler                      
00001d4f  GROUP0_IRQHandler                    
00001d4f  GROUP1_IRQHandler                    
00001d4f  HardFault_Handler                    
00001d4f  I2C0_IRQHandler                      
00001d4f  I2C1_IRQHandler                      
00001d4f  NMI_Handler                          
00001d4f  PendSV_Handler                       
00001d4f  RTC_IRQHandler                       
00001d4f  SPI0_IRQHandler                      
00001d4f  SPI1_IRQHandler                      
00001d4f  SVC_Handler                          
00001d4f  SysTick_Handler                      
00001d4f  TIMA1_IRQHandler                     
00001d4f  TIMG0_IRQHandler                     
00001d4f  TIMG12_IRQHandler                    
00001d4f  TIMG6_IRQHandler                     
00001d4f  TIMG7_IRQHandler                     
00001d4f  TIMG8_IRQHandler                     
00001d4f  UART1_IRQHandler                     
00001d4f  UART2_IRQHandler                     
00001d4f  UART3_IRQHandler                     
00001d52  C$$EXIT                              
00001d53  HOSTexit                             
00001d57  Reset_Handler                        
00001d5b  _system_pre_init                     
00001dc8  __TI_Handler_Table_Base              
00001dd4  __TI_Handler_Table_Limit             
00001de4  __TI_CINIT_Base                      
00001df4  __TI_CINIT_Limit                     
00001df4  __TI_CINIT_Warm                      
20200000  OLED_GRAM                            
20200000  __start___llvm_prf_bits              
20200000  __start___llvm_prf_cnts              
20200000  __stop___llvm_prf_bits               
20200000  __stop___llvm_prf_cnts               
20200480  gMOTOR_PIDBackup                     
2020053c  gSERVOBackup                         
202005dc  counter_1_A                          
202005e0  speed_1                              
20207e00  __stack                              
20208000  __STACK_END                          
ffffffff  __TI_pprof_out_hndl                  
ffffffff  __TI_prof_data_size                  
ffffffff  __TI_prof_data_start                 
ffffffff  __binit__                            
ffffffff  binit                                
UNDEFED   __mpu_init                           
UNDEFED   _system_post_cinit                   

[150 symbols]
